Component: ARM Compiler 5.06 update 6 (build 750) Tool: armlink [4d35ed]

==============================================================================

Section Cross References

    startup_stm32f030x8.o(STACK) refers (Special) to heapauxi.o(.text) for __use_two_region_memory
    startup_stm32f030x8.o(HEAP) refers (Special) to heapauxi.o(.text) for __use_two_region_memory
    startup_stm32f030x8.o(RESET) refers (Special) to heapauxi.o(.text) for __use_two_region_memory
    startup_stm32f030x8.o(RESET) refers to startup_stm32f030x8.o(STACK) for __initial_sp
    startup_stm32f030x8.o(RESET) refers to startup_stm32f030x8.o(.text) for Reset_Handler
    startup_stm32f030x8.o(RESET) refers to stm32f0xx_it.o(i.NMI_Handler) for NMI_Handler
    startup_stm32f030x8.o(RESET) refers to stm32f0xx_it.o(i.HardFault_Handler) for HardFault_Handler
    startup_stm32f030x8.o(RESET) refers to stm32f0xx_it.o(i.SVC_Handler) for SVC_Handler
    startup_stm32f030x8.o(RESET) refers to stm32f0xx_it.o(i.PendSV_Handler) for PendSV_Handler
    startup_stm32f030x8.o(RESET) refers to stm32f0xx_it.o(i.SysTick_Handler) for SysTick_Handler
    startup_stm32f030x8.o(RESET) refers to stm32f0xx_it.o(i.DMA1_Channel2_3_IRQHandler) for DMA1_Channel2_3_IRQHandler
    startup_stm32f030x8.o(RESET) refers to stm32f0xx_it.o(i.DMA1_Channel4_5_IRQHandler) for DMA1_Channel4_5_IRQHandler
    startup_stm32f030x8.o(RESET) refers to stm32f0xx_it.o(i.USART1_IRQHandler) for USART1_IRQHandler
    startup_stm32f030x8.o(RESET) refers to stm32f0xx_it.o(i.USART2_IRQHandler) for USART2_IRQHandler
    startup_stm32f030x8.o(.text) refers (Special) to heapauxi.o(.text) for __use_two_region_memory
    startup_stm32f030x8.o(.text) refers to system_stm32f0xx.o(i.SystemInit) for SystemInit
    startup_stm32f030x8.o(.text) refers to __main.o(!!!main) for __main
    startup_stm32f030x8.o(.text) refers to startup_stm32f030x8.o(HEAP) for Heap_Mem
    startup_stm32f030x8.o(.text) refers to startup_stm32f030x8.o(STACK) for Stack_Mem
    main.o(i.HAL_UART_TxCpltCallback) refers to uart_dma.o(i.UART_DMA_TxCplt_Callback) for UART_DMA_TxCplt_Callback
    main.o(i.HAL_UART_TxCpltCallback) refers to main.o(.bss) for .bss
    main.o(i.MX_GPIO_Init) refers to rt_memclr.o(.text) for __aeabi_memclr4
    main.o(i.MX_GPIO_Init) refers to stm32f0xx_hal_gpio.o(i.HAL_GPIO_WritePin) for HAL_GPIO_WritePin
    main.o(i.MX_GPIO_Init) refers to stm32f0xx_hal_gpio.o(i.HAL_GPIO_Init) for HAL_GPIO_Init
    main.o(i.MX_USART1_UART_Init) refers to stm32f0xx_hal_uart.o(i.HAL_UART_Init) for HAL_UART_Init
    main.o(i.MX_USART1_UART_Init) refers to main.o(.bss) for .bss
    main.o(i.MX_USART2_UART_Init) refers to stm32f0xx_hal_uart.o(i.HAL_UART_Init) for HAL_UART_Init
    main.o(i.MX_USART2_UART_Init) refers to main.o(.bss) for .bss
    main.o(i.SystemClock_Config) refers to rt_memclr.o(.text) for __aeabi_memclr4
    main.o(i.SystemClock_Config) refers to stm32f0xx_hal_rcc.o(i.HAL_RCC_OscConfig) for HAL_RCC_OscConfig
    main.o(i.SystemClock_Config) refers to stm32f0xx_hal_rcc.o(i.HAL_RCC_ClockConfig) for HAL_RCC_ClockConfig
    main.o(i.SystemClock_Config) refers to stm32f0xx_hal_rcc_ex.o(i.HAL_RCCEx_PeriphCLKConfig) for HAL_RCCEx_PeriphCLKConfig
    main.o(i.main) refers to stm32f0xx_hal.o(i.HAL_Init) for HAL_Init
    main.o(i.main) refers to main.o(i.SystemClock_Config) for SystemClock_Config
    main.o(i.main) refers to main.o(i.MX_GPIO_Init) for MX_GPIO_Init
    main.o(i.main) refers to stm32f0xx_hal_cortex.o(i.HAL_NVIC_SetPriority) for HAL_NVIC_SetPriority
    main.o(i.main) refers to stm32f0xx_hal_cortex.o(i.HAL_NVIC_EnableIRQ) for HAL_NVIC_EnableIRQ
    main.o(i.main) refers to main.o(i.MX_USART2_UART_Init) for MX_USART2_UART_Init
    main.o(i.main) refers to stm32f0xx_hal_iwdg.o(i.HAL_IWDG_Init) for HAL_IWDG_Init
    main.o(i.main) refers to main.o(i.MX_USART1_UART_Init) for MX_USART1_UART_Init
    main.o(i.main) refers to stm32f0xx_hal.o(i.HAL_Delay) for HAL_Delay
    main.o(i.main) refers to stm32f0xx_hal_iwdg.o(i.HAL_IWDG_Refresh) for HAL_IWDG_Refresh
    main.o(i.main) refers to uart_dma.o(i.UART_DMA_Init) for UART_DMA_Init
    main.o(i.main) refers to app.o(i.App_Init) for App_Init
    main.o(i.main) refers to stm32f0xx_hal.o(i.HAL_GetTick) for HAL_GetTick
    main.o(i.main) refers to app.o(i.App_Run) for App_Run
    main.o(i.main) refers to main.o(.bss) for .bss
    main.o(i.main) refers to main.o(.data) for .data
    stm32f0xx_it.o(i.DMA1_Channel2_3_IRQHandler) refers to stm32f0xx_hal_dma.o(i.HAL_DMA_IRQHandler) for HAL_DMA_IRQHandler
    stm32f0xx_it.o(i.DMA1_Channel2_3_IRQHandler) refers to main.o(.bss) for hdma_usart1_tx
    stm32f0xx_it.o(i.DMA1_Channel2_3_IRQHandler) refers to main.o(.bss) for hdma_usart1_rx
    stm32f0xx_it.o(i.DMA1_Channel4_5_IRQHandler) refers to stm32f0xx_hal_dma.o(i.HAL_DMA_IRQHandler) for HAL_DMA_IRQHandler
    stm32f0xx_it.o(i.DMA1_Channel4_5_IRQHandler) refers to main.o(.bss) for hdma_usart2_tx
[...]
    ../clib/angel/boardlib.s                 0x00000000   Number         0  boardinit1.o ABSOLUTE
    ../clib/angel/handlers.s                 0x00000000   Number         0  __scatter_copy.o ABSOLUTE
    ../clib/angel/handlers.s                 0x00000000   Number         0  __scatter_zi.o ABSOLUTE
    ../clib/angel/kernel.s                   0x00000000   Number         0  __rtentry.o ABSOLUTE
    ../clib/angel/kernel.s                   0x00000000   Number         0  __rtentry4.o ABSOLUTE
    ../clib/angel/kernel.s                   0x00000000   Number         0  rtexit2.o ABSOLUTE
    ../clib/angel/kernel.s                   0x00000000   Number         0  __rtentry2.o ABSOLUTE
    ../clib/angel/kernel.s                   0x00000000   Number         0  rtexit.o ABSOLUTE
    ../clib/angel/rt.s                       0x00000000   Number         0  aeabi_idiv0.o ABSOLUTE
    ../clib/angel/rt.s                       0x00000000   Number         0  rt_div0.o ABSOLUTE
    ../clib/angel/rt.s                       0x00000000   Number         0  rt_raise.o ABSOLUTE
    ../clib/angel/rt.s                       0x00000000   Number         0  aeabi_ldiv0.o ABSOLUTE
    ../clib/angel/rt.s                       0x00000000   Number         0  aeabi_ldiv0_sigfpe.o ABSOLUTE
    ../clib/angel/rt.s                       0x00000000   Number         0  aeabi_idiv0_sigfpe.o ABSOLUTE
    ../clib/angel/scatterp.s                 0x00000000   Number         0  __scatter.o ABSOLUTE
    ../clib/angel/startup.s                  0x00000000   Number         0  __main.o ABSOLUTE
    ../clib/angel/sys.s                      0x00000000   Number         0  libspace.o ABSOLUTE
    ../clib/angel/sys.s                      0x00000000   Number         0  use_no_semi.o ABSOLUTE
    ../clib/angel/sys.s                      0x00000000   Number         0  sys_stackheap_outer.o ABSOLUTE
    ../clib/angel/sys.s                      0x00000000   Number         0  indicate_semi.o ABSOLUTE
    ../clib/angel/sys.s                      0x00000000   Number         0  tempstk.o ABSOLUTE
    ../clib/angel/sysapp.c                   0x00000000   Number         0  sys_command.o ABSOLUTE
    ../clib/angel/sysapp.c                   0x00000000   Number         0  sys_wrch.o ABSOLUTE
    ../clib/angel/sysapp.c                   0x00000000   Number         0  sys_exit.o ABSOLUTE
    ../clib/armsys.c                         0x00000000   Number         0  no_argv.o ABSOLUTE
    ../clib/armsys.c                         0x00000000   Number         0  argv_veneer.o ABSOLUTE
    ../clib/armsys.c                         0x00000000   Number         0  _get_argv_nomalloc.o ABSOLUTE
    ../clib/division.c                       0x00000000   Number         0  lludiv.o ABSOLUTE
    ../clib/division.c                       0x00000000   Number         0  rtudiv10.o ABSOLUTE
    ../clib/division.s                       0x00000000   Number         0  aeabi_sdiv.o ABSOLUTE
    ../clib/division.s                       0x00000000   Number         0  aeabi_sdiv_div0.o ABSOLUTE
    ../clib/heapalloc.c                      0x00000000   Number         0  hrguard.o ABSOLUTE
    ../clib/heapaux.c                        0x00000000   Number         0  heapauxi.o ABSOLUTE
    ../clib/libinit.s                        0x00000000   Number         0  libshutdown.o ABSOLUTE
    ../clib/libinit.s                        0x00000000   Number         0  libinit2.o ABSOLUTE
    ../clib/libinit.s                        0x00000000   Number         0  libshutdown2.o ABSOLUTE
    ../clib/libinit.s                        0x00000000   Number         0  libinit.o ABSOLUTE
    ../clib/longlong.c                       0x00000000   Number         0  llushr.o ABSOLUTE
    ../clib/memcpset.c                       0x00000000   Number         0  rt_memcpy.o ABSOLUTE
    ../clib/memcpset.c                       0x00000000   Number         0  rt_memcpy.o ABSOLUTE
    ../clib/memcpset.c                       0x00000000   Number         0  rt_memmove.o ABSOLUTE
    ../clib/memcpset.c                       0x00000000   Number         0  rt_memclr.o ABSOLUTE
    ../clib/printf.c                         0x00000000   Number         0  __printf_flags.o ABSOLUTE
    ../clib/printf.c                         0x00000000   Number         0  _printf_dec.o ABSOLUTE
    ../clib/printf.c                         0x00000000   Number         0  _printf_str.o ABSOLUTE
    ../clib/printf.c                         0x00000000   Number         0  noretval__2snprintf.o ABSOLUTE
    ../clib/printf.c                         0x00000000   Number         0  __2snprintf.o ABSOLUTE
    ../clib/printf.c                         0x00000000   Number         0  __printf.o ABSOLUTE
    ../clib/printf.c                         0x00000000   Number         0  __printf_nopercent.o ABSOLUTE
    ../clib/printf.c                         0x00000000   Number         0  __printf_flags_ss_wp.o ABSOLUTE
    ../clib/printf.c                         0x00000000   Number         0  __printf_ss_wp.o ABSOLUTE
    ../clib/printf.c                         0x00000000   Number         0  _printf_char.o ABSOLUTE
    ../clib/printf.c                         0x00000000   Number         0  _snputc.o ABSOLUTE
    ../clib/printf.c                         0x00000000   Number         0  _sputc.o ABSOLUTE
    ../clib/printf.c                         0x00000000   Number         0  _printf_char_common.o ABSOLUTE
    ../clib/printf.c                         0x00000000   Number         0  _printf_intcommon.o ABSOLUTE
    ../clib/printf.c                         0x00000000   Number         0  __printf_flags_wp.o ABSOLUTE
    ../clib/printf.c                         0x00000000   Number         0  __printf_wp.o ABSOLUTE
    ../clib/printf.c                         0x00000000   Number         0  __printf_flags_ss.o ABSOLUTE
    ../clib/printf.c                         0x00000000   Number         0  __printf_ss.o ABSOLUTE
    ../clib/printf_percent.s                 0x00000000   Number         0  _printf_percent_end.o ABSOLUTE
    ../clib/printf_percent.s                 0x00000000   Number         0  _printf_s.o ABSOLUTE
    ../clib/printf_percent.s                 0x00000000   Number         0  _printf_percent.o ABSOLUTE
    ../clib/printf_percent.s                 0x00000000   Number         0  _printf_d.o ABSOLUTE
    ../clib/signal.c                         0x00000000   Number         0  defsig_segv_inner.o ABSOLUTE
    ../clib/signal.c                         0x00000000   Number         0  defsig_fpe_inner.o ABSOLUTE
    ../clib/signal.c                         0x00000000   Number         0  defsig_other.o ABSOLUTE
    ../clib/signal.c                         0x00000000   Number         0  defsig_exit.o ABSOLUTE
    ../clib/signal.c                         0x00000000   Number         0  defsig_cppl_inner.o ABSOLUTE
    ../clib/signal.c                         0x00000000   Number         0  defsig_general.o ABSOLUTE
    ../clib/signal.c                         0x00000000   Number         0  defsig_pvfn_inner.o ABSOLUTE
    ../clib/signal.c                         0x00000000   Number         0  defsig_stak_inner.o ABSOLUTE
    ../clib/signal.c                         0x00000000   Number         0  defsig_abrt_inner.o ABSOLUTE
    ../clib/signal.c                         0x00000000   Number         0  defsig_rtred_inner.o ABSOLUTE
    ../clib/signal.c                         0x00000000   Number         0  defsig_rtmem_formal.o ABSOLUTE
    ../clib/signal.c                         0x00000000   Number         0  defsig_rtmem_inner.o ABSOLUTE
    ../clib/signal.c                         0x00000000   Number         0  defsig_rtmem_outer.o ABSOLUTE
    ../clib/signal.c                         0x00000000   Number         0  defsig_fpe_outer.o ABSOLUTE
    ../clib/signal.c                         0x00000000   Number         0  defsig_fpe_formal.o ABSOLUTE
    ../clib/signal.c                         0x00000000   Number         0  __raise.o ABSOLUTE
    ../clib/signal.s                         0x00000000   Number         0  defsig.o ABSOLUTE
    ../clib/stdlib.c                         0x00000000   Number         0  exit.o ABSOLUTE
    ../clib/string.c                         0x00000000   Number         0  strncpy.o ABSOLUTE
    ../clib/string.c                         0x00000000   Number         0  strlen.o ABSOLUTE
    ../clib/string.c                         0x00000000   Number         0  strstr.o ABSOLUTE
    ../fplib/cfplib/fpinit.c                 0x00000000   Number         0  fpinit.o ABSOLUTE
    ..\Core\Src\a7600_mqtt.c                 0x00000000   Number         0  a7600_mqtt.o ABSOLUTE
    ..\Core\Src\app.c                        0x00000000   Number         0  app.o ABSOLUTE
    ..\Core\Src\debug_log.c                  0x00000000   Number         0  debug_log.o ABSOLUTE
    ..\Core\Src\main.c                       0x00000000   Number         0  main.o ABSOLUTE
    ..\Core\Src\mavlink_bridge.c             0x00000000   Number         0  mavlink_bridge.o ABSOLUTE
    ..\Core\Src\stm32f0xx_hal_msp.c          0x00000000   Number         0  stm32f0xx_hal_msp.o ABSOLUTE
    ..\Core\Src\stm32f0xx_it.c               0x00000000   Number         0  stm32f0xx_it.o ABSOLUTE
    ..\Core\Src\system_stm32f0xx.c           0x00000000   Number         0  system_stm32f0xx.o ABSOLUTE
    ..\Core\Src\uart_dma.c                   0x00000000   Number         0  uart_dma.o ABSOLUTE
    ..\Drivers\STM32F0xx_HAL_Driver\Src\stm32f0xx_hal.c 0x00000000   Number         0  stm32f0xx_hal.o ABSOLUTE
    ..\Drivers\STM32F0xx_HAL_Driver\Src\stm32f0xx_hal_cortex.c 0x00000000   Number         0  stm32f0xx_hal_cortex.o ABSOLUTE
    ..\Drivers\STM32F0xx_HAL_Driver\Src\stm32f0xx_hal_dma.c 0x00000000   Number         0  stm32f0xx_hal_dma.o ABSOLUTE
    ..\Drivers\STM32F0xx_HAL_Driver\Src\stm32f0xx_hal_exti.c 0x00000000   Number         0  stm32f0xx_hal_exti.o ABSOLUTE
    ..\Drivers\STM32F0xx_HAL_Driver\Src\stm32f0xx_hal_flash.c 0x00000000   Number         0  stm32f0xx_hal_flash.o ABSOLUTE
    ..\Drivers\STM32F0xx_HAL_Driver\Src\stm32f0xx_hal_flash_ex.c 0x00000000   Number         0  stm32f0xx_hal_flash_ex.o ABSOLUTE
    ..\Drivers\STM32F0xx_HAL_Driver\Src\stm32f0xx_hal_gpio.c 0x00000000   Number         0  stm32f0xx_hal_gpio.o ABSOLUTE
    ..\Drivers\STM32F0xx_HAL_Driver\Src\stm32f0xx_hal_i2c.c 0x00000000   Number         0  stm32f0xx_hal_i2c.o ABSOLUTE
    ..\Drivers\STM32F0xx_HAL_Driver\Src\stm32f0xx_hal_i2c_ex.c 0x00000000   Number         0  stm32f0xx_hal_i2c_ex.o ABSOLUTE
    ..\Drivers\STM32F0xx_HAL_Driver\Src\stm32f0xx_hal_iwdg.c 0x00000000   Number         0  stm32f0xx_hal_iwdg.o ABSOLUTE
    ..\Drivers\STM32F0xx_HAL_Driver\Src\stm32f0xx_hal_pwr.c 0x00000000   Number         0  stm32f0xx_hal_pwr.o ABSOLUTE
    ..\Drivers\STM32F0xx_HAL_Driver\Src\stm32f0xx_hal_pwr_ex.c 0x00000000   Number         0  stm32f0xx_hal_pwr_ex.o ABSOLUTE
    ..\Drivers\STM32F0xx_HAL_Driver\Src\stm32f0xx_hal_rcc.c 0x00000000   Number         0  stm32f0xx_hal_rcc.o ABSOLUTE
    ..\Drivers\STM32F0xx_HAL_Driver\Src\stm32f0xx_hal_rcc_ex.c 0x00000000   Number         0  stm32f0xx_hal_rcc_ex.o ABSOLUTE
    ..\Drivers\STM32F0xx_HAL_Driver\Src\stm32f0xx_hal_tim.c 0x00000000   Number         0  stm32f0xx_hal_tim.o ABSOLUTE
    ..\Drivers\STM32F0xx_HAL_Driver\Src\stm32f0xx_hal_tim_ex.c 0x00000000   Number         0  stm32f0xx_hal_tim_ex.o ABSOLUTE
    ..\Drivers\STM32F0xx_HAL_Driver\Src\stm32f0xx_hal_uart.c 0x00000000   Number         0  stm32f0xx_hal_uart.o ABSOLUTE
    ..\Drivers\STM32F0xx_HAL_Driver\Src\stm32f0xx_hal_uart_ex.c 0x00000000   Number         0  stm32f0xx_hal_uart_ex.o ABSOLUTE
    ..\\Core\\Src\\a7600_mqtt.c              0x00000000   Number         0  a7600_mqtt.o ABSOLUTE
    ..\\Core\\Src\\app.c                     0x00000000   Number         0  app.o ABSOLUTE
    ..\\Core\\Src\\debug_log.c               0x00000000   Number         0  debug_log.o ABSOLUTE
    ..\\Core\\Src\\mavlink_bridge.c          0x00000000   Number         0  mavlink_bridge.o ABSOLUTE
    ..\\Core\\Src\\uart_dma.c                0x00000000   Number         0  uart_dma.o ABSOLUTE
    dc.s                                     0x00000000   Number         0  dc.o ABSOLUTE
    startup_stm32f030x8.s                    0x00000000   Number         0  startup_stm32f030x8.o ABSOLUTE
    RESET                                    0x08000000   Section      180  startup_stm32f030x8.o(RESET)
    !!!main                                  0x080000b4   Section        8  __main.o(!!!main)
    !!!scatter                               0x080000bc   Section       60  __scatter.o(!!!scatter)
    !!handler_copy                           0x080000f8   Section       26  __scatter_copy.o(!!handler_copy)
    !!handler_zi                             0x08000114   Section       28  __scatter_zi.o(!!handler_zi)
    .ARM.Collect$$_printf_percent$$00000000  0x08000130   Section        2  _printf_percent.o(.ARM.Collect$$_printf_percent$$00000000)
    .ARM.Collect$$_printf_percent$$00000009  0x08000132   Section       10  _printf_d.o(.ARM.Collect$$_printf_percent$$00000009)
    .ARM.Collect$$_printf_percent$$00000014  0x0800013c   Section       10  _printf_s.o(.ARM.Collect$$_printf_percent$$00000014)
    .ARM.Collect$$_printf_percent$$00000017  0x08000146   Section        4  _printf_percent_end.o(.ARM.Collect$$_printf_percent$$00000017)
    .ARM.Collect$$libinit$$00000000          0x0800014a   Section        2  libinit.o(.ARM.Collect$$libinit$$00000000)
    .ARM.Collect$$libinit$$00000002          0x0800014c   Section        0  libinit2.o(.ARM.Collect$$libinit$$00000002)
    .ARM.Collect$$libinit$$00000004          0x0800014c   Section        0  libinit2.o(.ARM.Collect$$libinit$$00000004)
    .ARM.Collect$$libinit$$0000000A          0x0800014c   Section        0  libinit2.o(.ARM.Collect$$libinit$$0000000A)
    .ARM.Collect$$libinit$$0000000C          0x0800014c   Section        0  libinit2.o(.ARM.Collect$$libinit$$0000000C)
    .ARM.Collect$$libinit$$0000000E          0x0800014c   Section        0  libinit2.o(.ARM.Collect$$libinit$$0000000E)
    .ARM.Collect$$libinit$$00000011          0x0800014c   Section        0  libinit2.o(.ARM.Collect$$libinit$$00000011)
    .ARM.Collect$$libinit$$00000013          0x0800014c   Section        0  libinit2.o(.ARM.Collect$$libinit$$00000013)
    .ARM.Collect$$libinit$$00000015          0x0800014c   Section        0  libinit2.o(.ARM.Collect$$libinit$$00000015)
    .ARM.Collect$$libinit$$00000017          0x0800014c   Section        0  libinit2.o(.ARM.Collect$$libinit$$00000017)
    .ARM.Collect$$libinit$$00000019          0x0800014c   Section        0  libinit2.o(.ARM.Collect$$libinit$$00000019)
    .ARM.Collect$$libinit$$0000001B          0x0800014c   Section        0  libinit2.o(.ARM.Collect$$libinit$$0000001B)
    .ARM.Collect$$libinit$$0000001D          0x0800014c   Section        0  libinit2.o(.ARM.Collect$$libinit$$0000001D)
    .ARM.Collect$$libinit$$0000001F          0x0800014c   Section        0  libinit2.o(.ARM.Collect$$libinit$$0000001F)
    .ARM.Collect$$libinit$$00000021          0x0800014c   Section        0  libinit2.o(.ARM.Collect$$libinit$$00000021)
    .ARM.Collect$$libinit$$00000023          0x0800014c   Section        0  libinit2.o(.ARM.Collect$$libinit$$00000023)
    .ARM.Collect$$libinit$$00000025          0x0800014c   Section        0  libinit2.o(.ARM.Collect$$libinit$$00000025)
    .ARM.Collect$$libinit$$0000002C          0x0800014c   Section        0  libinit2.o(.ARM.Collect$$libinit$$0000002C)
    .ARM.Collect$$libinit$$0000002E          0x0800014c   Section        0  libinit2.o(.ARM.Collect$$libinit$$0000002E)
    .ARM.Collect$$libinit$$00000030          0x0800014c   Section        0  libinit2.o(.ARM.Collect$$libinit$$00000030)
    .ARM.Collect$$libinit$$00000032          0x0800014c   Section        0  libinit2.o(.ARM.Collect$$libinit$$00000032)
    .ARM.Collect$$libinit$$00000033          0x0800014c   Section        2  libinit2.o(.ARM.Collect$$libinit$$00000033)
    .ARM.Collect$$libshutdown$$00000000      0x0800014e   Section        2  libshutdown.o(.ARM.Collect$$libshutdown$$00000000)
    .ARM.Collect$$libshutdown$$00000002      0x08000150   Section        0  libshutdown2.o(.ARM.Collect$$libshutdown$$00000002)
    .ARM.Collect$$libshutdown$$00000004      0x08000150   Section        0  libshutdown2.o(.ARM.Collect$$libshutdown$$00000004)
    .ARM.Collect$$libshutdown$$00000007      0x08000150   Section        0  libshutdown2.o(.ARM.Collect$$libshutdown$$00000007)
    .ARM.Collect$$libshutdown$$0000000A      0x08000150   Section        0  libshutdown2.o(.ARM.Collect$$libshutdown$$0000000A)
    .ARM.Collect$$libshutdown$$0000000C      0x08000150   Section        0  libshutdown2.o(.ARM.Collect$$libshutdown$$0000000C)
    .ARM.Collect$$libshutdown$$0000000F      0x08000150   Section        0  libshutdown2.o(.ARM.Collect$$libshutdown$$0000000F)
    .ARM.Collect$$libshutdown$$00000010      0x08000150   Section        2  libshutdown2.o(.ARM.Collect$$libshutdown$$00000010)
    .ARM.Collect$$rtentry$$00000000          0x08000152   Section        0  __rtentry.o(.ARM.Collect$$rtentry$$00000000)
    .ARM.Collect$$rtentry$$00000002          0x08000152   Section        0  __rtentry2.o(.ARM.Collect$$rtentry$$00000002)
    .ARM.Collect$$rtentry$$00000004          0x08000152   Section        6  __rtentry4.o(.ARM.Collect$$rtentry$$00000004)
    .ARM.Collect$$rtentry$$00000009          0x08000158   Section        0  __rtentry2.o(.ARM.Collect$$rtentry$$00000009)
    .ARM.Collect$$rtentry$$0000000A          0x08000158   Section        4  __rtentry2.o(.ARM.Collect$$rtentry$$0000000A)
    .ARM.Collect$$rtentry$$0000000C          0x0800015c   Section        0  __rtentry2.o(.ARM.Collect$$rtentry$$0000000C)
    .ARM.Collect$$rtentry$$0000000D          0x0800015c   Section        8  __rtentry2.o(.ARM.Collect$$rtentry$$0000000D)
    .ARM.Collect$$rtexit$$00000000           0x08000164   Section        2  rtexit.o(.ARM.Collect$$rtexit$$00000000)
    .ARM.Collect$$rtexit$$00000002           0x08000166   Section        0  rtexit2.o(.ARM.Collect$$rtexit$$00000002)
    .ARM.Collect$$rtexit$$00000003           0x08000166   Section        4  rtexit2.o(.ARM.Collect$$rtexit$$00000003)
    .ARM.Collect$$rtexit$$00000004           0x0800016a   Section        6  rtexit2.o(.ARM.Collect$$rtexit$$00000004)
    .emb_text                                0x08000170   Section       56  rt_memcpy.o(.emb_text)
    .text                                    0x080001a8   Section       56  startup_stm32f030x8.o(.text)
    .text                                    0x080001e0   Section        0  lludiv.o(.text)
    .text                                    0x080002e4   Section        0  noretval__2snprintf.o(.text)
    .text                                    0x0800031c   Section        0  __printf.o(.text)
    .text                                    0x08000388   Section        0  _printf_str.o(.text)
    .text                                    0x080003dc   Section        0  _printf_dec.o(.text)
    .text                                    0x08000448   Section        0  strstr.o(.text)
    .text                                    0x08000470   Section        0  strlen.o(.text)
    .text                                    0x080004b4   Section        0  rt_memcpy.o(.text)
    .text                                    0x08000536   Section        0  rt_memmove.o(.text)
    .text                                    0x080005cc   Section        0  rt_memclr.o(.text)
    .text                                    0x0800060c   Section        0  strncpy.o(.text)
    .text                                    0x08000678   Section      346  aeabi_sdiv.o(.text)
    .text                                    0x080007d2   Section        0  heapauxi.o(.text)
    .text                                    0x080007d8   Section        0  _printf_intcommon.o(.text)
    .text                                    0x08000888   Section        0  _printf_char_common.o(.text)
    _printf_input_char                       0x08000889   Thumb Code    10  _printf_char_common.o(.text)
    .text                                    0x080008b8   Section        0  _sputc.o(.text)
    .text                                    0x080008c2   Section        0  _snputc.o(.text)
    .text                                    0x080008d2   Section        0  _printf_char.o(.text)
    .text                                    0x08000900   Section        0  rtudiv10.o(.text)
    .text                                    0x08000928   Section       62  sys_stackheap_outer.o(.text)
    .text                                    0x08000966   Section        0  exit.o(.text)
    .text                                    0x08000978   Section        8  libspace.o(.text)
    .text                                    0x08000980   Section        0  sys_exit.o(.text)
    .text                                    0x0800098c   Section        2  use_no_semi.o(.text)
    .text                                    0x0800098e   Section        0  indicate_semi.o(.text)
    i.A7600_MQTT_Connect                     0x08000990   Section        0  a7600_mqtt.o(i.A7600_MQTT_Connect)
    i.A7600_MQTT_Disconnect                  0x08000e80   Section        0  a7600_mqtt.o(i.A7600_MQTT_Disconnect)
    i.A7600_MQTT_Init                        0x08000f14   Section        0  a7600_mqtt.o(i.A7600_MQTT_Init)
    i.A7600_MQTT_IsConnected                 0x08000f5e   Section        0  a7600_mqtt.o(i.A7600_MQTT_IsConnected)
    i.A7600_MQTT_Process                     0x08000f6c   Section        0  a7600_mqtt.o(i.A7600_MQTT_Process)
    i.A7600_MQTT_Publish                     0x08001128   Section        0  a7600_mqtt.o(i.A7600_MQTT_Publish)
    i.A7600_MQTT_PublishString               0x0800125c   Section        0  a7600_mqtt.o(i.A7600_MQTT_PublishString)
    i.A7600_MQTT_SetMessageCallback          0x08001280   Section        0  a7600_mqtt.o(i.A7600_MQTT_SetMessageCallback)
    i.A7600_MQTT_Subscribe                   0x0800128c   Section        0  a7600_mqtt.o(i.A7600_MQTT_Subscribe)
    i.App_Connect                            0x0800134c   Section        0  app.o(i.App_Connect)
    i.App_Init                               0x080013b8   Section        0  app.o(i.App_Init)
    i.App_PublishStatus                      0x080014b4   Section        0  app.o(i.App_PublishStatus)
    i.App_Run                                0x080014f4   Section        0  app.o(i.App_Run)
    i.DMA1_Channel2_3_IRQHandler             0x08001584   Section        0  stm32f0xx_it.o(i.DMA1_Channel2_3_IRQHandler)
    i.DMA1_Channel4_5_IRQHandler             0x0800159c   Section        0  stm32f0xx_it.o(i.DMA1_Channel4_5_IRQHandler)
    i.DMA_CalcBaseAndBitshift                0x080015b4   Section        0  stm32f0xx_hal_dma.o(i.DMA_CalcBaseAndBitshift)
    DMA_CalcBaseAndBitshift                  0x080015b5   Thumb Code    26  stm32f0xx_hal_dma.o(i.DMA_CalcBaseAndBitshift)
    i.DMA_SetConfig                          0x080015d8   Section        0  stm32f0xx_hal_dma.o(i.DMA_SetConfig)
    DMA_SetConfig                            0x080015d9   Thumb Code    40  stm32f0xx_hal_dma.o(i.DMA_SetConfig)
    i.Error_Handler                          0x08001600   Section        0  main.o(i.Error_Handler)
    i.HAL_DMA_Abort                          0x08001604   Section        0  stm32f0xx_hal_dma.o(i.HAL_DMA_Abort)
    i.HAL_DMA_Abort_IT                       0x08001644   Section        0  stm32f0xx_hal_dma.o(i.HAL_DMA_Abort_IT)
    i.HAL_DMA_IRQHandler                     0x0800168c   Section        0  stm32f0xx_hal_dma.o(i.HAL_DMA_IRQHandler)
    i.HAL_DMA_Init                           0x08001728   Section        0  stm32f0xx_hal_dma.o(i.HAL_DMA_Init)
    i.HAL_DMA_Start_IT                       0x0800177c   Section        0  stm32f0xx_hal_dma.o(i.HAL_DMA_Start_IT)
    i.HAL_Delay                              0x080017e8   Section        0  stm32f0xx_hal.o(i.HAL_Delay)
    i.HAL_GPIO_Init                          0x0800180c   Section        0  stm32f0xx_hal_gpio.o(i.HAL_GPIO_Init)
    i.HAL_GPIO_WritePin                      0x080019b0   Section        0  stm32f0xx_hal_gpio.o(i.HAL_GPIO_WritePin)
    i.HAL_GetTick                            0x080019bc   Section        0  stm32f0xx_hal.o(i.HAL_GetTick)
    i.HAL_IWDG_Init                          0x080019c8   Section        0  stm32f0xx_hal_iwdg.o(i.HAL_IWDG_Init)
    i.HAL_IWDG_Refresh                       0x08001a34   Section        0  stm32f0xx_hal_iwdg.o(i.HAL_IWDG_Refresh)
    i.HAL_IncTick                            0x08001a44   Section        0  stm32f0xx_hal.o(i.HAL_IncTick)
    i.HAL_Init                               0x08001a54   Section        0  stm32f0xx_hal.o(i.HAL_Init)
    i.HAL_InitTick                           0x08001a74   Section        0  stm32f0xx_hal.o(i.HAL_InitTick)
    i.HAL_MspInit                            0x08001ab8   Section        0  stm32f0xx_hal_msp.o(i.HAL_MspInit)
    i.HAL_NVIC_EnableIRQ                     0x08001ae0   Section        0  stm32f0xx_hal_cortex.o(i.HAL_NVIC_EnableIRQ)
    i.HAL_NVIC_SetPriority                   0x08001af8   Section        0  stm32f0xx_hal_cortex.o(i.HAL_NVIC_SetPriority)
    i.HAL_RCCEx_PeriphCLKConfig              0x08001b00   Section        0  stm32f0xx_hal_rcc_ex.o(i.HAL_RCCEx_PeriphCLKConfig)
    i.HAL_RCC_ClockConfig                    0x08001be8   Section        0  stm32f0xx_hal_rcc.o(i.HAL_RCC_ClockConfig)
    i.HAL_RCC_GetPCLK1Freq                   0x08001cf0   Section        0  stm32f0xx_hal_rcc.o(i.HAL_RCC_GetPCLK1Freq)
    i.HAL_RCC_GetSysClockFreq                0x08001d10   Section        0  stm32f0xx_hal_rcc.o(i.HAL_RCC_GetSysClockFreq)
    i.HAL_RCC_OscConfig                      0x08001d64   Section        0  stm32f0xx_hal_rcc.o(i.HAL_RCC_OscConfig)
    i.HAL_SYSTICK_Config                     0x080020ec   Section        0  stm32f0xx_hal_cortex.o(i.HAL_SYSTICK_Config)
    i.HAL_UARTEx_RxEventCallback             0x0800211c   Section        0  stm32f0xx_hal_uart.o(i.HAL_UARTEx_RxEventCallback)
    i.HAL_UART_ErrorCallback                 0x0800211e   Section        0  stm32f0xx_hal_uart.o(i.HAL_UART_ErrorCallback)
    i.HAL_UART_IRQHandler                    0x08002120   Section        0  stm32f0xx_hal_uart.o(i.HAL_UART_IRQHandler)
    i.HAL_UART_Init                          0x080023b4   Section        0  stm32f0xx_hal_uart.o(i.HAL_UART_Init)
    i.HAL_UART_MspInit                       0x08002420   Section        0  stm32f0xx_hal_msp.o(i.HAL_UART_MspInit)
    i.HAL_UART_Receive_DMA                   0x08002594   Section        0  stm32f0xx_hal_uart.o(i.HAL_UART_Receive_DMA)
    i.HAL_UART_RxCpltCallback                0x080025ec   Section        0  stm32f0xx_hal_uart.o(i.HAL_UART_RxCpltCallback)
    i.HAL_UART_RxHalfCpltCallback            0x080025ee   Section        0  stm32f0xx_hal_uart.o(i.HAL_UART_RxHalfCpltCallback)
    i.HAL_UART_Transmit_DMA                  0x080025f0   Section        0  stm32f0xx_hal_uart.o(i.HAL_UART_Transmit_DMA)
    i.HAL_UART_TxCpltCallback                0x0800269c   Section        0  main.o(i.HAL_UART_TxCpltCallback)
    i.HAL_UART_TxHalfCpltCallback            0x080026d0   Section        0  stm32f0xx_hal_uart.o(i.HAL_UART_TxHalfCpltCallback)
    i.HardFault_Handler                      0x080026d2   Section        0  stm32f0xx_it.o(i.HardFault_Handler)
    i.MX_GPIO_Init                           0x080026d4   Section        0  main.o(i.MX_GPIO_Init)
    MX_GPIO_Init                             0x080026d5   Thumb Code   168  main.o(i.MX_GPIO_Init)
    i.MX_USART1_UART_Init                    0x08002788   Section        0  main.o(i.MX_USART1_UART_Init)
    MX_USART1_UART_Init                      0x08002789   Thumb Code    48  main.o(i.MX_USART1_UART_Init)
    i.MX_USART2_UART_Init                    0x080027c0   Section        0  main.o(i.MX_USART2_UART_Init)
    MX_USART2_UART_Init                      0x080027c1   Thumb Code    48  main.o(i.MX_USART2_UART_Init)
    i.MavlinkBridge_Init                     0x080027f8   Section        0  mavlink_bridge.o(i.MavlinkBridge_Init)
    i.MavlinkBridge_OnMessage                0x0800281c   Section        0  mavlink_bridge.o(i.MavlinkBridge_OnMessage)
    i.MavlinkBridge_Process                  0x08002860   Section        0  mavlink_bridge.o(i.MavlinkBridge_Process)
    i.NMI_Handler                            0x08002964   Section        0  stm32f0xx_it.o(i.NMI_Handler)
    i.PendSV_Handler                         0x08002966   Section        0  stm32f0xx_it.o(i.PendSV_Handler)
    i.SVC_Handler                            0x08002968   Section        0  stm32f0xx_it.o(i.SVC_Handler)
    i.SysTick_Handler                        0x0800296a   Section        0  stm32f0xx_it.o(i.SysTick_Handler)
    i.SystemClock_Config                     0x08002972   Section        0  main.o(i.SystemClock_Config)
    i.SystemInit                             0x080029ea   Section        0  system_stm32f0xx.o(i.SystemInit)
    i.UART_AdvFeatureConfig                  0x080029ec   Section        0  stm32f0xx_hal_uart.o(i.UART_AdvFeatureConfig)
    i.UART_CheckIdleState                    0x08002ab8   Section        0  stm32f0xx_hal_uart.o(i.UART_CheckIdleState)
    i.UART_DMAAbortOnError                   0x08002b7c   Section        0  stm32f0xx_hal_uart.o(i.UART_DMAAbortOnError)
    UART_DMAAbortOnError                     0x08002b7d   Thumb Code    20  stm32f0xx_hal_uart.o(i.UART_DMAAbortOnError)
    i.UART_DMAError                          0x08002b90   Section        0  stm32f0xx_hal_uart.o(i.UART_DMAError)
    UART_DMAError                            0x08002b91   Thumb Code    76  stm32f0xx_hal_uart.o(i.UART_DMAError)
    i.UART_DMAReceiveCplt                    0x08002bdc   Section        0  stm32f0xx_hal_uart.o(i.UART_DMAReceiveCplt)
    UART_DMAReceiveCplt                      0x08002bdd   Thumb Code   152  stm32f0xx_hal_uart.o(i.UART_DMAReceiveCplt)
    i.UART_DMARxHalfCplt                     0x08002c74   Section        0  stm32f0xx_hal_uart.o(i.UART_DMARxHalfCplt)
    UART_DMARxHalfCplt                       0x08002c75   Thumb Code    32  stm32f0xx_hal_uart.o(i.UART_DMARxHalfCplt)
    i.UART_DMATransmitCplt                   0x08002c94   Section        0  stm32f0xx_hal_uart.o(i.UART_DMATransmitCplt)
    UART_DMATransmitCplt                     0x08002c95   Thumb Code    74  stm32f0xx_hal_uart.o(i.UART_DMATransmitCplt)
    i.UART_DMATxHalfCplt                     0x08002cde   Section        0  stm32f0xx_hal_uart.o(i.UART_DMATxHalfCplt)
    UART_DMATxHalfCplt                       0x08002cdf   Thumb Code    10  stm32f0xx_hal_uart.o(i.UART_DMATxHalfCplt)
    i.UART_DMA_Available                     0x08002ce8   Section        0  uart_dma.o(i.UART_DMA_Available)
    i.UART_DMA_GetDMAPos                     0x08002d0a   Section        0  uart_dma.o(i.UART_DMA_GetDMAPos)
    i.UART_DMA_IDLE_IRQHandler               0x08002d1a   Section        0  uart_dma.o(i.UART_DMA_IDLE_IRQHandler)
    i.UART_DMA_Init                          0x08002d2a   Section        0  uart_dma.o(i.UART_DMA_Init)
    i.UART_DMA_IsTxBusy                      0x08002d6a   Section        0  uart_dma.o(i.UART_DMA_IsTxBusy)
    i.UART_DMA_Read                          0x08002d74   Section        0  uart_dma.o(i.UART_DMA_Read)
    i.UART_DMA_Transmit                      0x08002dae   Section        0  uart_dma.o(i.UART_DMA_Transmit)
    i.UART_DMA_TransmitString                0x08002dfa   Section        0  uart_dma.o(i.UART_DMA_TransmitString)
    i.UART_DMA_TxCplt_Callback               0x08002e12   Section        0  uart_dma.o(i.UART_DMA_TxCplt_Callback)
    i.UART_EndRxTransfer                     0x08002e1e   Section        0  stm32f0xx_hal_uart.o(i.UART_EndRxTransfer)
    UART_EndRxTransfer                       0x08002e1f   Thumb Code    96  stm32f0xx_hal_uart.o(i.UART_EndRxTransfer)
    i.UART_EndTxTransfer                     0x08002e7e   Section        0  stm32f0xx_hal_uart.o(i.UART_EndTxTransfer)
    UART_EndTxTransfer                       0x08002e7f   Thumb Code    32  stm32f0xx_hal_uart.o(i.UART_EndTxTransfer)
    i.UART_SetConfig                         0x08002ea0   Section        0  stm32f0xx_hal_uart.o(i.UART_SetConfig)
    i.UART_Start_Receive_DMA                 0x08002fd0   Section        0  stm32f0xx_hal_uart.o(i.UART_Start_Receive_DMA)
    i.UART_WaitOnFlagUntilTimeout            0x0800307c   Section        0  stm32f0xx_hal_uart.o(i.UART_WaitOnFlagUntilTimeout)
    i.USART1_IRQHandler                      0x08003114   Section        0  stm32f0xx_it.o(i.USART1_IRQHandler)
    i.USART2_IRQHandler                      0x0800312c   Section        0  stm32f0xx_it.o(i.USART2_IRQHandler)
    i.__ARM_common_ll_muluu                  0x08003144   Section        0  stm32f0xx_hal_rcc.o(i.__ARM_common_ll_muluu)
    i.__ARM_common_switch8                   0x08003174   Section        0  stm32f0xx_hal_dma.o(i.__ARM_common_switch8)
    i.__NVIC_SetPriority                     0x08003190   Section        0  stm32f0xx_hal_cortex.o(i.__NVIC_SetPriority)
    __NVIC_SetPriority                       0x08003191   Thumb Code    60  stm32f0xx_hal_cortex.o(i.__NVIC_SetPriority)
    i.b64_val                                0x080031d4   Section        0  mavlink_bridge.o(i.b64_val)
    b64_val                                  0x080031d5   Thumb Code    58  mavlink_bridge.o(i.b64_val)
    i.clear_rx_buffer                        0x0800320e   Section        0  a7600_mqtt.o(i.clear_rx_buffer)
    clear_rx_buffer                          0x0800320f   Thumb Code    24  a7600_mqtt.o(i.clear_rx_buffer)
    i.from_base64                            0x08003226   Section        0  mavlink_bridge.o(i.from_base64)
    from_base64                              0x08003227   Thumb Code   268  mavlink_bridge.o(i.from_base64)
    i.main                                   0x08003334   Section        0  main.o(i.main)
    i.mqtt_message_callback                  0x08003444   Section        0  app.o(i.mqtt_message_callback)
    mqtt_message_callback                    0x08003445   Thumb Code     8  app.o(i.mqtt_message_callback)
    i.send_and_wait                          0x0800344c   Section        0  a7600_mqtt.o(i.send_and_wait)
    send_and_wait                            0x0800344d   Thumb Code    80  a7600_mqtt.o(i.send_and_wait)
    i.to_base64                              0x0800349c   Section        0  mavlink_bridge.o(i.to_base64)
    to_base64                                0x0800349d   Thumb Code   148  mavlink_bridge.o(i.to_base64)
    i.wait_response                          0x08003534   Section        0  a7600_mqtt.o(i.wait_response)
    wait_response                            0x08003535   Thumb Code   118  a7600_mqtt.o(i.wait_response)
    .constdata                               0x080035bc   Section       32  stm32f0xx_hal_rcc.o(.constdata)
    aPLLMULFactorTable                       0x080035bc   Data          16  stm32f0xx_hal_rcc.o(.constdata)
    aPredivFactorTable                       0x080035cc   Data          16  stm32f0xx_hal_rcc.o(.constdata)
    .constdata                               0x080035dc   Section       16  system_stm32f0xx.o(.constdata)
    .constdata                               0x080035ec   Section        8  system_stm32f0xx.o(.constdata)
    .constdata                               0x080035f4   Section      166  app.o(.constdata)
    .constdata                               0x0800369a   Section       65  mavlink_bridge.o(.constdata)
    b64_table                                0x0800369a   Data          65  mavlink_bridge.o(.constdata)
    .data                                    0x20000000   Section        4  main.o(.data)
    .data                                    0x20000004   Section       12  stm32f0xx_hal.o(.data)
    .data                                    0x20000010   Section        4  system_stm32f0xx.o(.data)
    .bss                                     0x20000014   Section     3208  main.o(.bss)
    .bss                                     0x20000c9c   Section       68  main.o(.bss)
    .bss                                     0x20000ce0   Section       68  main.o(.bss)
    .bss                                     0x20000d24   Section       68  main.o(.bss)
    .bss                                     0x20000d68   Section       68  main.o(.bss)
    .bss                                     0x20000dac   Section      128  a7600_mqtt.o(.bss)
    topic_buf                                0x20000dac   Data         128  a7600_mqtt.o(.bss)
    .bss                                     0x20000e2c   Section     2140  mavlink_bridge.o(.bss)
    decode_buf                               0x20000e2c   Data         512  mavlink_bridge.o(.bss)
    bridge                                   0x2000102c   Data        1628  mavlink_bridge.o(.bss)
    .bss                                     0x20001688   Section       96  libspace.o(.bss)
    HEAP                                     0x200016e8   Section      512  startup_stm32f030x8.o(HEAP)
    Heap_Mem                                 0x200016e8   Data         512  startup_stm32f030x8.o(HEAP)
    STACK                                    0x200018e8   Section     1024  startup_stm32f030x8.o(STACK)
    Stack_Mem                                0x200018e8   Data        1024  startup_stm32f030x8.o(STACK)
    __initial_sp                             0x20001ce8   Data           0  startup_stm32f030x8.o(STACK)

    Global Symbols

    Symbol Name                              Value     Ov Type        Size  Object(Section)

    BuildAttributes$$THM_ISAv3M$S$PE$A:L22$X:L11$S22$IEEE1$IW$USESV6$~STKCKD$USESV7$~SHL$OSPACE$ROPI$EBA8$UX$STANDARDLIB$REQ8$PRES8$EABIv2 0x00000000   Number         0  anon$$obj.o ABSOLUTE
    __ARM_use_no_argv                        0x00000000   Number         0  main.o ABSOLUTE
    __ARM_exceptions_init                     - Undefined Weak Reference
    __alloca_initialize                       - Undefined Weak Reference
    __arm_preinit_                            - Undefined Weak Reference
    __cpp_initialize__aeabi_                  - Undefined Weak Reference
    __cxa_finalize                            - Undefined Weak Reference
    __rt_locale                               - Undefined Weak Reference
    __sigvec_lookup                           - Undefined Weak Reference
    _atexit_init                              - Undefined Weak Reference
    _call_atexit_fns                          - Undefined Weak Reference
    _clock_init                               - Undefined Weak Reference
    _fp_trap_init                             - Undefined Weak Reference
    _fp_trap_shutdown                         - Undefined Weak Reference
    _get_lc_collate                           - Undefined Weak Reference
    _get_lc_ctype                             - Undefined Weak Reference
    _get_lc_monetary                          - Undefined Weak Reference
    _get_lc_numeric                           - Undefined Weak Reference
    _get_lc_time                              - Undefined Weak Reference
    _getenv_init                              - Undefined Weak Reference
    _handle_redirection                       - Undefined Weak Reference
    _init_alloc                               - Undefined Weak Reference
    _init_user_alloc                          - Undefined Weak Reference
    _initio                                   - Undefined Weak Reference
    _printf_mbtowc                            - Undefined Weak Reference
    _printf_post_padding                      - Undefined Weak Reference
    _printf_pre_padding                       - Undefined Weak Reference
    _printf_truncate_signed                   - Undefined Weak Reference
    _printf_truncate_unsigned                 - Undefined Weak Reference
    _rand_init                                - Undefined Weak Reference
    _signal_finish                            - Undefined Weak Reference
    _signal_init                              - Undefined Weak Reference
    _terminate_alloc                          - Undefined Weak Reference
    _terminate_user_alloc                     - Undefined Weak Reference
    _terminateio                              - Undefined Weak Reference
    __Vectors_Size                           0x000000b4   Number         0  startup_stm32f030x8.o ABSOLUTE
    __Vectors                                0x08000000   Data           4  startup_stm32f030x8.o(RESET)
    __Vectors_End                            0x080000b4   Data           0  startup_stm32f030x8.o(RESET)
    __main                                   0x080000b5   Thumb Code     8  __main.o(!!!main)
    __scatterload                            0x080000bd   Thumb Code     0  __scatter.o(!!!scatter)
    __scatterload_rt2                        0x080000bd   Thumb Code    52  __scatter.o(!!!scatter)
    __scatterload_rt2_thumb_only             0x080000bd   Thumb Code     0  __scatter.o(!!!scatter)
    __scatterload_null                       0x080000cd   Thumb Code     0  __scatter.o(!!!scatter)
    __scatterload_copy                       0x080000f9   Thumb Code    26  __scatter_copy.o(!!handler_copy)
    __scatterload_zeroinit                   0x08000115   Thumb Code    28  __scatter_zi.o(!!handler_zi)
    _printf_percent                          0x08000131   Thumb Code     0  _printf_percent.o(.ARM.Collect$$_printf_percent$$00000000)
    _printf_d                                0x08000133   Thumb Code     0  _printf_d.o(.ARM.Collect$$_printf_percent$$00000009)
    _printf_s                                0x0800013d   Thumb Code     0  _printf_s.o(.ARM.Collect$$_printf_percent$$00000014)
    _printf_percent_end                      0x08000147   Thumb Code     0  _printf_percent_end.o(.ARM.Collect$$_printf_percent$$00000017)
    __rt_lib_init                            0x0800014b   Thumb Code     0  libinit.o(.ARM.Collect$$libinit$$00000000)
    __rt_lib_init_alloca_1                   0x0800014d   Thumb Code     0  libinit2.o(.ARM.Collect$$libinit$$0000002E)
    __rt_lib_init_argv_1                     0x0800014d   Thumb Code     0  libinit2.o(.ARM.Collect$$libinit$$0000002C)
    __rt_lib_init_atexit_1                   0x0800014d   Thumb Code     0  libinit2.o(.ARM.Collect$$libinit$$0000001B)
    __rt_lib_init_clock_1                    0x0800014d   Thumb Code     0  libinit2.o(.ARM.Collect$$libinit$$00000021)
    __rt_lib_init_cpp_1                      0x0800014d   Thumb Code     0  libinit2.o(.ARM.Collect$$libinit$$00000032)
    __rt_lib_init_exceptions_1               0x0800014d   Thumb Code     0  libinit2.o(.ARM.Collect$$libinit$$00000030)
    __rt_lib_init_fp_1                       0x0800014d   Thumb Code     0  libinit2.o(.ARM.Collect$$libinit$$00000002)
    __rt_lib_init_fp_trap_1                  0x0800014d   Thumb Code     0  libinit2.o(.ARM.Collect$$libinit$$0000001F)
    __rt_lib_init_getenv_1                   0x0800014d   Thumb Code     0  libinit2.o(.ARM.Collect$$libinit$$00000023)
    __rt_lib_init_heap_1                     0x0800014d   Thumb Code     0  libinit2.o(.ARM.Collect$$libinit$$0000000A)
    __rt_lib_init_lc_collate_1               0x0800014d   Thumb Code     0  libinit2.o(.ARM.Collect$$libinit$$00000011)
    __rt_lib_init_lc_ctype_1                 0x0800014d   Thumb Code     0  libinit2.o(.ARM.Collect$$libinit$$00000013)
    __rt_lib_init_lc_monetary_1              0x0800014d   Thumb Code     0  libinit2.o(.ARM.Collect$$libinit$$00000015)
    __rt_lib_init_lc_numeric_1               0x0800014d   Thumb Code     0  libinit2.o(.ARM.Collect$$libinit$$00000017)
    __rt_lib_init_lc_time_1                  0x0800014d   Thumb Code     0  libinit2.o(.ARM.Collect$$libinit$$00000019)
    __rt_lib_init_preinit_1                  0x0800014d   Thumb Code     0  libinit2.o(.ARM.Collect$$libinit$$00000004)
    __rt_lib_init_rand_1                     0x0800014d   Thumb Code     0  libinit2.o(.ARM.Collect$$libinit$$0000000E)
    __rt_lib_init_return                     0x0800014d   Thumb Code     0  libinit2.o(.ARM.Collect$$libinit$$00000033)
    __rt_lib_init_signal_1                   0x0800014d   Thumb Code     0  libinit2.o(.ARM.Collect$$libinit$$0000001D)
    __rt_lib_init_stdio_1                    0x0800014d   Thumb Code     0  libinit2.o(.ARM.Collect$$libinit$$00000025)
    __rt_lib_init_user_alloc_1               0x0800014d   Thumb Code     0  libinit2.o(.ARM.Collect$$libinit$$0000000C)
    __rt_lib_shutdown                        0x0800014f   Thumb Code     0  libshutdown.o(.ARM.Collect$$libshutdown$$00000000)
    __rt_lib_shutdown_cpp_1                  0x08000151   Thumb Code     0  libshutdown2.o(.ARM.Collect$$libshutdown$$00000002)
    __rt_lib_shutdown_fp_trap_1              0x08000151   Thumb Code     0  libshutdown2.o(.ARM.Collect$$libshutdown$$00000007)
    __rt_lib_shutdown_heap_1                 0x08000151   Thumb Code     0  libshutdown2.o(.ARM.Collect$$libshutdown$$0000000F)
    __rt_lib_shutdown_return                 0x08000151   Thumb Code     0  libshutdown2.o(.ARM.Collect$$libshutdown$$00000010)
    __rt_lib_shutdown_signal_1               0x08000151   Thumb Code     0  libshutdown2.o(.ARM.Collect$$libshutdown$$0000000A)
    __rt_lib_shutdown_stdio_1                0x08000151   Thumb Code     0  libshutdown2.o(.ARM.Collect$$libshutdown$$00000004)
    __rt_lib_shutdown_user_alloc_1           0x08000151   Thumb Code     0  libshutdown2.o(.ARM.Collect$$libshutdown$$0000000C)
    __rt_entry                               0x08000153   Thumb Code     0  __rtentry.o(.ARM.Collect$$rtentry$$00000000)
    __rt_entry_presh_1                       0x08000153   Thumb Code     0  __rtentry2.o(.ARM.Collect$$rtentry$$00000002)
    __rt_entry_sh                            0x08000153   Thumb Code     0  __rtentry4.o(.ARM.Collect$$rtentry$$00000004)
    __rt_entry_li                            0x08000159   Thumb Code     0  __rtentry2.o(.ARM.Collect$$rtentry$$0000000A)
    __rt_entry_postsh_1                      0x08000159   Thumb Code     0  __rtentry2.o(.ARM.Collect$$rtentry$$00000009)
    __rt_entry_main                          0x0800015d   Thumb Code     0  __rtentry2.o(.ARM.Collect$$rtentry$$0000000D)
    __rt_entry_postli_1                      0x0800015d   Thumb Code     0  __rtentry2.o(.ARM.Collect$$rtentry$$0000000C)
    __rt_exit                                0x08000165   Thumb Code     0  rtexit.o(.ARM.Collect$$rtexit$$00000000)
    __rt_exit_ls                             0x08000167   Thumb Code     0  rtexit2.o(.ARM.Collect$$rtexit$$00000003)
    __rt_exit_prels_1                        0x08000167   Thumb Code     0  rtexit2.o(.ARM.Collect$$rtexit$$00000002)
    __rt_exit_exit                           0x0800016b   Thumb Code     0  rtexit2.o(.ARM.Collect$$rtexit$$00000004)
    __aeabi_memcpy4                          0x08000171   Thumb Code    56  rt_memcpy.o(.emb_text)
    __aeabi_memcpy8                          0x08000171   Thumb Code     0  rt_memcpy.o(.emb_text)
    Reset_Handler                            0x080001a9   Thumb Code     8  startup_stm32f030x8.o(.text)
    ADC1_IRQHandler                          0x080001bb   Thumb Code     0  startup_stm32f030x8.o(.text)
    DMA1_Channel1_IRQHandler                 0x080001bb   Thumb Code     0  startup_stm32f030x8.o(.text)
    EXTI0_1_IRQHandler                       0x080001bb   Thumb Code     0  startup_stm32f030x8.o(.text)
    EXTI2_3_IRQHandler                       0x080001bb   Thumb Code     0  startup_stm32f030x8.o(.text)
    EXTI4_15_IRQHandler                      0x080001bb   Thumb Code     0  startup_stm32f030x8.o(.text)
    FLASH_IRQHandler                         0x080001bb   Thumb Code     0  startup_stm32f030x8.o(.text)
    I2C1_IRQHandler                          0x080001bb   Thumb Code     0  startup_stm32f030x8.o(.text)
    I2C2_IRQHandler                          0x080001bb   Thumb Code     0  startup_stm32f030x8.o(.text)
    RCC_IRQHandler                           0x080001bb   Thumb Code     0  startup_stm32f030x8.o(.text)
    RTC_IRQHandler                           0x080001bb   Thumb Code     0  startup_stm32f030x8.o(.text)
    SPI1_IRQHandler                          0x080001bb   Thumb Code     0  startup_stm32f030x8.o(.text)
    SPI2_IRQHandler                          0x080001bb   Thumb Code     0  startup_stm32f030x8.o(.text)
    TIM14_IRQHandler                         0x080001bb   Thumb Code     0  startup_stm32f030x8.o(.text)
    TIM15_IRQHandler                         0x080001bb   Thumb Code     0  startup_stm32f030x8.o(.text)
    TIM16_IRQHandler                         0x080001bb   Thumb Code     0  startup_stm32f030x8.o(.text)
    TIM17_IRQHandler                         0x080001bb   Thumb Code     0  startup_stm32f030x8.o(.text)
    TIM1_BRK_UP_TRG_COM_IRQHandler           0x080001bb   Thumb Code     0  startup_stm32f030x8.o(.text)
    TIM1_CC_IRQHandler                       0x080001bb   Thumb Code     0  startup_stm32f030x8.o(.text)
    TIM3_IRQHandler                          0x080001bb   Thumb Code     0  startup_stm32f030x8.o(.text)
    TIM6_IRQHandler                          0x080001bb   Thumb Code     0  startup_stm32f030x8.o(.text)
    WWDG_IRQHandler                          0x080001bb   Thumb Code     0  startup_stm32f030x8.o(.text)
    __user_initial_stackheap                 0x080001bd   Thumb Code     0  startup_stm32f030x8.o(.text)
    __aeabi_uldivmod                         0x080001e1   Thumb Code   258  lludiv.o(.text)
    _ll_udiv                                 0x080001e1   Thumb Code     0  lludiv.o(.text)
    __2snprintf                              0x080002e5   Thumb Code    50  noretval__2snprintf.o(.text)
    __printf                                 0x0800031d   Thumb Code   108  __printf.o(.text)
    _printf_str                              0x08000389   Thumb Code    82  _printf_str.o(.text)
    _printf_int_dec                          0x080003dd   Thumb Code    90  _printf_dec.o(.text)
    strstr                                   0x08000449   Thumb Code    40  strstr.o(.text)
    strlen                                   0x08000471   Thumb Code    62  strlen.o(.text)
    __aeabi_memcpy                           0x080004b5   Thumb Code   130  rt_memcpy.o(.text)
    __rt_memcpy                              0x080004b5   Thumb Code     0  rt_memcpy.o(.text)
    __aeabi_memmove4                         0x08000537   Thumb Code    70  rt_memmove.o(.text)
    __aeabi_memmove8                         0x08000537   Thumb Code     0  rt_memmove.o(.text)
    __aeabi_memmove                          0x0800057d   Thumb Code    80  rt_memmove.o(.text)
    __rt_memmove                             0x0800057d   Thumb Code     0  rt_memmove.o(.text)
    _memset_w                                0x080005cd   Thumb Code    26  rt_memclr.o(.text)
    _memset                                  0x080005e7   Thumb Code    30  rt_memclr.o(.text)
    __aeabi_memclr                           0x08000605   Thumb Code     4  rt_memclr.o(.text)
    __rt_memclr                              0x08000605   Thumb Code     0  rt_memclr.o(.text)
    __aeabi_memclr4                          0x08000609   Thumb Code     0  rt_memclr.o(.text)
    __aeabi_memclr8                          0x08000609   Thumb Code     0  rt_memclr.o(.text)
    __rt_memclr_w                            0x08000609   Thumb Code     4  rt_memclr.o(.text)
    strncpy                                  0x0800060d   Thumb Code   104  strncpy.o(.text)
    __aeabi_uidiv                            0x08000679   Thumb Code     0  aeabi_sdiv.o(.text)
    __aeabi_uidivmod                         0x08000679   Thumb Code    20  aeabi_sdiv.o(.text)
    __aeabi_idiv                             0x0800068d   Thumb Code     0  aeabi_sdiv.o(.text)
    __aeabi_idivmod                          0x0800068d   Thumb Code   326  aeabi_sdiv.o(.text)
    __use_two_region_memory                  0x080007d3   Thumb Code     2  heapauxi.o(.text)
    __rt_heap_escrow$2region                 0x080007d5   Thumb Code     2  heapauxi.o(.text)
    __rt_heap_expand$2region                 0x080007d7   Thumb Code     2  heapauxi.o(.text)
    _printf_int_common                       0x080007d9   Thumb Code   176  _printf_intcommon.o(.text)
    _printf_char_common                      0x08000893   Thumb Code    32  _printf_char_common.o(.text)
    _sputc                                   0x080008b9   Thumb Code    10  _sputc.o(.text)
    _snputc                                  0x080008c3   Thumb Code    16  _snputc.o(.text)
    _printf_cs_common                        0x080008d3   Thumb Code    22  _printf_char.o(.text)
    _printf_char                             0x080008e9   Thumb Code    16  _printf_char.o(.text)
    _printf_string                           0x080008f9   Thumb Code     8  _printf_char.o(.text)
    __rt_udiv10                              0x08000901   Thumb Code    40  rtudiv10.o(.text)
    __user_setup_stackheap                   0x08000929   Thumb Code    62  sys_stackheap_outer.o(.text)
    exit                                     0x08000967   Thumb Code    16  exit.o(.text)
    __user_libspace                          0x08000979   Thumb Code     8  libspace.o(.text)
    __user_perproc_libspace                  0x08000979   Thumb Code     0  libspace.o(.text)
    __user_perthread_libspace                0x08000979   Thumb Code     0  libspace.o(.text)
    _sys_exit                                0x08000981   Thumb Code     8  sys_exit.o(.text)
    __I$use$semihosting                      0x0800098d   Thumb Code     0  use_no_semi.o(.text)
    __use_no_semihosting_swi                 0x0800098d   Thumb Code     2  use_no_semi.o(.text)
    __semihosting_library_function           0x0800098f   Thumb Code     0  indicate_semi.o(.text)
    A7600_MQTT_Connect                       0x08000991   Thumb Code   732  a7600_mqtt.o(i.A7600_MQTT_Connect)
    A7600_MQTT_Disconnect                    0x08000e81   Thumb Code    86  a7600_mqtt.o(i.A7600_MQTT_Disconnect)
    A7600_MQTT_Init                          0x08000f15   Thumb Code    74  a7600_mqtt.o(i.A7600_MQTT_Init)
    A7600_MQTT_IsConnected                   0x08000f5f   Thumb Code    14  a7600_mqtt.o(i.A7600_MQTT_IsConnected)
    A7600_MQTT_Process                       0x08000f6d   Thumb Code   334  a7600_mqtt.o(i.A7600_MQTT_Process)
    A7600_MQTT_Publish                       0x08001129   Thumb Code   206  a7600_mqtt.o(i.A7600_MQTT_Publish)
    A7600_MQTT_PublishString                 0x0800125d   Thumb Code    36  a7600_mqtt.o(i.A7600_MQTT_PublishString)
    A7600_MQTT_SetMessageCallback            0x08001281   Thumb Code    10  a7600_mqtt.o(i.A7600_MQTT_SetMessageCallback)
    A7600_MQTT_Subscribe                     0x0800128d   Thumb Code   140  a7600_mqtt.o(i.A7600_MQTT_Subscribe)
    App_Connect                              0x0800134d   Thumb Code    78  app.o(i.App_Connect)
    App_Init                                 0x080013b9   Thumb Code   148  app.o(i.App_Init)
    App_PublishStatus                        0x080014b5   Thumb Code    46  app.o(i.App_PublishStatus)
    App_Run                                  0x080014f5   Thumb Code   134  app.o(i.App_Run)
    DMA1_Channel2_3_IRQHandler               0x08001585   Thumb Code    16  stm32f0xx_it.o(i.DMA1_Channel2_3_IRQHandler)
    DMA1_Channel4_5_IRQHandler               0x0800159d   Thumb Code    16  stm32f0xx_it.o(i.DMA1_Channel4_5_IRQHandler)
    Error_Handler                            0x08001601   Thumb Code     4  main.o(i.Error_Handler)
    HAL_DMA_Abort                            0x08001605   Thumb Code    64  stm32f0xx_hal_dma.o(i.HAL_DMA_Abort)
    HAL_DMA_Abort_IT                         0x08001645   Thumb Code    72  stm32f0xx_hal_dma.o(i.HAL_DMA_Abort_IT)
    HAL_DMA_IRQHandler                       0x0800168d   Thumb Code   156  stm32f0xx_hal_dma.o(i.HAL_DMA_IRQHandler)
    HAL_DMA_Init                             0x08001729   Thumb Code    78  stm32f0xx_hal_dma.o(i.HAL_DMA_Init)
    HAL_DMA_Start_IT                         0x0800177d   Thumb Code   106  stm32f0xx_hal_dma.o(i.HAL_DMA_Start_IT)
    HAL_Delay                                0x080017e9   Thumb Code    32  stm32f0xx_hal.o(i.HAL_Delay)
    HAL_GPIO_Init                            0x0800180d   Thumb Code   396  stm32f0xx_hal_gpio.o(i.HAL_GPIO_Init)
    HAL_GPIO_WritePin                        0x080019b1   Thumb Code    12  stm32f0xx_hal_gpio.o(i.HAL_GPIO_WritePin)
    HAL_GetTick                              0x080019bd   Thumb Code     6  stm32f0xx_hal.o(i.HAL_GetTick)
    HAL_IWDG_Init                            0x080019c9   Thumb Code    94  stm32f0xx_hal_iwdg.o(i.HAL_IWDG_Init)
    HAL_IWDG_Refresh                         0x08001a35   Thumb Code    10  stm32f0xx_hal_iwdg.o(i.HAL_IWDG_Refresh)
    HAL_IncTick                              0x08001a45   Thumb Code    12  stm32f0xx_hal.o(i.HAL_IncTick)
    HAL_Init                                 0x08001a55   Thumb Code    26  stm32f0xx_hal.o(i.HAL_Init)
    HAL_InitTick                             0x08001a75   Thumb Code    58  stm32f0xx_hal.o(i.HAL_InitTick)
    HAL_MspInit                              0x08001ab9   Thumb Code    34  stm32f0xx_hal_msp.o(i.HAL_MspInit)
    HAL_NVIC_EnableIRQ                       0x08001ae1   Thumb Code    18  stm32f0xx_hal_cortex.o(i.HAL_NVIC_EnableIRQ)
    HAL_NVIC_SetPriority                     0x08001af9   Thumb Code     8  stm32f0xx_hal_cortex.o(i.HAL_NVIC_SetPriority)
    HAL_RCCEx_PeriphCLKConfig                0x08001b01   Thumb Code   218  stm32f0xx_hal_rcc_ex.o(i.HAL_RCCEx_PeriphCLKConfig)
    HAL_RCC_ClockConfig                      0x08001be9   Thumb Code   242  stm32f0xx_hal_rcc.o(i.HAL_RCC_ClockConfig)
    HAL_RCC_GetPCLK1Freq                     0x08001cf1   Thumb Code    20  stm32f0xx_hal_rcc.o(i.HAL_RCC_GetPCLK1Freq)
    HAL_RCC_GetSysClockFreq                  0x08001d11   Thumb Code    68  stm32f0xx_hal_rcc.o(i.HAL_RCC_GetSysClockFreq)
    HAL_RCC_OscConfig                        0x08001d65   Thumb Code   890  stm32f0xx_hal_rcc.o(i.HAL_RCC_OscConfig)
    HAL_SYSTICK_Config                       0x080020ed   Thumb Code    38  stm32f0xx_hal_cortex.o(i.HAL_SYSTICK_Config)
    HAL_UARTEx_RxEventCallback               0x0800211d   Thumb Code     2  stm32f0xx_hal_uart.o(i.HAL_UARTEx_RxEventCallback)
    HAL_UART_ErrorCallback                   0x0800211f   Thumb Code     2  stm32f0xx_hal_uart.o(i.HAL_UART_ErrorCallback)
    HAL_UART_IRQHandler                      0x08002121   Thumb Code   648  stm32f0xx_hal_uart.o(i.HAL_UART_IRQHandler)
    HAL_UART_Init                            0x080023b5   Thumb Code   106  stm32f0xx_hal_uart.o(i.HAL_UART_Init)
    HAL_UART_MspInit                         0x08002421   Thumb Code   338  stm32f0xx_hal_msp.o(i.HAL_UART_MspInit)
    HAL_UART_Receive_DMA                     0x08002595   Thumb Code    88  stm32f0xx_hal_uart.o(i.HAL_UART_Receive_DMA)
    HAL_UART_RxCpltCallback                  0x080025ed   Thumb Code     2  stm32f0xx_hal_uart.o(i.HAL_UART_RxCpltCallback)
    HAL_UART_RxHalfCpltCallback              0x080025ef   Thumb Code     2  stm32f0xx_hal_uart.o(i.HAL_UART_RxHalfCpltCallback)
    HAL_UART_Transmit_DMA                    0x080025f1   Thumb Code   158  stm32f0xx_hal_uart.o(i.HAL_UART_Transmit_DMA)
    HAL_UART_TxCpltCallback                  0x0800269d   Thumb Code    34  main.o(i.HAL_UART_TxCpltCallback)
    HAL_UART_TxHalfCpltCallback              0x080026d1   Thumb Code     2  stm32f0xx_hal_uart.o(i.HAL_UART_TxHalfCpltCallback)
    HardFault_Handler                        0x080026d3   Thumb Code     2  stm32f0xx_it.o(i.HardFault_Handler)
    MavlinkBridge_Init                       0x080027f9   Thumb Code    26  mavlink_bridge.o(i.MavlinkBridge_Init)
    MavlinkBridge_OnMessage                  0x0800281d   Thumb Code    48  mavlink_bridge.o(i.MavlinkBridge_OnMessage)
    MavlinkBridge_Process                    0x08002861   Thumb Code   232  mavlink_bridge.o(i.MavlinkBridge_Process)
    NMI_Handler                              0x08002965   Thumb Code     2  stm32f0xx_it.o(i.NMI_Handler)
    PendSV_Handler                           0x08002967   Thumb Code     2  stm32f0xx_it.o(i.PendSV_Handler)
    SVC_Handler                              0x08002969   Thumb Code     2  stm32f0xx_it.o(i.SVC_Handler)
    SysTick_Handler                          0x0800296b   Thumb Code     8  stm32f0xx_it.o(i.SysTick_Handler)
    SystemClock_Config                       0x08002973   Thumb Code   120  main.o(i.SystemClock_Config)
    SystemInit                               0x080029eb   Thumb Code     2  system_stm32f0xx.o(i.SystemInit)
    UART_AdvFeatureConfig                    0x080029ed   Thumb Code   202  stm32f0xx_hal_uart.o(i.UART_AdvFeatureConfig)
    UART_CheckIdleState                      0x08002ab9   Thumb Code   190  stm32f0xx_hal_uart.o(i.UART_CheckIdleState)
    UART_DMA_Available                       0x08002ce9   Thumb Code    34  uart_dma.o(i.UART_DMA_Available)
    UART_DMA_GetDMAPos                       0x08002d0b   Thumb Code    16  uart_dma.o(i.UART_DMA_GetDMAPos)
    UART_DMA_IDLE_IRQHandler                 0x08002d1b   Thumb Code    16  uart_dma.o(i.UART_DMA_IDLE_IRQHandler)
    UART_DMA_Init                            0x08002d2b   Thumb Code    64  uart_dma.o(i.UART_DMA_Init)
    UART_DMA_IsTxBusy                        0x08002d6b   Thumb Code    10  uart_dma.o(i.UART_DMA_IsTxBusy)
    UART_DMA_Read                            0x08002d75   Thumb Code    58  uart_dma.o(i.UART_DMA_Read)
    UART_DMA_Transmit                        0x08002daf   Thumb Code    76  uart_dma.o(i.UART_DMA_Transmit)
    UART_DMA_TransmitString                  0x08002dfb   Thumb Code    24  uart_dma.o(i.UART_DMA_TransmitString)
    UART_DMA_TxCplt_Callback                 0x08002e13   Thumb Code    12  uart_dma.o(i.UART_DMA_TxCplt_Callback)
    UART_SetConfig                           0x08002ea1   Thumb Code   280  stm32f0xx_hal_uart.o(i.UART_SetConfig)
    UART_Start_Receive_DMA                   0x08002fd1   Thumb Code   160  stm32f0xx_hal_uart.o(i.UART_Start_Receive_DMA)
    UART_WaitOnFlagUntilTimeout              0x0800307d   Thumb Code   150  stm32f0xx_hal_uart.o(i.UART_WaitOnFlagUntilTimeout)
    USART1_IRQHandler                        0x08003115   Thumb Code    16  stm32f0xx_it.o(i.USART1_IRQHandler)
    USART2_IRQHandler                        0x0800312d   Thumb Code    16  stm32f0xx_it.o(i.USART2_IRQHandler)
    __ARM_common_ll_muluu                    0x08003145   Thumb Code    48  stm32f0xx_hal_rcc.o(i.__ARM_common_ll_muluu)
    __ARM_common_switch8                     0x08003175   Thumb Code    26  stm32f0xx_hal_dma.o(i.__ARM_common_switch8)
    main                                     0x08003335   Thumb Code   236  main.o(i.main)
    AHBPrescTable                            0x080035dc   Data          16  system_stm32f0xx.o(.constdata)
    APBPrescTable                            0x080035ec   Data           8  system_stm32f0xx.o(.constdata)
    Region$$Table$$Base                      0x080036dc   Number         0  anon$$obj.o(Region$$Table)
    Region$$Table$$Limit                     0x080036fc   Number         0  anon$$obj.o(Region$$Table)
    iwdg_tick                                0x20000000   Data           4  main.o(.data)
    uwTickFreq                               0x20000004   Data           1  stm32f0xx_hal.o(.data)
    uwTickPrio                               0x20000008   Data           4  stm32f0xx_hal.o(.data)
    uwTick                                   0x2000000c   Data           4  stm32f0xx_hal.o(.data)
    SystemCoreClock                          0x20000010   Data           4  system_stm32f0xx.o(.data)
    hiwdg                                    0x20000014   Data          16  main.o(.bss)
    huart1                                   0x20000024   Data         136  main.o(.bss)
    huart2                                   0x200000ac   Data         136  main.o(.bss)
    sim_uart                                 0x20000134   Data        1036  main.o(.bss)
    telem_uart                               0x20000540   Data        1036  main.o(.bss)
    app                                      0x2000094c   Data         848  main.o(.bss)
    hdma_usart1_rx                           0x20000c9c   Data          68  main.o(.bss)
    hdma_usart1_tx                           0x20000ce0   Data          68  main.o(.bss)
    hdma_usart2_rx                           0x20000d24   Data          68  main.o(.bss)
    hdma_usart2_tx                           0x20000d68   Data          68  main.o(.bss)
    __libspace_start                         0x20001688   Data          96  libspace.o(.bss)
    __temporary_stack_top$libspace           0x200016e8   Data           0  libspace.o(.bss)



==============================================================================

Memory Map of the image

  Image Entry point : 0x080000b5

  Load Region LR_IROM1 (Base: 0x08000000, Size: 0x00003710, Max: 0x00010000, ABSOLUTE)

    Execution Region ER_IROM1 (Exec base: 0x08000000, Load base: 0x08000000, Size: 0x000036fc, Max: 0x00010000, ABSOLUTE)

    Exec Addr    Load Addr    Size         Type   Attr      Idx    E Section Name        Object

    0x08000000   0x08000000   0x000000b4   Data   RO            3    RESET               startup_stm32f030x8.o
    0x080000b4   0x080000b4   0x00000008   Code   RO         2606  * !!!main             c_p.l(__main.o)
    0x080000bc   0x080000bc   0x0000003c   Code   RO         2794    !!!scatter          c_p.l(__scatter.o)
    0x080000f8   0x080000f8   0x0000001a   Code   RO         2796    !!handler_copy      c_p.l(__scatter_copy.o)
    0x08000112   0x08000112   0x00000002   PAD
    0x08000114   0x08000114   0x0000001c   Code   RO         2798    !!handler_zi        c_p.l(__scatter_zi.o)
    0x08000130   0x08000130   0x00000002   Code   RO         2585    .ARM.Collect$$_printf_percent$$00000000  c_p.l(_printf_percent.o)
    0x08000132   0x08000132   0x0000000a   Code   RO         2584    .ARM.Collect$$_printf_percent$$00000009  c_p.l(_printf_d.o)
    0x0800013c   0x0800013c   0x0000000a   Code   RO         2583    .ARM.Collect$$_printf_percent$$00000014  c_p.l(_printf_s.o)
    0x08000146   0x08000146   0x00000004   Code   RO         2627    .ARM.Collect$$_printf_percent$$00000017  c_p.l(_printf_percent_end.o)
    0x0800014a   0x0800014a   0x00000002   Code   RO         2663    .ARM.Collect$$libinit$$00000000  c_p.l(libinit.o)
    0x0800014c   0x0800014c   0x00000000   Code   RO         2677    .ARM.Collect$$libinit$$00000002  c_p.l(libinit2.o)
    0x0800014c   0x0800014c   0x00000000   Code   RO         2679    .ARM.Collect$$libinit$$00000004  c_p.l(libinit2.o)
    0x0800014c   0x0800014c   0x00000000   Code   RO         2682    .ARM.Collect$$libinit$$0000000A  c_p.l(libinit2.o)
    0x0800014c   0x0800014c   0x00000000   Code   RO         2684    .ARM.Collect$$libinit$$0000000C  c_p.l(libinit2.o)
    0x0800014c   0x0800014c   0x00000000   Code   RO         2686    .ARM.Collect$$libinit$$0000000E  c_p.l(libinit2.o)
    0x0800014c   0x0800014c   0x00000000   Code   RO         2689    .ARM.Collect$$libinit$$00000011  c_p.l(libinit2.o)
    0x0800014c   0x0800014c   0x00000000   Code   RO         2691    .ARM.Collect$$libinit$$00000013  c_p.l(libinit2.o)
    0x0800014c   0x0800014c   0x00000000   Code   RO         2693    .ARM.Collect$$libinit$$00000015  c_p.l(libinit2.o)
    0x0800014c   0x0800014c   0x00000000   Code   RO         2695    .ARM.Collect$$libinit$$00000017  c_p.l(libinit2.o)
    0x0800014c   0x0800014c   0x00000000   Code   RO         2697    .ARM.Collect$$libinit$$00000019  c_p.l(libinit2.o)
    0x0800014c   0x0800014c   0x00000000   Code   RO         2699    .ARM.Collect$$libinit$$0000001B  c_p.l(libinit2.o)
    0x0800014c   0x0800014c   0x00000000   Code   RO         2701    .ARM.Collect$$libinit$$0000001D  c_p.l(libinit2.o)
    0x0800014c   0x0800014c   0x00000000   Code   RO         2703    .ARM.Collect$$libinit$$0000001F  c_p.l(libinit2.o)
    0x0800014c   0x0800014c   0x00000000   Code   RO         2705    .ARM.Collect$$libinit$$00000021  c_p.l(libinit2.o)
    0x0800014c   0x0800014c   0x00000000   Code   RO         2707    .ARM.Collect$$libinit$$00000023  c_p.l(libinit2.o)
    0x0800014c   0x0800014c   0x00000000   Code   RO         2709    .ARM.Collect$$libinit$$00000025  c_p.l(libinit2.o)
    0x0800014c   0x0800014c   0x00000000   Code   RO         2713    .ARM.Collect$$libinit$$0000002C  c_p.l(libinit2.o)
    0x0800014c   0x0800014c   0x00000000   Code   RO         2715    .ARM.Collect$$libinit$$0000002E  c_p.l(libinit2.o)
    0x0800014c   0x0800014c   0x00000000   Code   RO         2717    .ARM.Collect$$libinit$$00000030  c_p.l(libinit2.o)
    0x0800014c   0x0800014c   0x00000000   Code   RO         2719    .ARM.Collect$$libinit$$00000032  c_p.l(libinit2.o)
    0x0800014c   0x0800014c   0x00000002   Code   RO         2720    .ARM.Collect$$libinit$$00000033  c_p.l(libinit2.o)
    0x0800014e   0x0800014e   0x00000002   Code   RO         2751    .ARM.Collect$$libshutdown$$00000000  c_p.l(libshutdown.o)
    0x08000150   0x08000150   0x00000000   Code   RO         2777    .ARM.Collect$$libshutdown$$00000002  c_p.l(libshutdown2.o)
    0x08000150   0x08000150   0x00000000   Code   RO         2779    .ARM.Collect$$libshutdown$$00000004  c_p.l(libshutdown2.o)
    0x08000150   0x08000150   0x00000000   Code   RO         2782    .ARM.Collect$$libshutdown$$00000007  c_p.l(libshutdown2.o)
    0x08000150   0x08000150   0x00000000   Code   RO         2785    .ARM.Collect$$libshutdown$$0000000A  c_p.l(libshutdown2.o)
    0x08000150   0x08000150   0x00000000   Code   RO         2787    .ARM.Collect$$libshutdown$$0000000C  c_p.l(libshutdown2.o)
    0x08000150   0x08000150   0x00000000   Code   RO         2790    .ARM.Collect$$libshutdown$$0000000F  c_p.l(libshutdown2.o)
    0x08000150   0x08000150   0x00000002   Code   RO         2791    .ARM.Collect$$libshutdown$$00000010  c_p.l(libshutdown2.o)
    0x08000152   0x08000152   0x00000000   Code   RO         2608    .ARM.Collect$$rtentry$$00000000  c_p.l(__rtentry.o)
    0x08000152   0x08000152   0x00000000   Code   RO         2631    .ARM.Collect$$rtentry$$00000002  c_p.l(__rtentry2.o)
    0x08000152   0x08000152   0x00000006   Code   RO         2643    .ARM.Collect$$rtentry$$00000004  c_p.l(__rtentry4.o)
    0x08000158   0x08000158   0x00000000   Code   RO         2633    .ARM.Collect$$rtentry$$00000009  c_p.l(__rtentry2.o)
    0x08000158   0x08000158   0x00000004   Code   RO         2634    .ARM.Collect$$rtentry$$0000000A  c_p.l(__rtentry2.o)
    0x0800015c   0x0800015c   0x00000000   Code   RO         2636    .ARM.Collect$$rtentry$$0000000C  c_p.l(__rtentry2.o)
    0x0800015c   0x0800015c   0x00000008   Code   RO         2637    .ARM.Collect$$rtentry$$0000000D  c_p.l(__rtentry2.o)
    0x08000164   0x08000164   0x00000002   Code   RO         2668    .ARM.Collect$$rtexit$$00000000  c_p.l(rtexit.o)
    0x08000166   0x08000166   0x00000000   Code   RO         2724    .ARM.Collect$$rtexit$$00000002  c_p.l(rtexit2.o)
    0x08000166   0x08000166   0x00000004   Code   RO         2725    .ARM.Collect$$rtexit$$00000003  c_p.l(rtexit2.o)
    0x0800016a   0x0800016a   0x00000006   Code   RO         2726    .ARM.Collect$$rtexit$$00000004  c_p.l(rtexit2.o)
    0x08000170   0x08000170   0x00000038   Code   RO         2590    .emb_text           c_p.l(rt_memcpy.o)
    0x080001a8   0x080001a8   0x00000038   Code   RO            4    .text               startup_stm32f030x8.o
    0x080001e0   0x080001e0   0x00000102   Code   RO         2551    .text               c_p.l(lludiv.o)
    0x080002e2   0x080002e2   0x00000002   PAD
    0x080002e4   0x080002e4   0x00000038   Code   RO         2555    .text               c_p.l(noretval__2snprintf.o)
    0x0800031c   0x0800031c   0x0000006c   Code   RO         2557    .text               c_p.l(__printf.o)
    0x08000388   0x08000388   0x00000052   Code   RO         2559    .text               c_p.l(_printf_str.o)
    0x080003da   0x080003da   0x00000002   PAD
    0x080003dc   0x080003dc   0x0000006c   Code   RO         2561    .text               c_p.l(_printf_dec.o)
    0x08000448   0x08000448   0x00000028   Code   RO         2586    .text               c_p.l(strstr.o)
    0x08000470   0x08000470   0x00000044   Code   RO         2588    .text               c_p.l(strlen.o)
    0x080004b4   0x080004b4   0x00000082   Code   RO         2591    .text               c_p.l(rt_memcpy.o)
    0x08000536   0x08000536   0x00000096   Code   RO         2594    .text               c_p.l(rt_memmove.o)
    0x080005cc   0x080005cc   0x00000040   Code   RO         2596    .text               c_p.l(rt_memclr.o)
    0x0800060c   0x0800060c   0x0000006c   Code   RO         2598    .text               c_p.l(strncpy.o)
    0x08000678   0x08000678   0x0000015a   Code   RO         2600    .text               c_p.l(aeabi_sdiv.o)
    0x080007d2   0x080007d2   0x00000006   Code   RO         2604    .text               c_p.l(heapauxi.o)
    0x080007d8   0x080007d8   0x000000b0   Code   RO         2617    .text               c_p.l(_printf_intcommon.o)
    0x08000888   0x08000888   0x00000030   Code   RO         2619    .text               c_p.l(_printf_char_common.o)
    0x080008b8   0x080008b8   0x0000000a   Code   RO         2621    .text               c_p.l(_sputc.o)
    0x080008c2   0x080008c2   0x00000010   Code   RO         2623    .text               c_p.l(_snputc.o)
    0x080008d2   0x080008d2   0x0000002e   Code   RO         2625    .text               c_p.l(_printf_char.o)
    0x08000900   0x08000900   0x00000028   Code   RO         2628    .text               c_p.l(rtudiv10.o)
    0x08000928   0x08000928   0x0000003e   Code   RO         2649    .text               c_p.l(sys_stackheap_outer.o)
    0x08000966   0x08000966   0x00000010   Code   RO         2652    .text               c_p.l(exit.o)
    0x08000976   0x08000976   0x00000002   PAD
    0x08000978   0x08000978   0x00000008   Code   RO         2664    .text               c_p.l(libspace.o)
    0x08000980   0x08000980   0x0000000c   Code   RO         2721    .text               c_p.l(sys_exit.o)
    0x0800098c   0x0800098c   0x00000002   Code   RO         2740    .text               c_p.l(use_no_semi.o)
    0x0800098e   0x0800098e   0x00000000   Code   RO         2742    .text               c_p.l(indicate_semi.o)
    0x0800098e   0x0800098e   0x00000002   PAD
    0x08000990   0x08000990   0x000004f0   Code   RO         2363    i.A7600_MQTT_Connect  a7600_mqtt.o
    0x08000e80   0x08000e80   0x00000094   Code   RO         2364    i.A7600_MQTT_Disconnect  a7600_mqtt.o
    0x08000f14   0x08000f14   0x0000004a   Code   RO         2368    i.A7600_MQTT_Init   a7600_mqtt.o
    0x08000f5e   0x08000f5e   0x0000000e   Code   RO         2369    i.A7600_MQTT_IsConnected  a7600_mqtt.o
    0x08000f6c   0x08000f6c   0x000001bc   Code   RO         2370    i.A7600_MQTT_Process  a7600_mqtt.o
    0x08001128   0x08001128   0x00000134   Code   RO         2371    i.A7600_MQTT_Publish  a7600_mqtt.o
    0x0800125c   0x0800125c   0x00000024   Code   RO         2372    i.A7600_MQTT_PublishString  a7600_mqtt.o
    0x08001280   0x08001280   0x0000000a   Code   RO         2373    i.A7600_MQTT_SetMessageCallback  a7600_mqtt.o
    0x0800128a   0x0800128a   0x00000002   PAD
    0x0800128c   0x0800128c   0x000000c0   Code   RO         2374    i.A7600_MQTT_Subscribe  a7600_mqtt.o
    0x0800134c   0x0800134c   0x0000006c   Code   RO         2281    i.App_Connect       app.o
    0x080013b8   0x080013b8   0x000000fc   Code   RO         2284    i.App_Init          app.o
    0x080014b4   0x080014b4   0x00000040   Code   RO         2287    i.App_PublishStatus  app.o
    0x080014f4   0x080014f4   0x00000090   Code   RO         2288    i.App_Run           app.o
    0x08001584   0x08001584   0x00000018   Code   RO          187    i.DMA1_Channel2_3_IRQHandler  stm32f0xx_it.o
    0x0800159c   0x0800159c   0x00000018   Code   RO          188    i.DMA1_Channel4_5_IRQHandler  stm32f0xx_it.o
    0x080015b4   0x080015b4   0x00000024   Code   RO         1171    i.DMA_CalcBaseAndBitshift  stm32f0xx_hal_dma.o
    0x080015d8   0x080015d8   0x00000028   Code   RO         1172    i.DMA_SetConfig     stm32f0xx_hal_dma.o
    0x08001600   0x08001600   0x00000004   Code   RO           12    i.Error_Handler     main.o
    0x08001604   0x08001604   0x00000040   Code   RO         1173    i.HAL_DMA_Abort     stm32f0xx_hal_dma.o
    0x08001644   0x08001644   0x00000048   Code   RO         1174    i.HAL_DMA_Abort_IT  stm32f0xx_hal_dma.o
    0x0800168c   0x0800168c   0x0000009c   Code   RO         1178    i.HAL_DMA_IRQHandler  stm32f0xx_hal_dma.o
    0x08001728   0x08001728   0x00000054   Code   RO         1179    i.HAL_DMA_Init      stm32f0xx_hal_dma.o
    0x0800177c   0x0800177c   0x0000006a   Code   RO         1183    i.HAL_DMA_Start_IT  stm32f0xx_hal_dma.o
    0x080017e6   0x080017e6   0x00000002   PAD
    0x080017e8   0x080017e8   0x00000024   Code   RO          450    i.HAL_Delay         stm32f0xx_hal.o
    0x0800180c   0x0800180c   0x000001a4   Code   RO         1112    i.HAL_GPIO_Init     stm32f0xx_hal_gpio.o
    0x080019b0   0x080019b0   0x0000000c   Code   RO         1116    i.HAL_GPIO_WritePin  stm32f0xx_hal_gpio.o
    0x080019bc   0x080019bc   0x0000000c   Code   RO          454    i.HAL_GetTick       stm32f0xx_hal.o
    0x080019c8   0x080019c8   0x0000006c   Code   RO          292    i.HAL_IWDG_Init     stm32f0xx_hal_iwdg.o
    0x08001a34   0x08001a34   0x00000010   Code   RO          293    i.HAL_IWDG_Refresh  stm32f0xx_hal_iwdg.o
    0x08001a44   0x08001a44   0x00000010   Code   RO          460    i.HAL_IncTick       stm32f0xx_hal.o
    0x08001a54   0x08001a54   0x00000020   Code   RO          461    i.HAL_Init          stm32f0xx_hal.o
    0x08001a74   0x08001a74   0x00000044   Code   RO          462    i.HAL_InitTick      stm32f0xx_hal.o
    0x08001ab8   0x08001ab8   0x00000028   Code   RO          259    i.HAL_MspInit       stm32f0xx_hal_msp.o
    0x08001ae0   0x08001ae0   0x00000018   Code   RO         1271    i.HAL_NVIC_EnableIRQ  stm32f0xx_hal_cortex.o
    0x08001af8   0x08001af8   0x00000008   Code   RO         1275    i.HAL_NVIC_SetPriority  stm32f0xx_hal_cortex.o
    0x08001b00   0x08001b00   0x000000e8   Code   RO          415    i.HAL_RCCEx_PeriphCLKConfig  stm32f0xx_hal_rcc_ex.o
    0x08001be8   0x08001be8   0x00000108   Code   RO          319    i.HAL_RCC_ClockConfig  stm32f0xx_hal_rcc.o
    0x08001cf0   0x08001cf0   0x00000020   Code   RO          326    i.HAL_RCC_GetPCLK1Freq  stm32f0xx_hal_rcc.o
    0x08001d10   0x08001d10   0x00000054   Code   RO          327    i.HAL_RCC_GetSysClockFreq  stm32f0xx_hal_rcc.o
    0x08001d64   0x08001d64   0x00000388   Code   RO          330    i.HAL_RCC_OscConfig  stm32f0xx_hal_rcc.o
    0x080020ec   0x080020ec   0x00000030   Code   RO         1279    i.HAL_SYSTICK_Config  stm32f0xx_hal_cortex.o
    0x0800211c   0x0800211c   0x00000002   Code   RO         1746    i.HAL_UARTEx_RxEventCallback  stm32f0xx_hal_uart.o
    0x0800211e   0x0800211e   0x00000002   Code   RO         1762    i.HAL_UART_ErrorCallback  stm32f0xx_hal_uart.o
    0x08002120   0x08002120   0x00000294   Code   RO         1765    i.HAL_UART_IRQHandler  stm32f0xx_hal_uart.o
    0x080023b4   0x080023b4   0x0000006a   Code   RO         1766    i.HAL_UART_Init     stm32f0xx_hal_uart.o
    0x0800241e   0x0800241e   0x00000002   PAD
    0x08002420   0x08002420   0x00000174   Code   RO          261    i.HAL_UART_MspInit  stm32f0xx_hal_msp.o
    0x08002594   0x08002594   0x00000058   Code   RO         1770    i.HAL_UART_Receive_DMA  stm32f0xx_hal_uart.o
    0x080025ec   0x080025ec   0x00000002   Code   RO         1773    i.HAL_UART_RxCpltCallback  stm32f0xx_hal_uart.o
    0x080025ee   0x080025ee   0x00000002   Code   RO         1774    i.HAL_UART_RxHalfCpltCallback  stm32f0xx_hal_uart.o
    0x080025f0   0x080025f0   0x000000ac   Code   RO         1776    i.HAL_UART_Transmit_DMA  stm32f0xx_hal_uart.o
    0x0800269c   0x0800269c   0x00000034   Code   RO           13    i.HAL_UART_TxCpltCallback  main.o
    0x080026d0   0x080026d0   0x00000002   Code   RO         1779    i.HAL_UART_TxHalfCpltCallback  stm32f0xx_hal_uart.o
    0x080026d2   0x080026d2   0x00000002   Code   RO          189    i.HardFault_Handler  stm32f0xx_it.o
    0x080026d4   0x080026d4   0x000000b4   Code   RO           14    i.MX_GPIO_Init      main.o
    0x08002788   0x08002788   0x00000038   Code   RO           15    i.MX_USART1_UART_Init  main.o
    0x080027c0   0x080027c0   0x00000038   Code   RO           16    i.MX_USART2_UART_Init  main.o
    0x080027f8   0x080027f8   0x00000024   Code   RO         2499    i.MavlinkBridge_Init  mavlink_bridge.o
    0x0800281c   0x0800281c   0x00000044   Code   RO         2500    i.MavlinkBridge_OnMessage  mavlink_bridge.o
    0x08002860   0x08002860   0x00000104   Code   RO         2501    i.MavlinkBridge_Process  mavlink_bridge.o
    0x08002964   0x08002964   0x00000002   Code   RO          190    i.NMI_Handler       stm32f0xx_it.o
    0x08002966   0x08002966   0x00000002   Code   RO          191    i.PendSV_Handler    stm32f0xx_it.o
    0x08002968   0x08002968   0x00000002   Code   RO          192    i.SVC_Handler       stm32f0xx_it.o
    0x0800296a   0x0800296a   0x00000008   Code   RO          193    i.SysTick_Handler   stm32f0xx_it.o
    0x08002972   0x08002972   0x00000078   Code   RO           17    i.SystemClock_Config  main.o
    0x080029ea   0x080029ea   0x00000002   Code   RO         2169    i.SystemInit        system_stm32f0xx.o
    0x080029ec   0x080029ec   0x000000ca   Code   RO         1780    i.UART_AdvFeatureConfig  stm32f0xx_hal_uart.o
    0x08002ab6   0x08002ab6   0x00000002   PAD
    0x08002ab8   0x08002ab8   0x000000c4   Code   RO         1781    i.UART_CheckIdleState  stm32f0xx_hal_uart.o
    0x08002b7c   0x08002b7c   0x00000014   Code   RO         1782    i.UART_DMAAbortOnError  stm32f0xx_hal_uart.o
    0x08002b90   0x08002b90   0x0000004c   Code   RO         1783    i.UART_DMAError     stm32f0xx_hal_uart.o
    0x08002bdc   0x08002bdc   0x00000098   Code   RO         1784    i.UART_DMAReceiveCplt  stm32f0xx_hal_uart.o
    0x08002c74   0x08002c74   0x00000020   Code   RO         1786    i.UART_DMARxHalfCplt  stm32f0xx_hal_uart.o
    0x08002c94   0x08002c94   0x0000004a   Code   RO         1788    i.UART_DMATransmitCplt  stm32f0xx_hal_uart.o
    0x08002cde   0x08002cde   0x0000000a   Code   RO         1790    i.UART_DMATxHalfCplt  stm32f0xx_hal_uart.o
    0x08002ce8   0x08002ce8   0x00000022   Code   RO         2202    i.UART_DMA_Available  uart_dma.o
    0x08002d0a   0x08002d0a   0x00000010   Code   RO         2204    i.UART_DMA_GetDMAPos  uart_dma.o
    0x08002d1a   0x08002d1a   0x00000010   Code   RO         2205    i.UART_DMA_IDLE_IRQHandler  uart_dma.o
    0x08002d2a   0x08002d2a   0x00000040   Code   RO         2206    i.UART_DMA_Init     uart_dma.o
    0x08002d6a   0x08002d6a   0x0000000a   Code   RO         2207    i.UART_DMA_IsTxBusy  uart_dma.o
    0x08002d74   0x08002d74   0x0000003a   Code   RO         2208    i.UART_DMA_Read     uart_dma.o
    0x08002dae   0x08002dae   0x0000004c   Code   RO         2210    i.UART_DMA_Transmit  uart_dma.o
    0x08002dfa   0x08002dfa   0x00000018   Code   RO         2211    i.UART_DMA_TransmitString  uart_dma.o
    0x08002e12   0x08002e12   0x0000000c   Code   RO         2212    i.UART_DMA_TxCplt_Callback  uart_dma.o
    0x08002e1e   0x08002e1e   0x00000060   Code   RO         1792    i.UART_EndRxTransfer  stm32f0xx_hal_uart.o
    0x08002e7e   0x08002e7e   0x00000020   Code   RO         1793    i.UART_EndTxTransfer  stm32f0xx_hal_uart.o
    0x08002e9e   0x08002e9e   0x00000002   PAD
    0x08002ea0   0x08002ea0   0x00000130   Code   RO         1796    i.UART_SetConfig    stm32f0xx_hal_uart.o
    0x08002fd0   0x08002fd0   0x000000ac   Code   RO         1797    i.UART_Start_Receive_DMA  stm32f0xx_hal_uart.o
    0x0800307c   0x0800307c   0x00000096   Code   RO         1801    i.UART_WaitOnFlagUntilTimeout  stm32f0xx_hal_uart.o
    0x08003112   0x08003112   0x00000002   PAD
    0x08003114   0x08003114   0x00000018   Code   RO          194    i.USART1_IRQHandler  stm32f0xx_it.o
    0x0800312c   0x0800312c   0x00000018   Code   RO          195    i.USART2_IRQHandler  stm32f0xx_it.o
    0x08003144   0x08003144   0x00000030   Code   RO          405    i.__ARM_common_ll_muluu  stm32f0xx_hal_rcc.o
    0x08003174   0x08003174   0x0000001a   Code   RO         1262    i.__ARM_common_switch8  stm32f0xx_hal_dma.o
    0x0800318e   0x0800318e   0x00000002   PAD
    0x08003190   0x08003190   0x00000044   Code   RO         1281    i.__NVIC_SetPriority  stm32f0xx_hal_cortex.o
    0x080031d4   0x080031d4   0x0000003a   Code   RO         2502    i.b64_val           mavlink_bridge.o
    0x0800320e   0x0800320e   0x00000018   Code   RO         2377    i.clear_rx_buffer   a7600_mqtt.o
    0x08003226   0x08003226   0x0000010c   Code   RO         2503    i.from_base64       mavlink_bridge.o
    0x08003332   0x08003332   0x00000002   PAD
    0x08003334   0x08003334   0x00000110   Code   RO           18    i.main              main.o
    0x08003444   0x08003444   0x00000008   Code   RO         2289    i.mqtt_message_callback  app.o
    0x0800344c   0x0800344c   0x00000050   Code   RO         2378    i.send_and_wait     a7600_mqtt.o
    0x0800349c   0x0800349c   0x00000098   Code   RO         2504    i.to_base64         mavlink_bridge.o
    0x08003534   0x08003534   0x00000088   Code   RO         2379    i.wait_response     a7600_mqtt.o
    0x080035bc   0x080035bc   0x00000020   Data   RO          331    .constdata          stm32f0xx_hal_rcc.o
    0x080035dc   0x080035dc   0x00000010   Data   RO         2170    .constdata          system_stm32f0xx.o
    0x080035ec   0x080035ec   0x00000008   Data   RO         2171    .constdata          system_stm32f0xx.o
    0x080035f4   0x080035f4   0x000000a6   Data   RO         2291    .constdata          app.o
    0x0800369a   0x0800369a   0x00000041   Data   RO         2506    .constdata          mavlink_bridge.o
    0x080036db   0x080036db   0x00000001   PAD
    0x080036dc   0x080036dc   0x00000020   Data   RO         2792    Region$$Table       anon$$obj.o


    Execution Region RW_IRAM1 (Exec base: 0x20000000, Load base: 0x080036fc, Size: 0x00001ce8, Max: 0x00002000, ABSOLUTE)

    Exec Addr    Load Addr    Size         Type   Attr      Idx    E Section Name        Object

    0x20000000   0x080036fc   0x00000004   Data   RW           24    .data               main.o
    0x20000004   0x08003700   0x0000000c   Data   RW          468    .data               stm32f0xx_hal.o
    0x20000010   0x0800370c   0x00000004   Data   RW         2172    .data               system_stm32f0xx.o
    0x20000014        -       0x00000c88   Zero   RW           19    .bss                main.o
    0x20000c9c        -       0x00000044   Zero   RW           20    .bss                main.o
    0x20000ce0        -       0x00000044   Zero   RW           21    .bss                main.o
    0x20000d24        -       0x00000044   Zero   RW           22    .bss                main.o
    0x20000d68        -       0x00000044   Zero   RW           23    .bss                main.o
    0x20000dac        -       0x00000080   Zero   RW         2380    .bss                a7600_mqtt.o
    0x20000e2c        -       0x0000085c   Zero   RW         2505    .bss                mavlink_bridge.o
    0x20001688        -       0x00000060   Zero   RW         2665    .bss                c_p.l(libspace.o)
    0x200016e8        -       0x00000200   Zero   RW            2    HEAP                startup_stm32f030x8.o
    0x200018e8        -       0x00000400   Zero   RW            1    STACK               startup_stm32f030x8.o


==============================================================================

Image component sizes


      Code (inc. data)   RO Data    RW Data    ZI Data      Debug   Object Name

      2730        876          0          0        128      10672   a7600_mqtt.o
       576        170        166          0          0       3731   app.o
       740         82          0          4       3480     250046   main.o
       842         62         65          0       2140       6487   mavlink_bridge.o
        56         26        180          0       1536        644   startup_stm32f030x8.o
       164         30          0         12          0       7957   stm32f0xx_hal.o
       148         24          0          0          0      10345   stm32f0xx_hal_cortex.o
       584         16          0          0          0       5582   stm32f0xx_hal_dma.o
       432         24          0          0          0       2152   stm32f0xx_hal_gpio.o
       124         20          0          0          0       1875   stm32f0xx_hal_iwdg.o
       412         40          0          0          0       2015   stm32f0xx_hal_msp.o
      1332         64         32          0          0       4633   stm32f0xx_hal_rcc.o
       232         14          0          0          0       1376   stm32f0xx_hal_rcc_ex.o
      2552         68          0          0          0      23755   stm32f0xx_hal_uart.o
       112         32          0          0          0       4073   stm32f0xx_it.o
         2          0         24          4          0       1135   system_stm32f0xx.o
       310          0          0          0          0       5920   uart_dma.o

    ----------------------------------------------------------------------
     11364       1548        500         20       7284     342398   Object Totals
         0          0         32          0          0          0   (incl. Generated)
        16          0          1          0          0          0   (incl. Padding)

    ----------------------------------------------------------------------

      Code (inc. data)   RO Data    RW Data    ZI Data      Debug   Library Member Name

         8          0          0          0          0         68   __main.o
       108          0          0          0          0         76   __printf.o
         0          0          0          0          0          0   __rtentry.o
        12          0          0          0          0          0   __rtentry2.o
         6          0          0          0          0          0   __rtentry4.o
        60          8          0          0          0          0   __scatter.o
        26          0          0          0          0          0   __scatter_copy.o
        28          0          0          0          0          0   __scatter_zi.o
        46          0          0          0          0        100   _printf_char.o
        48          6          0          0          0         88   _printf_char_common.o
        10          0          0          0          0          0   _printf_d.o
       108         18          0          0          0         76   _printf_dec.o
       176          0          0          0          0         84   _printf_intcommon.o
         2          0          0          0          0          0   _printf_percent.o
         4          0          0          0          0          0   _printf_percent_end.o
        10          0          0          0          0          0   _printf_s.o
        82          0          0          0          0         72   _printf_str.o
        16          0          0          0          0         60   _snputc.o
        10          0          0          0          0         60   _sputc.o
       346          0          0          0          0         92   aeabi_sdiv.o
        16          0          0          0          0         68   exit.o
         6          0          0          0          0        136   heapauxi.o
         0          0          0          0          0          0   indicate_semi.o
         2          0          0          0          0          0   libinit.o
         2          0          0          0          0          0   libinit2.o
         2          0          0          0          0          0   libshutdown.o
         2          0          0          0          0          0   libshutdown2.o
         8          4          0          0         96         68   libspace.o
       258          0          0          0          0         88   lludiv.o
        56          6          0          0          0         84   noretval__2snprintf.o
        64          0          0          0          0        108   rt_memclr.o
       186          0          0          0          0        144   rt_memcpy.o
       150          0          0          0          0        104   rt_memmove.o
         2          0          0          0          0          0   rtexit.o
        10          0          0          0          0          0   rtexit2.o
        40          0          0          0          0         60   rtudiv10.o
        68          6          0          0          0         72   strlen.o
       108          4          0          0          0         76   strncpy.o
        40          0          0          0          0         72   strstr.o
        12          4          0          0          0         60   sys_exit.o
        62          0          0          0          0         80   sys_stackheap_outer.o
         2          0          0          0          0         68   use_no_semi.o

    ----------------------------------------------------------------------
      2212         56          0          0         96       2064   Library Totals
        10          0          0          0          0          0   (incl. Padding)

    ----------------------------------------------------------------------

      Code (inc. data)   RO Data    RW Data    ZI Data      Debug   Library Name

      2202         56          0          0         96       2064   c_p.l

    ----------------------------------------------------------------------
      2212         56          0          0         96       2064   Library Totals

    ----------------------------------------------------------------------

==============================================================================


      Code (inc. data)   RO Data    RW Data    ZI Data      Debug   

     13576       1604        500         20       7380     339294   Grand Totals
     13576       1604        500         20       7380     339294   ELF Image Totals
     13576       1604        500         20          0          0   ROM Totals

==============================================================================

    Total RO  Size (Code + RO Data)                14076 (  13.75kB)
    Total RW  Size (RW Data + ZI Data)              7400 (   7.23kB)
    Total ROM Size (Code + RO Data + RW Data)      14096 (  13.77kB)

==============================================================================

