Component: ARM Compiler 5.06 update 6 (build 750) Tool: armlink [4d35ed]

==============================================================================

Section Cross References

    startup_stm32f030x8.o(STACK) refers (Special) to heapauxi.o(.text) for __use_two_region_memory
    startup_stm32f030x8.o(HEAP) refers (Special) to heapauxi.o(.text) for __use_two_region_memory
    startup_stm32f030x8.o(RESET) refers (Special) to heapauxi.o(.text) for __use_two_region_memory
    startup_stm32f030x8.o(RESET) refers to startup_stm32f030x8.o(STACK) for __initial_sp
    startup_stm32f030x8.o(RESET) refers to startup_stm32f030x8.o(.text) for Reset_Handler
    startup_stm32f030x8.o(RESET) refers to stm32f0xx_it.o(i.NMI_Handler) for NMI_Handler
    startup_stm32f030x8.o(RESET) refers to stm32f0xx_it.o(i.HardFault_Handler) for HardFault_Handler
    startup_stm32f030x8.o(RESET) refers to stm32f0xx_it.o(i.SVC_Handler) for SVC_Handler
    startup_stm32f030x8.o(RESET) refers to stm32f0xx_it.o(i.PendSV_Handler) for PendSV_Handler
    startup_stm32f030x8.o(RESET) refers to stm32f0xx_it.o(i.SysTick_Handler) for SysTick_Handler
    startup_stm32f030x8.o(RESET) refers to stm32f0xx_it.o(i.DMA1_Channel2_3_IRQHandler) for DMA1_Channel2_3_IRQHandler
    startup_stm32f030x8.o(RESET) refers to stm32f0xx_it.o(i.DMA1_Channel4_5_IRQHandler) for DMA1_Channel4_5_IRQHandler
    startup_stm32f030x8.o(RESET) refers to stm32f0xx_it.o(i.USART2_IRQHandler) for USART2_IRQHandler
    startup_stm32f030x8.o(.text) refers (Special) to heapauxi.o(.text) for __use_two_region_memory
    startup_stm32f030x8.o(.text) refers to system_stm32f0xx.o(i.SystemInit) for SystemInit
    startup_stm32f030x8.o(.text) refers to __main.o(!!!main) for __main
    startup_stm32f030x8.o(.text) refers to startup_stm32f030x8.o(HEAP) for Heap_Mem
    startup_stm32f030x8.o(.text) refers to startup_stm32f030x8.o(STACK) for Stack_Mem
    main.o(i.HAL_UART_TxCpltCallback) refers to uart_dma.o(i.UART_DMA_TxCplt_Callback) for UART_DMA_TxCplt_Callback
    main.o(i.HAL_UART_TxCpltCallback) refers to debug_log.o(i.Debug_TxCpltCallback) for Debug_TxCpltCallback
    main.o(i.HAL_UART_TxCpltCallback) refers to main.o(.bss) for .bss
    main.o(i.MX_GPIO_Init) refers to rt_memclr.o(.text) for __aeabi_memclr4
    main.o(i.MX_GPIO_Init) refers to stm32f0xx_hal_gpio.o(i.HAL_GPIO_WritePin) for HAL_GPIO_WritePin
    main.o(i.MX_GPIO_Init) refers to stm32f0xx_hal_gpio.o(i.HAL_GPIO_Init) for HAL_GPIO_Init
    main.o(i.MX_USART1_UART_Init) refers to stm32f0xx_hal_uart.o(i.HAL_UART_Init) for HAL_UART_Init
    main.o(i.MX_USART1_UART_Init) refers to main.o(.bss) for .bss
    main.o(i.MX_USART2_UART_Init) refers to stm32f0xx_hal_uart.o(i.HAL_UART_Init) for HAL_UART_Init
    main.o(i.MX_USART2_UART_Init) refers to main.o(.bss) for .bss
    main.o(i.SystemClock_Config) refers to rt_memclr.o(.text) for __aeabi_memclr4
    main.o(i.SystemClock_Config) refers to stm32f0xx_hal_rcc.o(i.HAL_RCC_OscConfig) for HAL_RCC_OscConfig
    main.o(i.SystemClock_Config) refers to stm32f0xx_hal_rcc.o(i.HAL_RCC_ClockConfig) for HAL_RCC_ClockConfig
    main.o(i.main) refers to stm32f0xx_hal.o(i.HAL_Init) for HAL_Init
    main.o(i.main) refers to main.o(i.SystemClock_Config) for SystemClock_Config
    main.o(i.main) refers to main.o(i.MX_GPIO_Init) for MX_GPIO_Init
    main.o(i.main) refers to stm32f0xx_hal_cortex.o(i.HAL_NVIC_SetPriority) for HAL_NVIC_SetPriority
    main.o(i.main) refers to stm32f0xx_hal_cortex.o(i.HAL_NVIC_EnableIRQ) for HAL_NVIC_EnableIRQ
    main.o(i.main) refers to main.o(i.MX_USART1_UART_Init) for MX_USART1_UART_Init
    main.o(i.main) refers to main.o(i.MX_USART2_UART_Init) for MX_USART2_UART_Init
    main.o(i.main) refers to stm32f0xx_hal.o(i.HAL_Delay) for HAL_Delay
    main.o(i.main) refers to uart_dma.o(i.UART_DMA_Init) for UART_DMA_Init
    main.o(i.main) refers to app.o(i.App_Init) for App_Init
    main.o(i.main) refers to app.o(i.App_Run) for App_Run
    main.o(i.main) refers to main.o(.bss) for .bss
    stm32f0xx_it.o(i.DMA1_Channel2_3_IRQHandler) refers to stm32f0xx_hal_dma.o(i.HAL_DMA_IRQHandler) for HAL_DMA_IRQHandler
    stm32f0xx_it.o(i.DMA1_Channel2_3_IRQHandler) refers to main.o(.bss) for hdma_usart1_tx
    stm32f0xx_it.o(i.DMA1_Channel4_5_IRQHandler) refers to stm32f0xx_hal_dma.o(i.HAL_DMA_IRQHandler) for HAL_DMA_IRQHandler
    stm32f0xx_it.o(i.DMA1_Channel4_5_IRQHandler) refers to main.o(.bss) for hdma_usart2_tx
    stm32f0xx_it.o(i.DMA1_Channel4_5_IRQHandler) refers to main.o(.bss) for hdma_usart2_rx
    stm32f0xx_it.o(i.SysTick_Handler) refers to stm32f0xx_hal.o(i.HAL_IncTick) for HAL_IncTick
    stm32f0xx_it.o(i.USART2_IRQHandler) refers to uart_dma.o(i.UART_DMA_IDLE_IRQHandler) for UART_DMA_IDLE_IRQHandler
    stm32f0xx_it.o(i.USART2_IRQHandler) refers to stm32f0xx_hal_uart.o(i.HAL_UART_IRQHandler) for HAL_UART_IRQHandler
    stm32f0xx_it.o(i.USART2_IRQHandler) refers to main.o(.bss) for sim_uart
[...]
    .text                                    0x08000aa2   Section        0  _printf_charcount.o(.text)
    .text                                    0x08000ac8   Section        0  _printf_char_common.o(.text)
    _printf_input_char                       0x08000ac9   Thumb Code    10  _printf_char_common.o(.text)
    .text                                    0x08000af8   Section        0  _sputc.o(.text)
    .text                                    0x08000b02   Section        0  _snputc.o(.text)
    .text                                    0x08000b12   Section        0  _printf_char.o(.text)
    .text                                    0x08000b40   Section        0  _printf_wctomb.o(.text)
    .text                                    0x08000bfc   Section        0  _printf_longlong_dec.o(.text)
    .text                                    0x08000c6c   Section        0  _printf_oct_int_ll.o(.text)
    _printf_longlong_oct_internal            0x08000c6d   Thumb Code     0  _printf_oct_int_ll.o(.text)
    .text                                    0x08000cdc   Section        0  _printf_hex_int_ll_ptr.o(.text)
    _printf_hex_common                       0x08000cdd   Thumb Code     0  _printf_hex_int_ll_ptr.o(.text)
    .text                                    0x08000d74   Section        0  rtudiv10.o(.text)
    .text                                    0x08000d9c   Section        0  lludiv10.o(.text)
    .text                                    0x08000e18   Section        0  _printf_fp_dec.o(.text)
    _fp_digits                               0x08000e1b   Thumb Code   412  _printf_fp_dec.o(.text)
    .text                                    0x08001230   Section        0  _printf_fp_hex.o(.text)
    .text                                    0x08001508   Section        0  _printf_wchar.o(.text)
    .text                                    0x08001536   Section        0  _wcrtomb.o(.text)
    .text                                    0x08001576   Section       62  sys_stackheap_outer.o(.text)
    .text                                    0x080015b4   Section       16  rt_ctype_table.o(.text)
    .text                                    0x080015c4   Section        8  rt_locale_intlibspace.o(.text)
    .text                                    0x080015cc   Section        0  _printf_fp_infnan.o(.text)
    .text                                    0x08001654   Section        0  bigflt0.o(.text)
    .text                                    0x0800172c   Section        0  btod.o(.text)
    btod_internal_mul                        0x0800176d   Thumb Code   492  btod.o(.text)
    btod_internal_div                        0x08001959   Thumb Code   520  btod.o(.text)
    .text                                    0x08001cac   Section        0  exit.o(.text)
    .text                                    0x08001cbc   Section        8  libspace.o(.text)
    .text                                    0x08001cc4   Section        0  strcmp.o(.text)
    .text                                    0x08001d4c   Section        0  sys_exit.o(.text)
    .text                                    0x08001d58   Section        2  use_no_semi.o(.text)
    .text                                    0x08001d5a   Section        0  indicate_semi.o(.text)
    i.A7600_MQTT_Connect                     0x08001d5c   Section        0  a7600_mqtt.o(i.A7600_MQTT_Connect)
    i.A7600_MQTT_Disconnect                  0x08002430   Section        0  a7600_mqtt.o(i.A7600_MQTT_Disconnect)
    i.A7600_MQTT_Init                        0x080024c4   Section        0  a7600_mqtt.o(i.A7600_MQTT_Init)
    i.A7600_MQTT_IsConnected                 0x08002534   Section        0  a7600_mqtt.o(i.A7600_MQTT_IsConnected)
    i.A7600_MQTT_Process                     0x08002544   Section        0  a7600_mqtt.o(i.A7600_MQTT_Process)
    i.A7600_MQTT_Publish                     0x08002630   Section        0  a7600_mqtt.o(i.A7600_MQTT_Publish)
    i.A7600_MQTT_PublishString               0x08002894   Section        0  a7600_mqtt.o(i.A7600_MQTT_PublishString)
    i.A7600_MQTT_SetMessageCallback          0x080028b8   Section        0  a7600_mqtt.o(i.A7600_MQTT_SetMessageCallback)
    i.A7600_MQTT_Subscribe                   0x080028c4   Section        0  a7600_mqtt.o(i.A7600_MQTT_Subscribe)
    i.App_Connect                            0x08002944   Section        0  app.o(i.App_Connect)
    i.App_Init                               0x080029ac   Section        0  app.o(i.App_Init)
    i.App_PublishSensor                      0x08002ac0   Section        0  app.o(i.App_PublishSensor)
    i.App_PublishStatus                      0x08002b00   Section        0  app.o(i.App_PublishStatus)
    i.App_Run                                0x08002b40   Section        0  app.o(i.App_Run)
    i.DMA1_Channel2_3_IRQHandler             0x08002c38   Section        0  stm32f0xx_it.o(i.DMA1_Channel2_3_IRQHandler)
    i.DMA1_Channel4_5_IRQHandler             0x08002c48   Section        0  stm32f0xx_it.o(i.DMA1_Channel4_5_IRQHandler)
    i.DMA_CalcBaseAndBitshift                0x08002c60   Section        0  stm32f0xx_hal_dma.o(i.DMA_CalcBaseAndBitshift)
    DMA_CalcBaseAndBitshift                  0x08002c61   Thumb Code    26  stm32f0xx_hal_dma.o(i.DMA_CalcBaseAndBitshift)
    i.DMA_SetConfig                          0x08002c84   Section        0  stm32f0xx_hal_dma.o(i.DMA_SetConfig)
    DMA_SetConfig                            0x08002c85   Thumb Code    40  stm32f0xx_hal_dma.o(i.DMA_SetConfig)
    i.Debug_Log                              0x08002cac   Section        0  debug_log.o(i.Debug_Log)
    i.Debug_TxCpltCallback                   0x08002d14   Section        0  debug_log.o(i.Debug_TxCpltCallback)
    i.Error_Handler                          0x08002d2c   Section        0  main.o(i.Error_Handler)
    i.HAL_DMA_Abort                          0x08002d30   Section        0  stm32f0xx_hal_dma.o(i.HAL_DMA_Abort)
    i.HAL_DMA_Abort_IT                       0x08002d70   Section        0  stm32f0xx_hal_dma.o(i.HAL_DMA_Abort_IT)
    i.HAL_DMA_GetError                       0x08002db8   Section        0  stm32f0xx_hal_dma.o(i.HAL_DMA_GetError)
    i.HAL_DMA_IRQHandler                     0x08002dbc   Section        0  stm32f0xx_hal_dma.o(i.HAL_DMA_IRQHandler)
    i.HAL_DMA_Init                           0x08002e58   Section        0  stm32f0xx_hal_dma.o(i.HAL_DMA_Init)
    i.HAL_DMA_Start_IT                       0x08002eac   Section        0  stm32f0xx_hal_dma.o(i.HAL_DMA_Start_IT)
    i.HAL_Delay                              0x08002f18   Section        0  stm32f0xx_hal.o(i.HAL_Delay)
    i.HAL_GPIO_Init                          0x08002f3c   Section        0  stm32f0xx_hal_gpio.o(i.HAL_GPIO_Init)
    i.HAL_GPIO_WritePin                      0x080030e0   Section        0  stm32f0xx_hal_gpio.o(i.HAL_GPIO_WritePin)
    i.HAL_GetTick                            0x080030ec   Section        0  stm32f0xx_hal.o(i.HAL_GetTick)
    i.HAL_IncTick                            0x080030f8   Section        0  stm32f0xx_hal.o(i.HAL_IncTick)
    i.HAL_Init                               0x08003108   Section        0  stm32f0xx_hal.o(i.HAL_Init)
    i.HAL_InitTick                           0x08003128   Section        0  stm32f0xx_hal.o(i.HAL_InitTick)
    i.HAL_MspInit                            0x0800316c   Section        0  stm32f0xx_hal_msp.o(i.HAL_MspInit)
    i.HAL_NVIC_EnableIRQ                     0x08003194   Section        0  stm32f0xx_hal_cortex.o(i.HAL_NVIC_EnableIRQ)
    i.HAL_NVIC_SetPriority                   0x080031ac   Section        0  stm32f0xx_hal_cortex.o(i.HAL_NVIC_SetPriority)
    i.HAL_RCC_ClockConfig                    0x080031b4   Section        0  stm32f0xx_hal_rcc.o(i.HAL_RCC_ClockConfig)
    i.HAL_RCC_GetPCLK1Freq                   0x080032bc   Section        0  stm32f0xx_hal_rcc.o(i.HAL_RCC_GetPCLK1Freq)
    i.HAL_RCC_GetSysClockFreq                0x080032dc   Section        0  stm32f0xx_hal_rcc.o(i.HAL_RCC_GetSysClockFreq)
    i.HAL_RCC_OscConfig                      0x08003330   Section        0  stm32f0xx_hal_rcc.o(i.HAL_RCC_OscConfig)
    i.HAL_SYSTICK_Config                     0x080036b8   Section        0  stm32f0xx_hal_cortex.o(i.HAL_SYSTICK_Config)
    i.HAL_UARTEx_RxEventCallback             0x080036e8   Section        0  stm32f0xx_hal_uart.o(i.HAL_UARTEx_RxEventCallback)
    i.HAL_UART_AbortTransmit                 0x080036ea   Section        0  stm32f0xx_hal_uart.o(i.HAL_UART_AbortTransmit)
    i.HAL_UART_ErrorCallback                 0x0800375a   Section        0  stm32f0xx_hal_uart.o(i.HAL_UART_ErrorCallback)
    i.HAL_UART_IRQHandler                    0x0800375c   Section        0  stm32f0xx_hal_uart.o(i.HAL_UART_IRQHandler)
    i.HAL_UART_Init                          0x080039f0   Section        0  stm32f0xx_hal_uart.o(i.HAL_UART_Init)
    i.HAL_UART_MspInit                       0x08003a5c   Section        0  stm32f0xx_hal_msp.o(i.HAL_UART_MspInit)
    i.HAL_UART_Receive_DMA                   0x08003ba8   Section        0  stm32f0xx_hal_uart.o(i.HAL_UART_Receive_DMA)
    i.HAL_UART_RxCpltCallback                0x08003c00   Section        0  stm32f0xx_hal_uart.o(i.HAL_UART_RxCpltCallback)
    i.HAL_UART_RxHalfCpltCallback            0x08003c02   Section        0  stm32f0xx_hal_uart.o(i.HAL_UART_RxHalfCpltCallback)
    i.HAL_UART_Transmit_DMA                  0x08003c04   Section        0  stm32f0xx_hal_uart.o(i.HAL_UART_Transmit_DMA)
    i.HAL_UART_TxCpltCallback                0x08003cb0   Section        0  main.o(i.HAL_UART_TxCpltCallback)
    i.HAL_UART_TxHalfCpltCallback            0x08003ce0   Section        0  stm32f0xx_hal_uart.o(i.HAL_UART_TxHalfCpltCallback)
    i.HardFault_Handler                      0x08003ce2   Section        0  stm32f0xx_it.o(i.HardFault_Handler)
    i.MX_GPIO_Init                           0x08003ce4   Section        0  main.o(i.MX_GPIO_Init)
    MX_GPIO_Init                             0x08003ce5   Thumb Code   168  main.o(i.MX_GPIO_Init)
    i.MX_USART1_UART_Init                    0x08003d98   Section        0  main.o(i.MX_USART1_UART_Init)
    MX_USART1_UART_Init                      0x08003d99   Thumb Code    48  main.o(i.MX_USART1_UART_Init)
    i.MX_USART2_UART_Init                    0x08003dd0   Section        0  main.o(i.MX_USART2_UART_Init)
    MX_USART2_UART_Init                      0x08003dd1   Thumb Code    48  main.o(i.MX_USART2_UART_Init)
    i.NMI_Handler                            0x08003e08   Section        0  stm32f0xx_it.o(i.NMI_Handler)
    i.PendSV_Handler                         0x08003e0a   Section        0  stm32f0xx_it.o(i.PendSV_Handler)
    i.SVC_Handler                            0x08003e0c   Section        0  stm32f0xx_it.o(i.SVC_Handler)
    i.SysTick_Handler                        0x08003e0e   Section        0  stm32f0xx_it.o(i.SysTick_Handler)
    i.SystemClock_Config                     0x08003e16   Section        0  main.o(i.SystemClock_Config)
    i.SystemInit                             0x08003e70   Section        0  system_stm32f0xx.o(i.SystemInit)
    i.UART_AdvFeatureConfig                  0x08003e72   Section        0  stm32f0xx_hal_uart.o(i.UART_AdvFeatureConfig)
    i.UART_CheckIdleState                    0x08003f3c   Section        0  stm32f0xx_hal_uart.o(i.UART_CheckIdleState)
    i.UART_DMAAbortOnError                   0x08004000   Section        0  stm32f0xx_hal_uart.o(i.UART_DMAAbortOnError)
    UART_DMAAbortOnError                     0x08004001   Thumb Code    20  stm32f0xx_hal_uart.o(i.UART_DMAAbortOnError)
    i.UART_DMAError                          0x08004014   Section        0  stm32f0xx_hal_uart.o(i.UART_DMAError)
    UART_DMAError                            0x08004015   Thumb Code    76  stm32f0xx_hal_uart.o(i.UART_DMAError)
    i.UART_DMAReceiveCplt                    0x08004060   Section        0  stm32f0xx_hal_uart.o(i.UART_DMAReceiveCplt)
    UART_DMAReceiveCplt                      0x08004061   Thumb Code   152  stm32f0xx_hal_uart.o(i.UART_DMAReceiveCplt)
    i.UART_DMARxHalfCplt                     0x080040f8   Section        0  stm32f0xx_hal_uart.o(i.UART_DMARxHalfCplt)
    UART_DMARxHalfCplt                       0x080040f9   Thumb Code    32  stm32f0xx_hal_uart.o(i.UART_DMARxHalfCplt)
    i.UART_DMATransmitCplt                   0x08004118   Section        0  stm32f0xx_hal_uart.o(i.UART_DMATransmitCplt)
    UART_DMATransmitCplt                     0x08004119   Thumb Code    74  stm32f0xx_hal_uart.o(i.UART_DMATransmitCplt)
    i.UART_DMATxHalfCplt                     0x08004162   Section        0  stm32f0xx_hal_uart.o(i.UART_DMATxHalfCplt)
    UART_DMATxHalfCplt                       0x08004163   Thumb Code    10  stm32f0xx_hal_uart.o(i.UART_DMATxHalfCplt)
    i.UART_DMA_Available                     0x0800416c   Section        0  uart_dma.o(i.UART_DMA_Available)
    i.UART_DMA_GetDMAPos                     0x0800418c   Section        0  uart_dma.o(i.UART_DMA_GetDMAPos)
    i.UART_DMA_IDLE_IRQHandler               0x0800419c   Section        0  uart_dma.o(i.UART_DMA_IDLE_IRQHandler)
    i.UART_DMA_Init                          0x080041ac   Section        0  uart_dma.o(i.UART_DMA_Init)
    i.UART_DMA_IsTxBusy                      0x080041ea   Section        0  uart_dma.o(i.UART_DMA_IsTxBusy)
    i.UART_DMA_Read                          0x080041f4   Section        0  uart_dma.o(i.UART_DMA_Read)
    i.UART_DMA_Transmit                      0x0800422a   Section        0  uart_dma.o(i.UART_DMA_Transmit)
    i.UART_DMA_TransmitString                0x0800426e   Section        0  uart_dma.o(i.UART_DMA_TransmitString)
    i.UART_DMA_TxCplt_Callback               0x08004286   Section        0  uart_dma.o(i.UART_DMA_TxCplt_Callback)
    i.UART_EndRxTransfer                     0x08004292   Section        0  stm32f0xx_hal_uart.o(i.UART_EndRxTransfer)
    UART_EndRxTransfer                       0x08004293   Thumb Code    96  stm32f0xx_hal_uart.o(i.UART_EndRxTransfer)
    i.UART_EndTxTransfer                     0x080042f2   Section        0  stm32f0xx_hal_uart.o(i.UART_EndTxTransfer)
    UART_EndTxTransfer                       0x080042f3   Thumb Code    32  stm32f0xx_hal_uart.o(i.UART_EndTxTransfer)
    i.UART_SetConfig                         0x08004314   Section        0  stm32f0xx_hal_uart.o(i.UART_SetConfig)
    i.UART_Start_Receive_DMA                 0x08004444   Section        0  stm32f0xx_hal_uart.o(i.UART_Start_Receive_DMA)
    i.UART_WaitOnFlagUntilTimeout            0x080044f0   Section        0  stm32f0xx_hal_uart.o(i.UART_WaitOnFlagUntilTimeout)
    i.USART2_IRQHandler                      0x08004588   Section        0  stm32f0xx_it.o(i.USART2_IRQHandler)
    i.__ARM_common_ll_muluu                  0x080045a0   Section        0  stm32f0xx_hal_rcc.o(i.__ARM_common_ll_muluu)
    i.__ARM_common_switch8                   0x080045d0   Section        0  stm32f0xx_hal_dma.o(i.__ARM_common_switch8)
    i.__ARM_fpclassify                       0x080045ec   Section        0  fpclassify.o(i.__ARM_fpclassify)
    i.__NVIC_SetPriority                     0x08004618   Section        0  stm32f0xx_hal_cortex.o(i.__NVIC_SetPriority)
    __NVIC_SetPriority                       0x08004619   Thumb Code    60  stm32f0xx_hal_cortex.o(i.__NVIC_SetPriority)
    i._is_digit                              0x0800465c   Section        0  __printf_wp.o(i._is_digit)
    i.clear_rx_buffer                        0x0800466a   Section        0  a7600_mqtt.o(i.clear_rx_buffer)
    clear_rx_buffer                          0x0800466b   Thumb Code    24  a7600_mqtt.o(i.clear_rx_buffer)
    i.main                                   0x08004684   Section        0  main.o(i.main)
    i.mqtt_message_callback                  0x08004734   Section        0  app.o(i.mqtt_message_callback)
    mqtt_message_callback                    0x08004735   Thumb Code     2  app.o(i.mqtt_message_callback)
    i.send_and_wait                          0x08004736   Section        0  a7600_mqtt.o(i.send_and_wait)
    send_and_wait                            0x08004737   Thumb Code    80  a7600_mqtt.o(i.send_and_wait)
    i.wait_response                          0x08004788   Section        0  a7600_mqtt.o(i.wait_response)
    wait_response                            0x08004789   Thumb Code   112  a7600_mqtt.o(i.wait_response)
    locale$$code                             0x08004804   Section       44  lc_numeric_c.o(locale$$code)
    locale$$code                             0x08004830   Section       44  lc_ctype_c.o(locale$$code)
    x$fpl$printf1                            0x0800485c   Section       16  printf1.o(x$fpl$printf1)
    x$fpl$printf2                            0x0800486c   Section       16  printf2.o(x$fpl$printf2)
    .constdata                               0x0800487c   Section       32  stm32f0xx_hal_rcc.o(.constdata)
    x$fpl$usenofp                            0x0800487c   Section        0  usenofp.o(x$fpl$usenofp)
    aPLLMULFactorTable                       0x0800487c   Data          16  stm32f0xx_hal_rcc.o(.constdata)
    aPredivFactorTable                       0x0800488c   Data          16  stm32f0xx_hal_rcc.o(.constdata)
    .constdata                               0x0800489c   Section       16  system_stm32f0xx.o(.constdata)
    .constdata                               0x080048ac   Section        8  system_stm32f0xx.o(.constdata)
    .constdata                               0x080048b4   Section      166  app.o(.constdata)
    .constdata                               0x0800495a   Section       17  __printf_flags_ss_wp.o(.constdata)
    maptable                                 0x0800495a   Data          17  __printf_flags_ss_wp.o(.constdata)
    .constdata                               0x0800496c   Section        8  _printf_wctomb.o(.constdata)
    initial_mbstate                          0x0800496c   Data           8  _printf_wctomb.o(.constdata)
    .constdata                               0x08004974   Section       40  _printf_hex_int_ll_ptr.o(.constdata)
    uc_hextab                                0x08004974   Data          20  _printf_hex_int_ll_ptr.o(.constdata)
    lc_hextab                                0x08004988   Data          20  _printf_hex_int_ll_ptr.o(.constdata)
    .constdata                               0x0800499c   Section       38  _printf_fp_hex.o(.constdata)
    lc_hextab                                0x0800499c   Data          19  _printf_fp_hex.o(.constdata)
    uc_hextab                                0x080049af   Data          19  _printf_fp_hex.o(.constdata)
    .constdata                               0x080049c4   Section      148  bigflt0.o(.constdata)
    tenpwrs_x                                0x080049c4   Data          60  bigflt0.o(.constdata)
    tenpwrs_i                                0x08004a00   Data          64  bigflt0.o(.constdata)
    locale$$data                             0x08004a78   Section       28  lc_numeric_c.o(locale$$data)
    __lcnum_c_name                           0x08004a7c   Data           2  lc_numeric_c.o(locale$$data)
    __lcnum_c_start                          0x08004a84   Data           0  lc_numeric_c.o(locale$$data)
    __lcnum_c_point                          0x08004a90   Data           0  lc_numeric_c.o(locale$$data)
    __lcnum_c_thousands                      0x08004a92   Data           0  lc_numeric_c.o(locale$$data)
    __lcnum_c_grouping                       0x08004a93   Data           0  lc_numeric_c.o(locale$$data)
    locale$$data                             0x08004a94   Section      272  lc_ctype_c.o(locale$$data)
    __lcnum_c_end                            0x08004a94   Data           0  lc_numeric_c.o(locale$$data)
    __lcctype_c_name                         0x08004a98   Data           2  lc_ctype_c.o(locale$$data)
    __lcctype_c_start                        0x08004aa0   Data           0  lc_ctype_c.o(locale$$data)
    __lcctype_c_end                          0x08004ba4   Data           0  lc_ctype_c.o(locale$$data)
    .data                                    0x20000000   Section       12  stm32f0xx_hal.o(.data)
    .data                                    0x2000000c   Section        4  system_stm32f0xx.o(.data)
    .data                                    0x20000010   Section        1  debug_log.o(.data)
    tx_busy                                  0x20000010   Data           1  debug_log.o(.data)
    .bss                                     0x20000014   Section     1644  main.o(.bss)
    .bss                                     0x20000680   Section       68  main.o(.bss)
    .bss                                     0x200006c4   Section       68  main.o(.bss)
    .bss                                     0x20000708   Section       68  main.o(.bss)
    .bss                                     0x2000074c   Section      128  app.o(.bss)
    publish_buffer                           0x2000074c   Data         128  app.o(.bss)
    .bss                                     0x200007cc   Section      512  debug_log.o(.bss)
    log_buffer                               0x200007cc   Data         512  debug_log.o(.bss)
    .bss                                     0x200009cc   Section       96  libspace.o(.bss)
    HEAP                                     0x20000a30   Section      512  startup_stm32f030x8.o(HEAP)
    Heap_Mem                                 0x20000a30   Data         512  startup_stm32f030x8.o(HEAP)
    STACK                                    0x20000c30   Section     1024  startup_stm32f030x8.o(STACK)
    Stack_Mem                                0x20000c30   Data        1024  startup_stm32f030x8.o(STACK)
    __initial_sp                             0x20001030   Data           0  startup_stm32f030x8.o(STACK)

    Global Symbols

    Symbol Name                              Value     Ov Type        Size  Object(Section)

    BuildAttributes$$THM_ISAv3M$S$PE$A:L22$X:L11$S22$IEEE1$IW$USESV6$~STKCKD$USESV7$~SHL$OTIME$ROPI$IEEEJ$EBA8$UX$STANDARDLIB$REQ8$PRES8$EABIv2 0x00000000   Number         0  anon$$obj.o ABSOLUTE
    __ARM_use_no_argv                        0x00000000   Number         0  main.o ABSOLUTE
    _printf_flags                            0x00000000   Number         0  printf_stubs.o ABSOLUTE
    _printf_return_value                     0x00000000   Number         0  printf_stubs.o ABSOLUTE
    _printf_sizespec                         0x00000000   Number         0  printf_stubs.o ABSOLUTE
    _printf_widthprec                        0x00000000   Number         0  printf_stubs.o ABSOLUTE
    __ARM_exceptions_init                     - Undefined Weak Reference
    __alloca_initialize                       - Undefined Weak Reference
    __arm_preinit_                            - Undefined Weak Reference
    __cpp_initialize__aeabi_                  - Undefined Weak Reference
    __cxa_finalize                            - Undefined Weak Reference
    __sigvec_lookup                           - Undefined Weak Reference
    _atexit_init                              - Undefined Weak Reference
    _call_atexit_fns                          - Undefined Weak Reference
    _clock_init                               - Undefined Weak Reference
    _fp_trap_init                             - Undefined Weak Reference
    _fp_trap_shutdown                         - Undefined Weak Reference
    _get_lc_collate                           - Undefined Weak Reference
    _get_lc_monetary                          - Undefined Weak Reference
    _get_lc_time                              - Undefined Weak Reference
    _getenv_init                              - Undefined Weak Reference
    _handle_redirection                       - Undefined Weak Reference
    _init_alloc                               - Undefined Weak Reference
    _init_user_alloc                          - Undefined Weak Reference
    _initio                                   - Undefined Weak Reference
    _printf_mbtowc                            - Undefined Weak Reference
    _printf_wc                                - Undefined Weak Reference
    _rand_init                                - Undefined Weak Reference
    _signal_finish                            - Undefined Weak Reference
    _signal_init                              - Undefined Weak Reference
    _terminate_alloc                          - Undefined Weak Reference
    _terminate_user_alloc                     - Undefined Weak Reference
    _terminateio                              - Undefined Weak Reference
    __Vectors_Size                           0x000000b4   Number         0  startup_stm32f030x8.o ABSOLUTE
    __Vectors                                0x08000000   Data           4  startup_stm32f030x8.o(RESET)
    __Vectors_End                            0x080000b4   Data           0  startup_stm32f030x8.o(RESET)
    __main                                   0x080000b5   Thumb Code     8  __main.o(!!!main)
    __scatterload                            0x080000bd   Thumb Code     0  __scatter.o(!!!scatter)
    __scatterload_rt2                        0x080000bd   Thumb Code    52  __scatter.o(!!!scatter)
    __scatterload_rt2_thumb_only             0x080000bd   Thumb Code     0  __scatter.o(!!!scatter)
    __scatterload_null                       0x080000cd   Thumb Code     0  __scatter.o(!!!scatter)
    __scatterload_copy                       0x080000f9   Thumb Code    26  __scatter_copy.o(!!handler_copy)
    __scatterload_zeroinit                   0x08000115   Thumb Code    28  __scatter_zi.o(!!handler_zi)
    _printf_percent                          0x08000131   Thumb Code     0  _printf_percent.o(.ARM.Collect$$_printf_percent$$00000000)
    _printf_n                                0x08000133   Thumb Code     0  _printf_n.o(.ARM.Collect$$_printf_percent$$00000001)
    _printf_p                                0x0800013d   Thumb Code     0  _printf_p.o(.ARM.Collect$$_printf_percent$$00000002)
    _printf_f                                0x08000147   Thumb Code     0  _printf_f.o(.ARM.Collect$$_printf_percent$$00000003)
    _printf_e                                0x08000151   Thumb Code     0  _printf_e.o(.ARM.Collect$$_printf_percent$$00000004)
    _printf_g                                0x0800015b   Thumb Code     0  _printf_g.o(.ARM.Collect$$_printf_percent$$00000005)
    _printf_a                                0x08000165   Thumb Code     0  _printf_a.o(.ARM.Collect$$_printf_percent$$00000006)
    _printf_ll                               0x0800016f   Thumb Code     0  _printf_ll.o(.ARM.Collect$$_printf_percent$$00000007)
    _printf_i                                0x08000179   Thumb Code     0  _printf_i.o(.ARM.Collect$$_printf_percent$$00000008)
    _printf_d                                0x08000183   Thumb Code     0  _printf_d.o(.ARM.Collect$$_printf_percent$$00000009)
    _printf_u                                0x0800018d   Thumb Code     0  _printf_u.o(.ARM.Collect$$_printf_percent$$0000000A)
    _printf_o                                0x08000197   Thumb Code     0  _printf_o.o(.ARM.Collect$$_printf_percent$$0000000B)
    _printf_x                                0x080001a1   Thumb Code     0  _printf_x.o(.ARM.Collect$$_printf_percent$$0000000C)
    _printf_lli                              0x080001ab   Thumb Code     0  _printf_lli.o(.ARM.Collect$$_printf_percent$$0000000D)
    _printf_lld                              0x080001b5   Thumb Code     0  _printf_lld.o(.ARM.Collect$$_printf_percent$$0000000E)
    _printf_llu                              0x080001bf   Thumb Code     0  _printf_llu.o(.ARM.Collect$$_printf_percent$$0000000F)
    _printf_llo                              0x080001c9   Thumb Code     0  _printf_llo.o(.ARM.Collect$$_printf_percent$$00000010)
    _printf_llx                              0x080001d3   Thumb Code     0  _printf_llx.o(.ARM.Collect$$_printf_percent$$00000011)
    _printf_l                                0x080001dd   Thumb Code     0  _printf_l.o(.ARM.Collect$$_printf_percent$$00000012)
    _printf_c                                0x080001e7   Thumb Code     0  _printf_c.o(.ARM.Collect$$_printf_percent$$00000013)
    _printf_s                                0x080001f1   Thumb Code     0  _printf_s.o(.ARM.Collect$$_printf_percent$$00000014)
    _printf_lc                               0x080001fb   Thumb Code     0  _printf_lc.o(.ARM.Collect$$_printf_percent$$00000015)
    _printf_ls                               0x08000205   Thumb Code     0  _printf_ls.o(.ARM.Collect$$_printf_percent$$00000016)
    _printf_percent_end                      0x0800020f   Thumb Code     0  _printf_percent_end.o(.ARM.Collect$$_printf_percent$$00000017)
    __rt_lib_init                            0x08000213   Thumb Code     0  libinit.o(.ARM.Collect$$libinit$$00000000)
    __rt_lib_init_fp_1                       0x08000215   Thumb Code     0  libinit2.o(.ARM.Collect$$libinit$$00000002)
    __rt_lib_init_heap_1                     0x08000215   Thumb Code     0  libinit2.o(.ARM.Collect$$libinit$$0000000A)
    __rt_lib_init_lc_common                  0x08000215   Thumb Code     0  libinit2.o(.ARM.Collect$$libinit$$0000000F)
    __rt_lib_init_preinit_1                  0x08000215   Thumb Code     0  libinit2.o(.ARM.Collect$$libinit$$00000004)
    __rt_lib_init_rand_1                     0x08000215   Thumb Code     0  libinit2.o(.ARM.Collect$$libinit$$0000000E)
    __rt_lib_init_user_alloc_1               0x08000215   Thumb Code     0  libinit2.o(.ARM.Collect$$libinit$$0000000C)
    __rt_lib_init_lc_collate_1               0x0800021b   Thumb Code     0  libinit2.o(.ARM.Collect$$libinit$$00000011)
    __rt_lib_init_lc_ctype_2                 0x0800021b   Thumb Code     0  libinit2.o(.ARM.Collect$$libinit$$00000012)
    __rt_lib_init_lc_ctype_1                 0x08000227   Thumb Code     0  libinit2.o(.ARM.Collect$$libinit$$00000013)
    __rt_lib_init_lc_monetary_1              0x08000227   Thumb Code     0  libinit2.o(.ARM.Collect$$libinit$$00000015)
    __rt_lib_init_lc_numeric_2               0x08000227   Thumb Code     0  libinit2.o(.ARM.Collect$$libinit$$00000016)
    __rt_lib_init_alloca_1                   0x08000231   Thumb Code     0  libinit2.o(.ARM.Collect$$libinit$$0000002E)
    __rt_lib_init_argv_1                     0x08000231   Thumb Code     0  libinit2.o(.ARM.Collect$$libinit$$0000002C)
    __rt_lib_init_atexit_1                   0x08000231   Thumb Code     0  libinit2.o(.ARM.Collect$$libinit$$0000001B)
    __rt_lib_init_clock_1                    0x08000231   Thumb Code     0  libinit2.o(.ARM.Collect$$libinit$$00000021)
    __rt_lib_init_cpp_1                      0x08000231   Thumb Code     0  libinit2.o(.ARM.Collect$$libinit$$00000032)
    __rt_lib_init_exceptions_1               0x08000231   Thumb Code     0  libinit2.o(.ARM.Collect$$libinit$$00000030)
    __rt_lib_init_fp_trap_1                  0x08000231   Thumb Code     0  libinit2.o(.ARM.Collect$$libinit$$0000001F)
    __rt_lib_init_getenv_1                   0x08000231   Thumb Code     0  libinit2.o(.ARM.Collect$$libinit$$00000023)
    __rt_lib_init_lc_numeric_1               0x08000231   Thumb Code     0  libinit2.o(.ARM.Collect$$libinit$$00000017)
    __rt_lib_init_lc_time_1                  0x08000231   Thumb Code     0  libinit2.o(.ARM.Collect$$libinit$$00000019)
    __rt_lib_init_return                     0x08000231   Thumb Code     0  libinit2.o(.ARM.Collect$$libinit$$00000033)
    __rt_lib_init_signal_1                   0x08000231   Thumb Code     0  libinit2.o(.ARM.Collect$$libinit$$0000001D)
    __rt_lib_init_stdio_1                    0x08000231   Thumb Code     0  libinit2.o(.ARM.Collect$$libinit$$00000025)
    __rt_lib_shutdown                        0x08000233   Thumb Code     0  libshutdown.o(.ARM.Collect$$libshutdown$$00000000)
    __rt_lib_shutdown_cpp_1                  0x08000235   Thumb Code     0  libshutdown2.o(.ARM.Collect$$libshutdown$$00000002)
    __rt_lib_shutdown_fp_trap_1              0x08000235   Thumb Code     0  libshutdown2.o(.ARM.Collect$$libshutdown$$00000007)
    __rt_lib_shutdown_heap_1                 0x08000235   Thumb Code     0  libshutdown2.o(.ARM.Collect$$libshutdown$$0000000F)
    __rt_lib_shutdown_return                 0x08000235   Thumb Code     0  libshutdown2.o(.ARM.Collect$$libshutdown$$00000010)
    __rt_lib_shutdown_signal_1               0x08000235   Thumb Code     0  libshutdown2.o(.ARM.Collect$$libshutdown$$0000000A)
    __rt_lib_shutdown_stdio_1                0x08000235   Thumb Code     0  libshutdown2.o(.ARM.Collect$$libshutdown$$00000004)
    __rt_lib_shutdown_user_alloc_1           0x08000235   Thumb Code     0  libshutdown2.o(.ARM.Collect$$libshutdown$$0000000C)
    __rt_entry                               0x08000237   Thumb Code     0  __rtentry.o(.ARM.Collect$$rtentry$$00000000)
    __rt_entry_presh_1                       0x08000237   Thumb Code     0  __rtentry2.o(.ARM.Collect$$rtentry$$00000002)
    __rt_entry_sh                            0x08000237   Thumb Code     0  __rtentry4.o(.ARM.Collect$$rtentry$$00000004)
    __rt_entry_li                            0x0800023d   Thumb Code     0  __rtentry2.o(.ARM.Collect$$rtentry$$0000000A)
    __rt_entry_postsh_1                      0x0800023d   Thumb Code     0  __rtentry2.o(.ARM.Collect$$rtentry$$00000009)
    __rt_entry_main                          0x08000241   Thumb Code     0  __rtentry2.o(.ARM.Collect$$rtentry$$0000000D)
    __rt_entry_postli_1                      0x08000241   Thumb Code     0  __rtentry2.o(.ARM.Collect$$rtentry$$0000000C)
    __rt_exit                                0x08000249   Thumb Code     0  rtexit.o(.ARM.Collect$$rtexit$$00000000)
    __rt_exit_ls                             0x0800024b   Thumb Code     0  rtexit2.o(.ARM.Collect$$rtexit$$00000003)
    __rt_exit_prels_1                        0x0800024b   Thumb Code     0  rtexit2.o(.ARM.Collect$$rtexit$$00000002)
    __rt_exit_exit                           0x0800024f   Thumb Code     0  rtexit2.o(.ARM.Collect$$rtexit$$00000004)
    __aeabi_memcpy4                          0x08000255   Thumb Code    56  rt_memcpy.o(.emb_text)
    __aeabi_memcpy8                          0x08000255   Thumb Code     0  rt_memcpy.o(.emb_text)
    Reset_Handler                            0x0800028d   Thumb Code     8  startup_stm32f030x8.o(.text)
    ADC1_IRQHandler                          0x0800029f   Thumb Code     0  startup_stm32f030x8.o(.text)
    DMA1_Channel1_IRQHandler                 0x0800029f   Thumb Code     0  startup_stm32f030x8.o(.text)
    EXTI0_1_IRQHandler                       0x0800029f   Thumb Code     0  startup_stm32f030x8.o(.text)
    EXTI2_3_IRQHandler                       0x0800029f   Thumb Code     0  startup_stm32f030x8.o(.text)
    EXTI4_15_IRQHandler                      0x0800029f   Thumb Code     0  startup_stm32f030x8.o(.text)
    FLASH_IRQHandler                         0x0800029f   Thumb Code     0  startup_stm32f030x8.o(.text)
    I2C1_IRQHandler                          0x0800029f   Thumb Code     0  startup_stm32f030x8.o(.text)
    I2C2_IRQHandler                          0x0800029f   Thumb Code     0  startup_stm32f030x8.o(.text)
    RCC_IRQHandler                           0x0800029f   Thumb Code     0  startup_stm32f030x8.o(.text)
    RTC_IRQHandler                           0x0800029f   Thumb Code     0  startup_stm32f030x8.o(.text)
    SPI1_IRQHandler                          0x0800029f   Thumb Code     0  startup_stm32f030x8.o(.text)
    SPI2_IRQHandler                          0x0800029f   Thumb Code     0  startup_stm32f030x8.o(.text)
    TIM14_IRQHandler                         0x0800029f   Thumb Code     0  startup_stm32f030x8.o(.text)
    TIM15_IRQHandler                         0x0800029f   Thumb Code     0  startup_stm32f030x8.o(.text)
    TIM16_IRQHandler                         0x0800029f   Thumb Code     0  startup_stm32f030x8.o(.text)
    TIM17_IRQHandler                         0x0800029f   Thumb Code     0  startup_stm32f030x8.o(.text)
    TIM1_BRK_UP_TRG_COM_IRQHandler           0x0800029f   Thumb Code     0  startup_stm32f030x8.o(.text)
    TIM1_CC_IRQHandler                       0x0800029f   Thumb Code     0  startup_stm32f030x8.o(.text)
    TIM3_IRQHandler                          0x0800029f   Thumb Code     0  startup_stm32f030x8.o(.text)
    TIM6_IRQHandler                          0x0800029f   Thumb Code     0  startup_stm32f030x8.o(.text)
    USART1_IRQHandler                        0x0800029f   Thumb Code     0  startup_stm32f030x8.o(.text)
    WWDG_IRQHandler                          0x0800029f   Thumb Code     0  startup_stm32f030x8.o(.text)
    __user_initial_stackheap                 0x080002a1   Thumb Code     0  startup_stm32f030x8.o(.text)
    __aeabi_uldivmod                         0x080002c5   Thumb Code   258  lludiv.o(.text)
    _ll_udiv                                 0x080002c5   Thumb Code     0  lludiv.o(.text)
    vsnprintf                                0x080003c9   Thumb Code    50  vsnprintf.o(.text)
    __2snprintf                              0x08000401   Thumb Code    54  __2snprintf.o(.text)
    _printf_str                              0x0800043d   Thumb Code    82  _printf_str.o(.text)
    _printf_int_dec                          0x08000491   Thumb Code    90  _printf_dec.o(.text)
    __printf                                 0x080004fd   Thumb Code   386  __printf_flags_ss_wp.o(.text)
    strstr                                   0x08000685   Thumb Code    40  strstr.o(.text)
    strlen                                   0x080006ad   Thumb Code    62  strlen.o(.text)
    __aeabi_memcpy                           0x080006f1   Thumb Code   130  rt_memcpy.o(.text)
    __rt_memcpy                              0x080006f1   Thumb Code     0  rt_memcpy.o(.text)
    _memset_w                                0x08000773   Thumb Code    26  rt_memclr.o(.text)
    _memset                                  0x0800078d   Thumb Code    30  rt_memclr.o(.text)
    __aeabi_memclr                           0x080007ab   Thumb Code     4  rt_memclr.o(.text)
    __rt_memclr                              0x080007ab   Thumb Code     0  rt_memclr.o(.text)
    __aeabi_memclr4                          0x080007af   Thumb Code     0  rt_memclr.o(.text)
    __aeabi_memclr8                          0x080007af   Thumb Code     0  rt_memclr.o(.text)
    __rt_memclr_w                            0x080007af   Thumb Code     4  rt_memclr.o(.text)
    strncpy                                  0x080007b5   Thumb Code   104  strncpy.o(.text)
    __aeabi_uidiv                            0x08000821   Thumb Code     0  aeabi_sdiv.o(.text)
    __aeabi_uidivmod                         0x08000821   Thumb Code    20  aeabi_sdiv.o(.text)
    __aeabi_idiv                             0x08000835   Thumb Code     0  aeabi_sdiv.o(.text)
    __aeabi_idivmod                          0x08000835   Thumb Code   326  aeabi_sdiv.o(.text)
    __use_two_region_memory                  0x0800097b   Thumb Code     2  heapauxi.o(.text)
    __rt_heap_escrow$2region                 0x0800097d   Thumb Code     2  heapauxi.o(.text)
    __rt_heap_expand$2region                 0x0800097f   Thumb Code     2  heapauxi.o(.text)
    _printf_pre_padding                      0x08000981   Thumb Code    44  _printf_pad.o(.text)
    _printf_post_padding                     0x080009ad   Thumb Code    34  _printf_pad.o(.text)
    _printf_truncate_signed                  0x080009cf   Thumb Code    18  _printf_truncate.o(.text)
    _printf_truncate_unsigned                0x080009e1   Thumb Code    18  _printf_truncate.o(.text)
    _printf_int_common                       0x080009f3   Thumb Code   176  _printf_intcommon.o(.text)
    _printf_charcount                        0x08000aa3   Thumb Code    38  _printf_charcount.o(.text)
    _printf_char_common                      0x08000ad3   Thumb Code    32  _printf_char_common.o(.text)
    _sputc                                   0x08000af9   Thumb Code    10  _sputc.o(.text)
    _snputc                                  0x08000b03   Thumb Code    16  _snputc.o(.text)
    _printf_cs_common                        0x08000b13   Thumb Code    22  _printf_char.o(.text)
    _printf_char                             0x08000b29   Thumb Code    16  _printf_char.o(.text)
    _printf_string                           0x08000b39   Thumb Code     8  _printf_char.o(.text)
    _printf_wctomb                           0x08000b41   Thumb Code   182  _printf_wctomb.o(.text)
    _printf_longlong_dec                     0x08000bfd   Thumb Code    94  _printf_longlong_dec.o(.text)
    _printf_longlong_oct                     0x08000c6d   Thumb Code    68  _printf_oct_int_ll.o(.text)
    _printf_int_oct                          0x08000cb1   Thumb Code    24  _printf_oct_int_ll.o(.text)
    _printf_ll_oct                           0x08000cc9   Thumb Code    10  _printf_oct_int_ll.o(.text)
    _printf_longlong_hex                     0x08000cdd   Thumb Code    88  _printf_hex_int_ll_ptr.o(.text)
    _printf_int_hex                          0x08000d35   Thumb Code    28  _printf_hex_int_ll_ptr.o(.text)
    _printf_ll_hex                           0x08000d51   Thumb Code    10  _printf_hex_int_ll_ptr.o(.text)
    _printf_hex_ptr                          0x08000d5b   Thumb Code    22  _printf_hex_int_ll_ptr.o(.text)
    __rt_udiv10                              0x08000d75   Thumb Code    40  rtudiv10.o(.text)
    _ll_udiv10                               0x08000d9d   Thumb Code   122  lludiv10.o(.text)
    __lib_sel_fp_printf                      0x08000e19   Thumb Code     2  _printf_fp_dec.o(.text)
    _printf_fp_dec_real                      0x08000fb7   Thumb Code   620  _printf_fp_dec.o(.text)
    _printf_fp_hex_real                      0x08001231   Thumb Code   718  _printf_fp_hex.o(.text)
    _printf_lcs_common                       0x08001509   Thumb Code    22  _printf_wchar.o(.text)
    _printf_wchar                            0x0800151f   Thumb Code    16  _printf_wchar.o(.text)
    _printf_wstring                          0x0800152f   Thumb Code     8  _printf_wchar.o(.text)
    _wcrtomb                                 0x08001537   Thumb Code    64  _wcrtomb.o(.text)
    __user_setup_stackheap                   0x08001577   Thumb Code    62  sys_stackheap_outer.o(.text)
    __rt_ctype_table                         0x080015b5   Thumb Code    16  rt_ctype_table.o(.text)
    __rt_locale                              0x080015c5   Thumb Code     8  rt_locale_intlibspace.o(.text)
    _printf_fp_infnan                        0x080015cd   Thumb Code   120  _printf_fp_infnan.o(.text)
    _btod_etento                             0x08001655   Thumb Code   210  bigflt0.o(.text)
    _btod_d2e                                0x0800172d   Thumb Code    64  btod.o(.text)
    _btod_emul                               0x08001b61   Thumb Code    28  btod.o(.text)
    _btod_emuld                              0x08001b7d   Thumb Code   144  btod.o(.text)
    _btod_ediv                               0x08001c0d   Thumb Code    26  btod.o(.text)
    _btod_edivd                              0x08001c27   Thumb Code   124  btod.o(.text)
    exit                                     0x08001cad   Thumb Code    16  exit.o(.text)
    __user_libspace                          0x08001cbd   Thumb Code     8  libspace.o(.text)
    __user_perproc_libspace                  0x08001cbd   Thumb Code     0  libspace.o(.text)
    __user_perthread_libspace                0x08001cbd   Thumb Code     0  libspace.o(.text)
    strcmp                                   0x08001cc5   Thumb Code   132  strcmp.o(.text)
    _sys_exit                                0x08001d4d   Thumb Code     8  sys_exit.o(.text)
    __I$use$semihosting                      0x08001d59   Thumb Code     0  use_no_semi.o(.text)
    __use_no_semihosting_swi                 0x08001d59   Thumb Code     2  use_no_semi.o(.text)
    __semihosting_library_function           0x08001d5b   Thumb Code     0  indicate_semi.o(.text)
    A7600_MQTT_Connect                       0x08001d5d   Thumb Code   852  a7600_mqtt.o(i.A7600_MQTT_Connect)
    A7600_MQTT_Disconnect                    0x08002431   Thumb Code    86  a7600_mqtt.o(i.A7600_MQTT_Disconnect)
    A7600_MQTT_Init                          0x080024c5   Thumb Code    80  a7600_mqtt.o(i.A7600_MQTT_Init)
    A7600_MQTT_IsConnected                   0x08002535   Thumb Code    14  a7600_mqtt.o(i.A7600_MQTT_IsConnected)
    A7600_MQTT_Process                       0x08002545   Thumb Code   164  a7600_mqtt.o(i.A7600_MQTT_Process)
    A7600_MQTT_Publish                       0x08002631   Thumb Code   252  a7600_mqtt.o(i.A7600_MQTT_Publish)
    A7600_MQTT_PublishString                 0x08002895   Thumb Code    36  a7600_mqtt.o(i.A7600_MQTT_PublishString)
    A7600_MQTT_SetMessageCallback            0x080028b9   Thumb Code    10  a7600_mqtt.o(i.A7600_MQTT_SetMessageCallback)
    A7600_MQTT_Subscribe                     0x080028c5   Thumb Code    82  a7600_mqtt.o(i.A7600_MQTT_Subscribe)
    App_Connect                              0x08002945   Thumb Code    78  app.o(i.App_Connect)
    App_Init                                 0x080029ad   Thumb Code   138  app.o(i.App_Init)
    App_PublishSensor                        0x08002ac1   Thumb Code    46  app.o(i.App_PublishSensor)
    App_PublishStatus                        0x08002b01   Thumb Code    46  app.o(i.App_PublishStatus)
    App_Run                                  0x08002b41   Thumb Code   172  app.o(i.App_Run)
    DMA1_Channel2_3_IRQHandler               0x08002c39   Thumb Code    10  stm32f0xx_it.o(i.DMA1_Channel2_3_IRQHandler)
    DMA1_Channel4_5_IRQHandler               0x08002c49   Thumb Code    16  stm32f0xx_it.o(i.DMA1_Channel4_5_IRQHandler)
    Debug_Log                                0x08002cad   Thumb Code    88  debug_log.o(i.Debug_Log)
    Debug_TxCpltCallback                     0x08002d15   Thumb Code    16  debug_log.o(i.Debug_TxCpltCallback)
    Error_Handler                            0x08002d2d   Thumb Code     4  main.o(i.Error_Handler)
    HAL_DMA_Abort                            0x08002d31   Thumb Code    64  stm32f0xx_hal_dma.o(i.HAL_DMA_Abort)
    HAL_DMA_Abort_IT                         0x08002d71   Thumb Code    72  stm32f0xx_hal_dma.o(i.HAL_DMA_Abort_IT)
    HAL_DMA_GetError                         0x08002db9   Thumb Code     4  stm32f0xx_hal_dma.o(i.HAL_DMA_GetError)
    HAL_DMA_IRQHandler                       0x08002dbd   Thumb Code   156  stm32f0xx_hal_dma.o(i.HAL_DMA_IRQHandler)
    HAL_DMA_Init                             0x08002e59   Thumb Code    78  stm32f0xx_hal_dma.o(i.HAL_DMA_Init)
    HAL_DMA_Start_IT                         0x08002ead   Thumb Code   106  stm32f0xx_hal_dma.o(i.HAL_DMA_Start_IT)
    HAL_Delay                                0x08002f19   Thumb Code    32  stm32f0xx_hal.o(i.HAL_Delay)
    HAL_GPIO_Init                            0x08002f3d   Thumb Code   396  stm32f0xx_hal_gpio.o(i.HAL_GPIO_Init)
    HAL_GPIO_WritePin                        0x080030e1   Thumb Code    12  stm32f0xx_hal_gpio.o(i.HAL_GPIO_WritePin)
    HAL_GetTick                              0x080030ed   Thumb Code     6  stm32f0xx_hal.o(i.HAL_GetTick)
    HAL_IncTick                              0x080030f9   Thumb Code    12  stm32f0xx_hal.o(i.HAL_IncTick)
    HAL_Init                                 0x08003109   Thumb Code    26  stm32f0xx_hal.o(i.HAL_Init)
    HAL_InitTick                             0x08003129   Thumb Code    58  stm32f0xx_hal.o(i.HAL_InitTick)
    HAL_MspInit                              0x0800316d   Thumb Code    34  stm32f0xx_hal_msp.o(i.HAL_MspInit)
    HAL_NVIC_EnableIRQ                       0x08003195   Thumb Code    18  stm32f0xx_hal_cortex.o(i.HAL_NVIC_EnableIRQ)
    HAL_NVIC_SetPriority                     0x080031ad   Thumb Code     8  stm32f0xx_hal_cortex.o(i.HAL_NVIC_SetPriority)
    HAL_RCC_ClockConfig                      0x080031b5   Thumb Code   242  stm32f0xx_hal_rcc.o(i.HAL_RCC_ClockConfig)
    HAL_RCC_GetPCLK1Freq                     0x080032bd   Thumb Code    20  stm32f0xx_hal_rcc.o(i.HAL_RCC_GetPCLK1Freq)
    HAL_RCC_GetSysClockFreq                  0x080032dd   Thumb Code    68  stm32f0xx_hal_rcc.o(i.HAL_RCC_GetSysClockFreq)
    HAL_RCC_OscConfig                        0x08003331   Thumb Code   890  stm32f0xx_hal_rcc.o(i.HAL_RCC_OscConfig)
    HAL_SYSTICK_Config                       0x080036b9   Thumb Code    38  stm32f0xx_hal_cortex.o(i.HAL_SYSTICK_Config)
    HAL_UARTEx_RxEventCallback               0x080036e9   Thumb Code     2  stm32f0xx_hal_uart.o(i.HAL_UARTEx_RxEventCallback)
    HAL_UART_AbortTransmit                   0x080036eb   Thumb Code   112  stm32f0xx_hal_uart.o(i.HAL_UART_AbortTransmit)
    HAL_UART_ErrorCallback                   0x0800375b   Thumb Code     2  stm32f0xx_hal_uart.o(i.HAL_UART_ErrorCallback)
    HAL_UART_IRQHandler                      0x0800375d   Thumb Code   648  stm32f0xx_hal_uart.o(i.HAL_UART_IRQHandler)
    HAL_UART_Init                            0x080039f1   Thumb Code   106  stm32f0xx_hal_uart.o(i.HAL_UART_Init)
    HAL_UART_MspInit                         0x08003a5d   Thumb Code   302  stm32f0xx_hal_msp.o(i.HAL_UART_MspInit)
    HAL_UART_Receive_DMA                     0x08003ba9   Thumb Code    88  stm32f0xx_hal_uart.o(i.HAL_UART_Receive_DMA)
    HAL_UART_RxCpltCallback                  0x08003c01   Thumb Code     2  stm32f0xx_hal_uart.o(i.HAL_UART_RxCpltCallback)
    HAL_UART_RxHalfCpltCallback              0x08003c03   Thumb Code     2  stm32f0xx_hal_uart.o(i.HAL_UART_RxHalfCpltCallback)
    HAL_UART_Transmit_DMA                    0x08003c05   Thumb Code   158  stm32f0xx_hal_uart.o(i.HAL_UART_Transmit_DMA)
    HAL_UART_TxCpltCallback                  0x08003cb1   Thumb Code    34  main.o(i.HAL_UART_TxCpltCallback)
    HAL_UART_TxHalfCpltCallback              0x08003ce1   Thumb Code     2  stm32f0xx_hal_uart.o(i.HAL_UART_TxHalfCpltCallback)
    HardFault_Handler                        0x08003ce3   Thumb Code     2  stm32f0xx_it.o(i.HardFault_Handler)
    NMI_Handler                              0x08003e09   Thumb Code     2  stm32f0xx_it.o(i.NMI_Handler)
    PendSV_Handler                           0x08003e0b   Thumb Code     2  stm32f0xx_it.o(i.PendSV_Handler)
    SVC_Handler                              0x08003e0d   Thumb Code     2  stm32f0xx_it.o(i.SVC_Handler)
    SysTick_Handler                          0x08003e0f   Thumb Code     8  stm32f0xx_it.o(i.SysTick_Handler)
    SystemClock_Config                       0x08003e17   Thumb Code    90  main.o(i.SystemClock_Config)
    SystemInit                               0x08003e71   Thumb Code     2  system_stm32f0xx.o(i.SystemInit)
    UART_AdvFeatureConfig                    0x08003e73   Thumb Code   202  stm32f0xx_hal_uart.o(i.UART_AdvFeatureConfig)
    UART_CheckIdleState                      0x08003f3d   Thumb Code   190  stm32f0xx_hal_uart.o(i.UART_CheckIdleState)
    UART_DMA_Available                       0x0800416d   Thumb Code    32  uart_dma.o(i.UART_DMA_Available)
    UART_DMA_GetDMAPos                       0x0800418d   Thumb Code    16  uart_dma.o(i.UART_DMA_GetDMAPos)
    UART_DMA_IDLE_IRQHandler                 0x0800419d   Thumb Code    16  uart_dma.o(i.UART_DMA_IDLE_IRQHandler)
    UART_DMA_Init                            0x080041ad   Thumb Code    62  uart_dma.o(i.UART_DMA_Init)
    UART_DMA_IsTxBusy                        0x080041eb   Thumb Code    10  uart_dma.o(i.UART_DMA_IsTxBusy)
    UART_DMA_Read                            0x080041f5   Thumb Code    54  uart_dma.o(i.UART_DMA_Read)
    UART_DMA_Transmit                        0x0800422b   Thumb Code    68  uart_dma.o(i.UART_DMA_Transmit)
    UART_DMA_TransmitString                  0x0800426f   Thumb Code    24  uart_dma.o(i.UART_DMA_TransmitString)
    UART_DMA_TxCplt_Callback                 0x08004287   Thumb Code    12  uart_dma.o(i.UART_DMA_TxCplt_Callback)
    UART_SetConfig                           0x08004315   Thumb Code   280  stm32f0xx_hal_uart.o(i.UART_SetConfig)
    UART_Start_Receive_DMA                   0x08004445   Thumb Code   160  stm32f0xx_hal_uart.o(i.UART_Start_Receive_DMA)
    UART_WaitOnFlagUntilTimeout              0x080044f1   Thumb Code   150  stm32f0xx_hal_uart.o(i.UART_WaitOnFlagUntilTimeout)
    USART2_IRQHandler                        0x08004589   Thumb Code    16  stm32f0xx_it.o(i.USART2_IRQHandler)
    __ARM_common_ll_muluu                    0x080045a1   Thumb Code    48  stm32f0xx_hal_rcc.o(i.__ARM_common_ll_muluu)
    __ARM_common_switch8                     0x080045d1   Thumb Code    26  stm32f0xx_hal_dma.o(i.__ARM_common_switch8)
    __ARM_fpclassify                         0x080045ed   Thumb Code    40  fpclassify.o(i.__ARM_fpclassify)
    _is_digit                                0x0800465d   Thumb Code    14  __printf_wp.o(i._is_digit)
    main                                     0x08004685   Thumb Code   148  main.o(i.main)
    _get_lc_numeric                          0x08004805   Thumb Code    44  lc_numeric_c.o(locale$$code)
    _get_lc_ctype                            0x08004831   Thumb Code    44  lc_ctype_c.o(locale$$code)
    _printf_fp_dec                           0x0800485d   Thumb Code    16  printf1.o(x$fpl$printf1)
    _printf_fp_hex                           0x0800486d   Thumb Code    16  printf2.o(x$fpl$printf2)
    __I$use$fp                               0x0800487c   Number         0  usenofp.o(x$fpl$usenofp)
    AHBPrescTable                            0x0800489c   Data          16  system_stm32f0xx.o(.constdata)
    APBPrescTable                            0x080048ac   Data           8  system_stm32f0xx.o(.constdata)
    Region$$Table$$Base                      0x08004a58   Number         0  anon$$obj.o(Region$$Table)
    Region$$Table$$Limit                     0x08004a78   Number         0  anon$$obj.o(Region$$Table)
    __ctype                                  0x08004aa1   Data           0  lc_ctype_c.o(locale$$data)
    uwTickFreq                               0x20000000   Data           1  stm32f0xx_hal.o(.data)
    uwTickPrio                               0x20000004   Data           4  stm32f0xx_hal.o(.data)
    uwTick                                   0x20000008   Data           4  stm32f0xx_hal.o(.data)
    SystemCoreClock                          0x2000000c   Data           4  system_stm32f0xx.o(.data)
    huart2                                   0x20000014   Data         136  main.o(.bss)
    huart1                                   0x2000009c   Data         136  main.o(.bss)
    sim_uart                                 0x20000124   Data         524  main.o(.bss)
    app                                      0x20000330   Data         848  main.o(.bss)
    hdma_usart2_rx                           0x20000680   Data          68  main.o(.bss)
    hdma_usart2_tx                           0x200006c4   Data          68  main.o(.bss)
    hdma_usart1_tx                           0x20000708   Data          68  main.o(.bss)
    __libspace_start                         0x200009cc   Data          96  libspace.o(.bss)
    __temporary_stack_top$libspace           0x20000a2c   Data           0  libspace.o(.bss)



==============================================================================

Memory Map of the image

  Image Entry point : 0x080000b5

  Load Region LR_IROM1 (Base: 0x08000000, Size: 0x00004bb8, Max: 0x00010000, ABSOLUTE)

    Execution Region ER_IROM1 (Exec base: 0x08000000, Load base: 0x08000000, Size: 0x00004ba4, Max: 0x00010000, ABSOLUTE)

    Exec Addr    Load Addr    Size         Type   Attr      Idx    E Section Name        Object

    0x08000000   0x08000000   0x000000b4   Data   RO            3    RESET               startup_stm32f030x8.o
    0x080000b4   0x080000b4   0x00000008   Code   RO         2537  * !!!main             c_p.l(__main.o)
    0x080000bc   0x080000bc   0x0000003c   Code   RO         2828    !!!scatter          c_p.l(__scatter.o)
    0x080000f8   0x080000f8   0x0000001a   Code   RO         2830    !!handler_copy      c_p.l(__scatter_copy.o)
    0x08000112   0x08000112   0x00000002   PAD
    0x08000114   0x08000114   0x0000001c   Code   RO         2832    !!handler_zi        c_p.l(__scatter_zi.o)
    0x08000130   0x08000130   0x00000002   Code   RO         2518    .ARM.Collect$$_printf_percent$$00000000  c_p.l(_printf_percent.o)
    0x08000132   0x08000132   0x0000000a   Code   RO         2597    .ARM.Collect$$_printf_percent$$00000001  c_p.l(_printf_n.o)
    0x0800013c   0x0800013c   0x0000000a   Code   RO         2599    .ARM.Collect$$_printf_percent$$00000002  c_p.l(_printf_p.o)
    0x08000146   0x08000146   0x0000000a   Code   RO         2602    .ARM.Collect$$_printf_percent$$00000003  c_p.l(_printf_f.o)
    0x08000150   0x08000150   0x0000000a   Code   RO         2603    .ARM.Collect$$_printf_percent$$00000004  c_p.l(_printf_e.o)
    0x0800015a   0x0800015a   0x0000000a   Code   RO         2604    .ARM.Collect$$_printf_percent$$00000005  c_p.l(_printf_g.o)
    0x08000164   0x08000164   0x0000000a   Code   RO         2605    .ARM.Collect$$_printf_percent$$00000006  c_p.l(_printf_a.o)
    0x0800016e   0x0800016e   0x0000000a   Code   RO         2610    .ARM.Collect$$_printf_percent$$00000007  c_p.l(_printf_ll.o)
    0x08000178   0x08000178   0x0000000a   Code   RO         2601    .ARM.Collect$$_printf_percent$$00000008  c_p.l(_printf_i.o)
    0x08000182   0x08000182   0x0000000a   Code   RO         2516    .ARM.Collect$$_printf_percent$$00000009  c_p.l(_printf_d.o)
    0x0800018c   0x0800018c   0x0000000a   Code   RO         2517    .ARM.Collect$$_printf_percent$$0000000A  c_p.l(_printf_u.o)
    0x08000196   0x08000196   0x0000000a   Code   RO         2600    .ARM.Collect$$_printf_percent$$0000000B  c_p.l(_printf_o.o)
    0x080001a0   0x080001a0   0x0000000a   Code   RO         2598    .ARM.Collect$$_printf_percent$$0000000C  c_p.l(_printf_x.o)
    0x080001aa   0x080001aa   0x0000000a   Code   RO         2607    .ARM.Collect$$_printf_percent$$0000000D  c_p.l(_printf_lli.o)
    0x080001b4   0x080001b4   0x0000000a   Code   RO         2608    .ARM.Collect$$_printf_percent$$0000000E  c_p.l(_printf_lld.o)
    0x080001be   0x080001be   0x0000000a   Code   RO         2609    .ARM.Collect$$_printf_percent$$0000000F  c_p.l(_printf_llu.o)
    0x080001c8   0x080001c8   0x0000000a   Code   RO         2614    .ARM.Collect$$_printf_percent$$00000010  c_p.l(_printf_llo.o)
    0x080001d2   0x080001d2   0x0000000a   Code   RO         2615    .ARM.Collect$$_printf_percent$$00000011  c_p.l(_printf_llx.o)
    0x080001dc   0x080001dc   0x0000000a   Code   RO         2611    .ARM.Collect$$_printf_percent$$00000012  c_p.l(_printf_l.o)
    0x080001e6   0x080001e6   0x0000000a   Code   RO         2596    .ARM.Collect$$_printf_percent$$00000013  c_p.l(_printf_c.o)
    0x080001f0   0x080001f0   0x0000000a   Code   RO         2515    .ARM.Collect$$_printf_percent$$00000014  c_p.l(_printf_s.o)
    0x080001fa   0x080001fa   0x0000000a   Code   RO         2612    .ARM.Collect$$_printf_percent$$00000015  c_p.l(_printf_lc.o)
    0x08000204   0x08000204   0x0000000a   Code   RO         2613    .ARM.Collect$$_printf_percent$$00000016  c_p.l(_printf_ls.o)
    0x0800020e   0x0800020e   0x00000004   Code   RO         2606    .ARM.Collect$$_printf_percent$$00000017  c_p.l(_printf_percent_end.o)
    0x08000212   0x08000212   0x00000002   Code   RO         2687    .ARM.Collect$$libinit$$00000000  c_p.l(libinit.o)
    0x08000214   0x08000214   0x00000000   Code   RO         2711    .ARM.Collect$$libinit$$00000002  c_p.l(libinit2.o)
    0x08000214   0x08000214   0x00000000   Code   RO         2713    .ARM.Collect$$libinit$$00000004  c_p.l(libinit2.o)
    0x08000214   0x08000214   0x00000000   Code   RO         2716    .ARM.Collect$$libinit$$0000000A  c_p.l(libinit2.o)
    0x08000214   0x08000214   0x00000000   Code   RO         2718    .ARM.Collect$$libinit$$0000000C  c_p.l(libinit2.o)
    0x08000214   0x08000214   0x00000000   Code   RO         2720    .ARM.Collect$$libinit$$0000000E  c_p.l(libinit2.o)
    0x08000214   0x08000214   0x00000006   Code   RO         2721    .ARM.Collect$$libinit$$0000000F  c_p.l(libinit2.o)
    0x0800021a   0x0800021a   0x00000000   Code   RO         2723    .ARM.Collect$$libinit$$00000011  c_p.l(libinit2.o)
    0x0800021a   0x0800021a   0x0000000c   Code   RO         2724    .ARM.Collect$$libinit$$00000012  c_p.l(libinit2.o)
    0x08000226   0x08000226   0x00000000   Code   RO         2725    .ARM.Collect$$libinit$$00000013  c_p.l(libinit2.o)
    0x08000226   0x08000226   0x00000000   Code   RO         2727    .ARM.Collect$$libinit$$00000015  c_p.l(libinit2.o)
    0x08000226   0x08000226   0x0000000a   Code   RO         2728    .ARM.Collect$$libinit$$00000016  c_p.l(libinit2.o)
    0x08000230   0x08000230   0x00000000   Code   RO         2729    .ARM.Collect$$libinit$$00000017  c_p.l(libinit2.o)
    0x08000230   0x08000230   0x00000000   Code   RO         2731    .ARM.Collect$$libinit$$00000019  c_p.l(libinit2.o)
    0x08000230   0x08000230   0x00000000   Code   RO         2733    .ARM.Collect$$libinit$$0000001B  c_p.l(libinit2.o)
    0x08000230   0x08000230   0x00000000   Code   RO         2735    .ARM.Collect$$libinit$$0000001D  c_p.l(libinit2.o)
    0x08000230   0x08000230   0x00000000   Code   RO         2737    .ARM.Collect$$libinit$$0000001F  c_p.l(libinit2.o)
    0x08000230   0x08000230   0x00000000   Code   RO         2739    .ARM.Collect$$libinit$$00000021  c_p.l(libinit2.o)
    0x08000230   0x08000230   0x00000000   Code   RO         2741    .ARM.Collect$$libinit$$00000023  c_p.l(libinit2.o)
    0x08000230   0x08000230   0x00000000   Code   RO         2743    .ARM.Collect$$libinit$$00000025  c_p.l(libinit2.o)
    0x08000230   0x08000230   0x00000000   Code   RO         2747    .ARM.Collect$$libinit$$0000002C  c_p.l(libinit2.o)
    0x08000230   0x08000230   0x00000000   Code   RO         2749    .ARM.Collect$$libinit$$0000002E  c_p.l(libinit2.o)
    0x08000230   0x08000230   0x00000000   Code   RO         2751    .ARM.Collect$$libinit$$00000030  c_p.l(libinit2.o)
    0x08000230   0x08000230   0x00000000   Code   RO         2753    .ARM.Collect$$libinit$$00000032  c_p.l(libinit2.o)
    0x08000230   0x08000230   0x00000002   Code   RO         2754    .ARM.Collect$$libinit$$00000033  c_p.l(libinit2.o)
    0x08000232   0x08000232   0x00000002   Code   RO         2785    .ARM.Collect$$libshutdown$$00000000  c_p.l(libshutdown.o)
    0x08000234   0x08000234   0x00000000   Code   RO         2811    .ARM.Collect$$libshutdown$$00000002  c_p.l(libshutdown2.o)
    0x08000234   0x08000234   0x00000000   Code   RO         2813    .ARM.Collect$$libshutdown$$00000004  c_p.l(libshutdown2.o)
    0x08000234   0x08000234   0x00000000   Code   RO         2816    .ARM.Collect$$libshutdown$$00000007  c_p.l(libshutdown2.o)
    0x08000234   0x08000234   0x00000000   Code   RO         2819    .ARM.Collect$$libshutdown$$0000000A  c_p.l(libshutdown2.o)
    0x08000234   0x08000234   0x00000000   Code   RO         2821    .ARM.Collect$$libshutdown$$0000000C  c_p.l(libshutdown2.o)
    0x08000234   0x08000234   0x00000000   Code   RO         2824    .ARM.Collect$$libshutdown$$0000000F  c_p.l(libshutdown2.o)
    0x08000234   0x08000234   0x00000002   Code   RO         2825    .ARM.Collect$$libshutdown$$00000010  c_p.l(libshutdown2.o)
    0x08000236   0x08000236   0x00000000   Code   RO         2539    .ARM.Collect$$rtentry$$00000000  c_p.l(__rtentry.o)
    0x08000236   0x08000236   0x00000000   Code   RO         2627    .ARM.Collect$$rtentry$$00000002  c_p.l(__rtentry2.o)
    0x08000236   0x08000236   0x00000006   Code   RO         2639    .ARM.Collect$$rtentry$$00000004  c_p.l(__rtentry4.o)
    0x0800023c   0x0800023c   0x00000000   Code   RO         2629    .ARM.Collect$$rtentry$$00000009  c_p.l(__rtentry2.o)
    0x0800023c   0x0800023c   0x00000004   Code   RO         2630    .ARM.Collect$$rtentry$$0000000A  c_p.l(__rtentry2.o)
    0x08000240   0x08000240   0x00000000   Code   RO         2632    .ARM.Collect$$rtentry$$0000000C  c_p.l(__rtentry2.o)
    0x08000240   0x08000240   0x00000008   Code   RO         2633    .ARM.Collect$$rtentry$$0000000D  c_p.l(__rtentry2.o)
    0x08000248   0x08000248   0x00000002   Code   RO         2697    .ARM.Collect$$rtexit$$00000000  c_p.l(rtexit.o)
    0x0800024a   0x0800024a   0x00000000   Code   RO         2758    .ARM.Collect$$rtexit$$00000002  c_p.l(rtexit2.o)
    0x0800024a   0x0800024a   0x00000004   Code   RO         2759    .ARM.Collect$$rtexit$$00000003  c_p.l(rtexit2.o)
    0x0800024e   0x0800024e   0x00000006   Code   RO         2760    .ARM.Collect$$rtexit$$00000004  c_p.l(rtexit2.o)
    0x08000254   0x08000254   0x00000038   Code   RO         2523    .emb_text           c_p.l(rt_memcpy.o)
    0x0800028c   0x0800028c   0x00000038   Code   RO            4    .text               startup_stm32f030x8.o
    0x080002c4   0x080002c4   0x00000102   Code   RO         2481    .text               c_p.l(lludiv.o)
    0x080003c6   0x080003c6   0x00000002   PAD
    0x080003c8   0x080003c8   0x00000038   Code   RO         2483    .text               c_p.l(vsnprintf.o)
    0x08000400   0x08000400   0x0000003c   Code   RO         2485    .text               c_p.l(__2snprintf.o)
    0x0800043c   0x0800043c   0x00000052   Code   RO         2491    .text               c_p.l(_printf_str.o)
    0x0800048e   0x0800048e   0x00000002   PAD
    0x08000490   0x08000490   0x0000006c   Code   RO         2493    .text               c_p.l(_printf_dec.o)
    0x080004fc   0x080004fc   0x00000188   Code   RO         2512    .text               c_p.l(__printf_flags_ss_wp.o)
    0x08000684   0x08000684   0x00000028   Code   RO         2519    .text               c_p.l(strstr.o)
    0x080006ac   0x080006ac   0x00000044   Code   RO         2521    .text               c_p.l(strlen.o)
    0x080006f0   0x080006f0   0x00000082   Code   RO         2524    .text               c_p.l(rt_memcpy.o)
    0x08000772   0x08000772   0x00000040   Code   RO         2527    .text               c_p.l(rt_memclr.o)
    0x080007b2   0x080007b2   0x00000002   PAD
    0x080007b4   0x080007b4   0x0000006c   Code   RO         2529    .text               c_p.l(strncpy.o)
    0x08000820   0x08000820   0x0000015a   Code   RO         2531    .text               c_p.l(aeabi_sdiv.o)
    0x0800097a   0x0800097a   0x00000006   Code   RO         2535    .text               c_p.l(heapauxi.o)
    0x08000980   0x08000980   0x0000004e   Code   RO         2548    .text               c_p.l(_printf_pad.o)
    0x080009ce   0x080009ce   0x00000024   Code   RO         2550    .text               c_p.l(_printf_truncate.o)
    0x080009f2   0x080009f2   0x000000b0   Code   RO         2552    .text               c_p.l(_printf_intcommon.o)
    0x08000aa2   0x08000aa2   0x00000026   Code   RO         2554    .text               c_p.l(_printf_charcount.o)
    0x08000ac8   0x08000ac8   0x00000030   Code   RO         2556    .text               c_p.l(_printf_char_common.o)
    0x08000af8   0x08000af8   0x0000000a   Code   RO         2558    .text               c_p.l(_sputc.o)
    0x08000b02   0x08000b02   0x00000010   Code   RO         2560    .text               c_p.l(_snputc.o)
    0x08000b12   0x08000b12   0x0000002e   Code   RO         2562    .text               c_p.l(_printf_char.o)
    0x08000b40   0x08000b40   0x000000bc   Code   RO         2564    .text               c_p.l(_printf_wctomb.o)
    0x08000bfc   0x08000bfc   0x00000070   Code   RO         2567    .text               c_p.l(_printf_longlong_dec.o)
    0x08000c6c   0x08000c6c   0x00000070   Code   RO         2573    .text               c_p.l(_printf_oct_int_ll.o)
    0x08000cdc   0x08000cdc   0x00000098   Code   RO         2593    .text               c_p.l(_printf_hex_int_ll_ptr.o)
    0x08000d74   0x08000d74   0x00000028   Code   RO         2616    .text               c_p.l(rtudiv10.o)
    0x08000d9c   0x08000d9c   0x0000007a   Code   RO         2643    .text               c_p.l(lludiv10.o)
    0x08000e16   0x08000e16   0x00000002   PAD
    0x08000e18   0x08000e18   0x00000418   Code   RO         2645    .text               c_p.l(_printf_fp_dec.o)
    0x08001230   0x08001230   0x000002d8   Code   RO         2647    .text               c_p.l(_printf_fp_hex.o)
    0x08001508   0x08001508   0x0000002e   Code   RO         2652    .text               c_p.l(_printf_wchar.o)
    0x08001536   0x08001536   0x00000040   Code   RO         2654    .text               c_p.l(_wcrtomb.o)
    0x08001576   0x08001576   0x0000003e   Code   RO         2656    .text               c_p.l(sys_stackheap_outer.o)
    0x080015b4   0x080015b4   0x00000010   Code   RO         2659    .text               c_p.l(rt_ctype_table.o)
    0x080015c4   0x080015c4   0x00000008   Code   RO         2664    .text               c_p.l(rt_locale_intlibspace.o)
    0x080015cc   0x080015cc   0x00000088   Code   RO         2666    .text               c_p.l(_printf_fp_infnan.o)
    0x08001654   0x08001654   0x000000d8   Code   RO         2668    .text               c_p.l(bigflt0.o)
    0x0800172c   0x0800172c   0x00000580   Code   RO         2671    .text               c_p.l(btod.o)
    0x08001cac   0x08001cac   0x00000010   Code   RO         2676    .text               c_p.l(exit.o)
    0x08001cbc   0x08001cbc   0x00000008   Code   RO         2693    .text               c_p.l(libspace.o)
    0x08001cc4   0x08001cc4   0x00000088   Code   RO         2708    .text               c_p.l(strcmp.o)
    0x08001d4c   0x08001d4c   0x0000000c   Code   RO         2755    .text               c_p.l(sys_exit.o)
    0x08001d58   0x08001d58   0x00000002   Code   RO         2774    .text               c_p.l(use_no_semi.o)
    0x08001d5a   0x08001d5a   0x00000000   Code   RO         2776    .text               c_p.l(indicate_semi.o)
    0x08001d5a   0x08001d5a   0x00000002   PAD
    0x08001d5c   0x08001d5c   0x000006d4   Code   RO         2323    i.A7600_MQTT_Connect  a7600_mqtt.o
    0x08002430   0x08002430   0x00000094   Code   RO         2324    i.A7600_MQTT_Disconnect  a7600_mqtt.o
    0x080024c4   0x080024c4   0x00000070   Code   RO         2328    i.A7600_MQTT_Init   a7600_mqtt.o
    0x08002534   0x08002534   0x0000000e   Code   RO         2329    i.A7600_MQTT_IsConnected  a7600_mqtt.o
    0x08002542   0x08002542   0x00000002   PAD
    0x08002544   0x08002544   0x000000ec   Code   RO         2330    i.A7600_MQTT_Process  a7600_mqtt.o
    0x08002630   0x08002630   0x00000264   Code   RO         2331    i.A7600_MQTT_Publish  a7600_mqtt.o
    0x08002894   0x08002894   0x00000024   Code   RO         2332    i.A7600_MQTT_PublishString  a7600_mqtt.o
    0x080028b8   0x080028b8   0x0000000a   Code   RO         2333    i.A7600_MQTT_SetMessageCallback  a7600_mqtt.o
    0x080028c2   0x080028c2   0x00000002   PAD
    0x080028c4   0x080028c4   0x00000080   Code   RO         2334    i.A7600_MQTT_Subscribe  a7600_mqtt.o
    0x08002944   0x08002944   0x00000068   Code   RO         2244    i.App_Connect       app.o
    0x080029ac   0x080029ac   0x00000114   Code   RO         2247    i.App_Init          app.o
    0x08002ac0   0x08002ac0   0x00000040   Code   RO         2249    i.App_PublishSensor  app.o
    0x08002b00   0x08002b00   0x00000040   Code   RO         2250    i.App_PublishStatus  app.o
    0x08002b40   0x08002b40   0x000000f8   Code   RO         2251    i.App_Run           app.o
    0x08002c38   0x08002c38   0x00000010   Code   RO          182    i.DMA1_Channel2_3_IRQHandler  stm32f0xx_it.o
    0x08002c48   0x08002c48   0x00000018   Code   RO          183    i.DMA1_Channel4_5_IRQHandler  stm32f0xx_it.o
    0x08002c60   0x08002c60   0x00000024   Code   RO         1591    i.DMA_CalcBaseAndBitshift  stm32f0xx_hal_dma.o
    0x08002c84   0x08002c84   0x00000028   Code   RO         1592    i.DMA_SetConfig     stm32f0xx_hal_dma.o
    0x08002cac   0x08002cac   0x00000068   Code   RO         2437    i.Debug_Log         debug_log.o
    0x08002d14   0x08002d14   0x00000018   Code   RO         2438    i.Debug_TxCpltCallback  debug_log.o
    0x08002d2c   0x08002d2c   0x00000004   Code   RO           12    i.Error_Handler     main.o
    0x08002d30   0x08002d30   0x00000040   Code   RO         1593    i.HAL_DMA_Abort     stm32f0xx_hal_dma.o
    0x08002d70   0x08002d70   0x00000048   Code   RO         1594    i.HAL_DMA_Abort_IT  stm32f0xx_hal_dma.o
    0x08002db8   0x08002db8   0x00000004   Code   RO         1596    i.HAL_DMA_GetError  stm32f0xx_hal_dma.o
    0x08002dbc   0x08002dbc   0x0000009c   Code   RO         1598    i.HAL_DMA_IRQHandler  stm32f0xx_hal_dma.o
    0x08002e58   0x08002e58   0x00000054   Code   RO         1599    i.HAL_DMA_Init      stm32f0xx_hal_dma.o
    0x08002eac   0x08002eac   0x0000006a   Code   RO         1603    i.HAL_DMA_Start_IT  stm32f0xx_hal_dma.o
    0x08002f16   0x08002f16   0x00000002   PAD
    0x08002f18   0x08002f18   0x00000024   Code   RO          870    i.HAL_Delay         stm32f0xx_hal.o
    0x08002f3c   0x08002f3c   0x000001a4   Code   RO         1532    i.HAL_GPIO_Init     stm32f0xx_hal_gpio.o
    0x080030e0   0x080030e0   0x0000000c   Code   RO         1536    i.HAL_GPIO_WritePin  stm32f0xx_hal_gpio.o
    0x080030ec   0x080030ec   0x0000000c   Code   RO          874    i.HAL_GetTick       stm32f0xx_hal.o
    0x080030f8   0x080030f8   0x00000010   Code   RO          880    i.HAL_IncTick       stm32f0xx_hal.o
    0x08003108   0x08003108   0x00000020   Code   RO          881    i.HAL_Init          stm32f0xx_hal.o
    0x08003128   0x08003128   0x00000044   Code   RO          882    i.HAL_InitTick      stm32f0xx_hal.o
    0x0800316c   0x0800316c   0x00000028   Code   RO          248    i.HAL_MspInit       stm32f0xx_hal_msp.o
    0x08003194   0x08003194   0x00000018   Code   RO         1691    i.HAL_NVIC_EnableIRQ  stm32f0xx_hal_cortex.o
    0x080031ac   0x080031ac   0x00000008   Code   RO         1695    i.HAL_NVIC_SetPriority  stm32f0xx_hal_cortex.o
    0x080031b4   0x080031b4   0x00000108   Code   RO          739    i.HAL_RCC_ClockConfig  stm32f0xx_hal_rcc.o
    0x080032bc   0x080032bc   0x00000020   Code   RO          746    i.HAL_RCC_GetPCLK1Freq  stm32f0xx_hal_rcc.o
    0x080032dc   0x080032dc   0x00000054   Code   RO          747    i.HAL_RCC_GetSysClockFreq  stm32f0xx_hal_rcc.o
    0x08003330   0x08003330   0x00000388   Code   RO          750    i.HAL_RCC_OscConfig  stm32f0xx_hal_rcc.o
    0x080036b8   0x080036b8   0x00000030   Code   RO         1699    i.HAL_SYSTICK_Config  stm32f0xx_hal_cortex.o
    0x080036e8   0x080036e8   0x00000002   Code   RO          316    i.HAL_UARTEx_RxEventCallback  stm32f0xx_hal_uart.o
    0x080036ea   0x080036ea   0x00000070   Code   RO          322    i.HAL_UART_AbortTransmit  stm32f0xx_hal_uart.o
    0x0800375a   0x0800375a   0x00000002   Code   RO          332    i.HAL_UART_ErrorCallback  stm32f0xx_hal_uart.o
    0x0800375c   0x0800375c   0x00000294   Code   RO          335    i.HAL_UART_IRQHandler  stm32f0xx_hal_uart.o
    0x080039f0   0x080039f0   0x0000006a   Code   RO          336    i.HAL_UART_Init     stm32f0xx_hal_uart.o
    0x08003a5a   0x08003a5a   0x00000002   PAD
    0x08003a5c   0x08003a5c   0x0000014c   Code   RO          250    i.HAL_UART_MspInit  stm32f0xx_hal_msp.o
    0x08003ba8   0x08003ba8   0x00000058   Code   RO          340    i.HAL_UART_Receive_DMA  stm32f0xx_hal_uart.o
    0x08003c00   0x08003c00   0x00000002   Code   RO          343    i.HAL_UART_RxCpltCallback  stm32f0xx_hal_uart.o
    0x08003c02   0x08003c02   0x00000002   Code   RO          344    i.HAL_UART_RxHalfCpltCallback  stm32f0xx_hal_uart.o
    0x08003c04   0x08003c04   0x000000ac   Code   RO          346    i.HAL_UART_Transmit_DMA  stm32f0xx_hal_uart.o
    0x08003cb0   0x08003cb0   0x00000030   Code   RO           13    i.HAL_UART_TxCpltCallback  main.o
    0x08003ce0   0x08003ce0   0x00000002   Code   RO          349    i.HAL_UART_TxHalfCpltCallback  stm32f0xx_hal_uart.o
    0x08003ce2   0x08003ce2   0x00000002   Code   RO          184    i.HardFault_Handler  stm32f0xx_it.o
    0x08003ce4   0x08003ce4   0x000000b4   Code   RO           14    i.MX_GPIO_Init      main.o
    0x08003d98   0x08003d98   0x00000038   Code   RO           15    i.MX_USART1_UART_Init  main.o
    0x08003dd0   0x08003dd0   0x00000038   Code   RO           16    i.MX_USART2_UART_Init  main.o
    0x08003e08   0x08003e08   0x00000002   Code   RO          185    i.NMI_Handler       stm32f0xx_it.o
    0x08003e0a   0x08003e0a   0x00000002   Code   RO          186    i.PendSV_Handler    stm32f0xx_it.o
    0x08003e0c   0x08003e0c   0x00000002   Code   RO          187    i.SVC_Handler       stm32f0xx_it.o
    0x08003e0e   0x08003e0e   0x00000008   Code   RO          188    i.SysTick_Handler   stm32f0xx_it.o
    0x08003e16   0x08003e16   0x0000005a   Code   RO           17    i.SystemClock_Config  main.o
    0x08003e70   0x08003e70   0x00000002   Code   RO         2132    i.SystemInit        system_stm32f0xx.o
    0x08003e72   0x08003e72   0x000000ca   Code   RO          350    i.UART_AdvFeatureConfig  stm32f0xx_hal_uart.o
    0x08003f3c   0x08003f3c   0x000000c4   Code   RO          351    i.UART_CheckIdleState  stm32f0xx_hal_uart.o
    0x08004000   0x08004000   0x00000014   Code   RO          352    i.UART_DMAAbortOnError  stm32f0xx_hal_uart.o
    0x08004014   0x08004014   0x0000004c   Code   RO          353    i.UART_DMAError     stm32f0xx_hal_uart.o
    0x08004060   0x08004060   0x00000098   Code   RO          354    i.UART_DMAReceiveCplt  stm32f0xx_hal_uart.o
    0x080040f8   0x080040f8   0x00000020   Code   RO          356    i.UART_DMARxHalfCplt  stm32f0xx_hal_uart.o
    0x08004118   0x08004118   0x0000004a   Code   RO          358    i.UART_DMATransmitCplt  stm32f0xx_hal_uart.o
    0x08004162   0x08004162   0x0000000a   Code   RO          360    i.UART_DMATxHalfCplt  stm32f0xx_hal_uart.o
    0x0800416c   0x0800416c   0x00000020   Code   RO         2165    i.UART_DMA_Available  uart_dma.o
    0x0800418c   0x0800418c   0x00000010   Code   RO         2167    i.UART_DMA_GetDMAPos  uart_dma.o
    0x0800419c   0x0800419c   0x00000010   Code   RO         2168    i.UART_DMA_IDLE_IRQHandler  uart_dma.o
    0x080041ac   0x080041ac   0x0000003e   Code   RO         2169    i.UART_DMA_Init     uart_dma.o
    0x080041ea   0x080041ea   0x0000000a   Code   RO         2170    i.UART_DMA_IsTxBusy  uart_dma.o
    0x080041f4   0x080041f4   0x00000036   Code   RO         2171    i.UART_DMA_Read     uart_dma.o
    0x0800422a   0x0800422a   0x00000044   Code   RO         2173    i.UART_DMA_Transmit  uart_dma.o
    0x0800426e   0x0800426e   0x00000018   Code   RO         2174    i.UART_DMA_TransmitString  uart_dma.o
    0x08004286   0x08004286   0x0000000c   Code   RO         2175    i.UART_DMA_TxCplt_Callback  uart_dma.o
    0x08004292   0x08004292   0x00000060   Code   RO          362    i.UART_EndRxTransfer  stm32f0xx_hal_uart.o
    0x080042f2   0x080042f2   0x00000020   Code   RO          363    i.UART_EndTxTransfer  stm32f0xx_hal_uart.o
    0x08004312   0x08004312   0x00000002   PAD
    0x08004314   0x08004314   0x00000130   Code   RO          366    i.UART_SetConfig    stm32f0xx_hal_uart.o
    0x08004444   0x08004444   0x000000ac   Code   RO          367    i.UART_Start_Receive_DMA  stm32f0xx_hal_uart.o
    0x080044f0   0x080044f0   0x00000096   Code   RO          371    i.UART_WaitOnFlagUntilTimeout  stm32f0xx_hal_uart.o
    0x08004586   0x08004586   0x00000002   PAD
    0x08004588   0x08004588   0x00000018   Code   RO          189    i.USART2_IRQHandler  stm32f0xx_it.o
    0x080045a0   0x080045a0   0x00000030   Code   RO          825    i.__ARM_common_ll_muluu  stm32f0xx_hal_rcc.o
    0x080045d0   0x080045d0   0x0000001a   Code   RO         1682    i.__ARM_common_switch8  stm32f0xx_hal_dma.o
    0x080045ea   0x080045ea   0x00000002   PAD
    0x080045ec   0x080045ec   0x0000002c   Code   RO         2691    i.__ARM_fpclassify  m_ps.l(fpclassify.o)
    0x08004618   0x08004618   0x00000044   Code   RO         1701    i.__NVIC_SetPriority  stm32f0xx_hal_cortex.o
    0x0800465c   0x0800465c   0x0000000e   Code   RO         2505    i._is_digit         c_p.l(__printf_wp.o)
    0x0800466a   0x0800466a   0x00000018   Code   RO         2337    i.clear_rx_buffer   a7600_mqtt.o
    0x08004682   0x08004682   0x00000002   PAD
    0x08004684   0x08004684   0x000000b0   Code   RO           18    i.main              main.o
    0x08004734   0x08004734   0x00000002   Code   RO         2252    i.mqtt_message_callback  app.o
    0x08004736   0x08004736   0x00000050   Code   RO         2338    i.send_and_wait     a7600_mqtt.o
    0x08004786   0x08004786   0x00000002   PAD
    0x08004788   0x08004788   0x0000007c   Code   RO         2339    i.wait_response     a7600_mqtt.o
    0x08004804   0x08004804   0x0000002c   Code   RO         2674    locale$$code        c_p.l(lc_numeric_c.o)
    0x08004830   0x08004830   0x0000002c   Code   RO         2702    locale$$code        c_p.l(lc_ctype_c.o)
    0x0800485c   0x0800485c   0x00000010   Code   RO         2618    x$fpl$printf1       fz_ps.l(printf1.o)
    0x0800486c   0x0800486c   0x00000010   Code   RO         2620    x$fpl$printf2       fz_ps.l(printf2.o)
    0x0800487c   0x0800487c   0x00000000   Code   RO         2690    x$fpl$usenofp       fz_ps.l(usenofp.o)
    0x0800487c   0x0800487c   0x00000020   Data   RO          751    .constdata          stm32f0xx_hal_rcc.o
    0x0800489c   0x0800489c   0x00000010   Data   RO         2133    .constdata          system_stm32f0xx.o
    0x080048ac   0x080048ac   0x00000008   Data   RO         2134    .constdata          system_stm32f0xx.o
    0x080048b4   0x080048b4   0x000000a6   Data   RO         2255    .constdata          app.o
    0x0800495a   0x0800495a   0x00000011   Data   RO         2513    .constdata          c_p.l(__printf_flags_ss_wp.o)
    0x0800496b   0x0800496b   0x00000001   PAD
    0x0800496c   0x0800496c   0x00000008   Data   RO         2565    .constdata          c_p.l(_printf_wctomb.o)
    0x08004974   0x08004974   0x00000028   Data   RO         2594    .constdata          c_p.l(_printf_hex_int_ll_ptr.o)
    0x0800499c   0x0800499c   0x00000026   Data   RO         2648    .constdata          c_p.l(_printf_fp_hex.o)
    0x080049c2   0x080049c2   0x00000002   PAD
    0x080049c4   0x080049c4   0x00000094   Data   RO         2669    .constdata          c_p.l(bigflt0.o)
    0x08004a58   0x08004a58   0x00000020   Data   RO         2826    Region$$Table       anon$$obj.o
    0x08004a78   0x08004a78   0x0000001c   Data   RO         2673    locale$$data        c_p.l(lc_numeric_c.o)
    0x08004a94   0x08004a94   0x00000110   Data   RO         2701    locale$$data        c_p.l(lc_ctype_c.o)


    Execution Region RW_IRAM1 (Exec base: 0x20000000, Load base: 0x08004ba4, Size: 0x00001030, Max: 0x00002000, ABSOLUTE)

    Exec Addr    Load Addr    Size         Type   Attr      Idx    E Section Name        Object

    0x20000000   0x08004ba4   0x0000000c   Data   RW          888    .data               stm32f0xx_hal.o
    0x2000000c   0x08004bb0   0x00000004   Data   RW         2135    .data               system_stm32f0xx.o
    0x20000010   0x08004bb4   0x00000001   Data   RW         2440    .data               debug_log.o
    0x20000011   0x08004bb5   0x00000003   PAD
    0x20000014        -       0x0000066c   Zero   RW           19    .bss                main.o
    0x20000680        -       0x00000044   Zero   RW           20    .bss                main.o
    0x200006c4        -       0x00000044   Zero   RW           21    .bss                main.o
    0x20000708        -       0x00000044   Zero   RW           22    .bss                main.o
    0x2000074c        -       0x00000080   Zero   RW         2253    .bss                app.o
    0x200007cc        -       0x00000200   Zero   RW         2439    .bss                debug_log.o
    0x200009cc        -       0x00000060   Zero   RW         2694    .bss                c_p.l(libspace.o)
    0x20000a2c   0x08004bb5   0x00000004   PAD
    0x20000a30        -       0x00000200   Zero   RW            2    HEAP                startup_stm32f030x8.o
    0x20000c30        -       0x00000400   Zero   RW            1    STACK               startup_stm32f030x8.o


==============================================================================

Image component sizes


      Code (inc. data)   RO Data    RW Data    ZI Data      Debug   Object Name

      3272       1480          0          0          0       9872   a7600_mqtt.o
       758        284        166          0        128       4638   app.o
       128         24          0          1        512       2464   debug_log.o
       610         70          0          0       1848     241688   main.o
        56         26        180          0       1536        636   startup_stm32f030x8.o
       164         30          0         12          0       7885   stm32f0xx_hal.o
       148         24          0          0          0      10301   stm32f0xx_hal_cortex.o
       588         16          0          0          0       6045   stm32f0xx_hal_dma.o
       432         24          0          0          0       2128   stm32f0xx_hal_gpio.o
       372         36          0          0          0       1912   stm32f0xx_hal_msp.o
      1332         64         32          0          0       4585   stm32f0xx_hal_rcc.o
      2664         68          0          0          0      24632   stm32f0xx_hal_uart.o
        80         22          0          0          0       3533   stm32f0xx_it.o
         2          0         24          4          0       1111   system_stm32f0xx.o
       294          0          0          0          0       5776   uart_dma.o

    ----------------------------------------------------------------------
     10918       2168        434         20       4024     327206   Object Totals
         0          0         32          0          0          0   (incl. Generated)
        18          0          0          3          0          0   (incl. Padding)

    ----------------------------------------------------------------------

      Code (inc. data)   RO Data    RW Data    ZI Data      Debug   Library Member Name

        60          6          0          0          0         92   __2snprintf.o
         8          0          0          0          0         68   __main.o
       392          6         17          0          0         76   __printf_flags_ss_wp.o
        14          0          0          0          0         60   __printf_wp.o
         0          0          0          0          0          0   __rtentry.o
        12          0          0          0          0          0   __rtentry2.o
         6          0          0          0          0          0   __rtentry4.o
        60          8          0          0          0          0   __scatter.o
        26          0          0          0          0          0   __scatter_copy.o
        28          0          0          0          0          0   __scatter_zi.o
        10          0          0          0          0          0   _printf_a.o
        10          0          0          0          0          0   _printf_c.o
        46          0          0          0          0        100   _printf_char.o
        48          6          0          0          0         88   _printf_char_common.o
        38          0          0          0          0         60   _printf_charcount.o
        10          0          0          0          0          0   _printf_d.o
       108         18          0          0          0         76   _printf_dec.o
        10          0          0          0          0          0   _printf_e.o
        10          0          0          0          0          0   _printf_f.o
      1048         14          0          0          0        176   _printf_fp_dec.o
       728         10         38          0          0         84   _printf_fp_hex.o
       136         16          0          0          0         76   _printf_fp_infnan.o
        10          0          0          0          0          0   _printf_g.o
       152          4         40          0          0        148   _printf_hex_int_ll_ptr.o
        10          0          0          0          0          0   _printf_i.o
       176          0          0          0          0         84   _printf_intcommon.o
        10          0          0          0          0          0   _printf_l.o
        10          0          0          0          0          0   _printf_lc.o
        10          0          0          0          0          0   _printf_ll.o
        10          0          0          0          0          0   _printf_lld.o
        10          0          0          0          0          0   _printf_lli.o
        10          0          0          0          0          0   _printf_llo.o
        10          0          0          0          0          0   _printf_llu.o
        10          0          0          0          0          0   _printf_llx.o
       112         18          0          0          0         76   _printf_longlong_dec.o
        10          0          0          0          0          0   _printf_ls.o
        10          0          0          0          0          0   _printf_n.o
        10          0          0          0          0          0   _printf_o.o
       112         10          0          0          0        112   _printf_oct_int_ll.o
        10          0          0          0          0          0   _printf_p.o
        78          0          0          0          0        100   _printf_pad.o
         2          0          0          0          0          0   _printf_percent.o
         4          0          0          0          0          0   _printf_percent_end.o
        10          0          0          0          0          0   _printf_s.o
        82          0          0          0          0         72   _printf_str.o
        36          0          0          0          0         76   _printf_truncate.o
        10          0          0          0          0          0   _printf_u.o
        46          0          0          0          0        100   _printf_wchar.o
       188          6          8          0          0         80   _printf_wctomb.o
        10          0          0          0          0          0   _printf_x.o
        16          0          0          0          0         60   _snputc.o
        10          0          0          0          0         60   _sputc.o
        64          0          0          0          0         72   _wcrtomb.o
       346          0          0          0          0         92   aeabi_sdiv.o
       216          6        148          0          0         80   bigflt0.o
      1408         30          0          0          0        260   btod.o
        16          0          0          0          0         68   exit.o
         6          0          0          0          0        136   heapauxi.o
         0          0          0          0          0          0   indicate_semi.o
        44         10        272          0          0         76   lc_ctype_c.o
        44         10         28          0          0         76   lc_numeric_c.o
         2          0          0          0          0          0   libinit.o
        30          0          0          0          0          0   libinit2.o
         2          0          0          0          0          0   libshutdown.o
         2          0          0          0          0          0   libshutdown2.o
         8          4          0          0         96         68   libspace.o
       258          0          0          0          0         88   lludiv.o
       122          0          0          0          0         72   lludiv10.o
        16          4          0          0          0         76   rt_ctype_table.o
         8          4          0          0          0         68   rt_locale_intlibspace.o
        64          0          0          0          0        108   rt_memclr.o
       186          0          0          0          0        144   rt_memcpy.o
         2          0          0          0          0          0   rtexit.o
        10          0          0          0          0          0   rtexit2.o
        40          0          0          0          0         60   rtudiv10.o
       136          4          0          0          0         72   strcmp.o
        68          6          0          0          0         72   strlen.o
       108          4          0          0          0         76   strncpy.o
        40          0          0          0          0         72   strstr.o
        12          4          0          0          0         60   sys_exit.o
        62          0          0          0          0         80   sys_stackheap_outer.o
         2          0          0          0          0         68   use_no_semi.o
        56          6          0          0          0         72   vsnprintf.o
        16          4          0          0          0         76   printf1.o
        16          4          0          0          0         76   printf2.o
         0          0          0          0          0          0   usenofp.o
        44          4          0          0          0         60   fpclassify.o

    ----------------------------------------------------------------------
      7458        226        554          0        100       4252   Library Totals
        12          0          3          0          4          0   (incl. Padding)

    ----------------------------------------------------------------------

      Code (inc. data)   RO Data    RW Data    ZI Data      Debug   Library Name

      7370        214        551          0         96       4040   c_p.l
        32          8          0          0          0        152   fz_ps.l
        44          4          0          0          0         60   m_ps.l

    ----------------------------------------------------------------------
      7458        226        554          0        100       4252   Library Totals

    ----------------------------------------------------------------------

==============================================================================


      Code (inc. data)   RO Data    RW Data    ZI Data      Debug   

     18376       2394        988         20       4124     325406   Grand Totals
     18376       2394        988         20       4124     325406   ELF Image Totals
     18376       2394        988         20          0          0   ROM Totals

==============================================================================

    Total RO  Size (Code + RO Data)                19364 (  18.91kB)
    Total RW  Size (RW Data + ZI Data)              4144 (   4.05kB)
    Total ROM Size (Code + RO Data + RW Data)      19384 (  18.93kB)

==============================================================================

